#-----------------------------------------------------------
# Vivado v2024.2 (64-bit)
# SW Build 5239630 on Fri Nov 08 22:34:34 MST 2024
# IP Build 5239520 on Sun Nov 10 16:12:51 MST 2024
# SharedData Build 5239561 on Fri Nov 08 14:39:27 MST 2024
# Start of session at: Sat Dec 13 16:49:53 2025
# Process ID         : 451117
# Current directory  : /home/linux/ieng6/students/162/mak025/chole_bhature/project_files/project5_bnn/hls_streaming
# Command line       : vivado
# Log file           : /home/linux/ieng6/students/162/mak025/chole_bhature/project_files/project5_bnn/hls_streaming/vivado.log
# Journal file       : /home/linux/ieng6/students/162/mak025/chole_bhature/project_files/project5_bnn/hls_streaming/vivado.jou
# Running On         : ieng6-304.ucsd.edu
# Platform           : Linuxmint
# Operating System   : Linux Mint 22.1
# Processor Detail   : Intel(R) Xeon(R) Gold 5220 CPU @ 2.20GHz
# CPU Frequency      : 2194.843 MHz
# CPU Physical cores : 4
# CPU Logical cores  : 4
# Host memory        : 33655 MB
# Swap memory        : 1023 MB
# Total Virtual      : 34679 MB
# Available Virtual  : 25426 MB
#-----------------------------------------------------------
start_gui
WARNING: [Board 49-26] cannot add Board Part xilinx.com:zcu208ld:part0:2.0 available at /software/common/Xilinx_Vitis/Vivado/2024.2/data/xhub/boards/XilinxBoardStore/boards/Xilinx/zcu208ld/production/2.0/board.xml as part xczu58dr-fsvg1517-2-i specified in board_part file is either invalid or not available
WARNING: [Board 49-26] cannot add Board Part xilinx.com:zcu216ld:part0:2.0 available at /software/common/Xilinx_Vitis/Vivado/2024.2/data/xhub/boards/XilinxBoardStore/boards/Xilinx/zcu216ld/production/2.0/board.xml as part xczu59dr-ffvf1760-2-i specified in board_part file is either invalid or not available
WARNING: [Board 49-26] cannot add Board Part xilinx.com:zcu670ld:part0:1.0 available at /software/common/Xilinx_Vitis/Vivado/2024.2/data/xhub/boards/XilinxBoardStore/boards/Xilinx/zcu670ld/1.0/board.xml as part xczu57dr-fsve1156-2-i specified in board_part file is either invalid or not available
WARNING: [Board 49-26] cannot add Board Part xilinx.com:zcu208ld:part0:2.0 available at /software/common/Xilinx_Vitis/Vivado/2024.2/data/xhub/boards/XilinxBoardStore/boards/Xilinx/zcu208ld/production/2.0/board.xml as part xczu58dr-fsvg1517-2-i specified in board_part file is either invalid or not available
WARNING: [Board 49-26] cannot add Board Part xilinx.com:zcu216ld:part0:2.0 available at /software/common/Xilinx_Vitis/Vivado/2024.2/data/xhub/boards/XilinxBoardStore/boards/Xilinx/zcu216ld/production/2.0/board.xml as part xczu59dr-ffvf1760-2-i specified in board_part file is either invalid or not available
WARNING: [Board 49-26] cannot add Board Part xilinx.com:zcu670ld:part0:1.0 available at /software/common/Xilinx_Vitis/Vivado/2024.2/data/xhub/boards/XilinxBoardStore/boards/Xilinx/zcu670ld/1.0/board.xml as part xczu57dr-fsve1156-2-i specified in board_part file is either invalid or not available
WARNING: [Board 49-26] cannot add Board Part xilinx.com:zcu208ld:part0:2.0 available at /software/common/Xilinx_Vitis/Vivado/2024.2/data/xhub/boards/XilinxBoardStore/boards/Xilinx/zcu208ld/production/2.0/board.xml as part xczu58dr-fsvg1517-2-i specified in board_part file is either invalid or not available
WARNING: [Board 49-26] cannot add Board Part xilinx.com:zcu216ld:part0:2.0 available at /software/common/Xilinx_Vitis/Vivado/2024.2/data/xhub/boards/XilinxBoardStore/boards/Xilinx/zcu216ld/production/2.0/board.xml as part xczu59dr-ffvf1760-2-i specified in board_part file is either invalid or not available
WARNING: [Board 49-26] cannot add Board Part xilinx.com:zcu670ld:part0:1.0 available at /software/common/Xilinx_Vitis/Vivado/2024.2/data/xhub/boards/XilinxBoardStore/boards/Xilinx/zcu670ld/1.0/board.xml as part xczu57dr-fsve1156-2-i specified in board_part file is either invalid or not available
WARNING: [Board 49-26] cannot add Board Part xilinx.com:zcu208ld:part0:2.0 available at /software/common/Xilinx_Vitis/Vivado/2024.2/data/xhub/boards/XilinxBoardStore/boards/Xilinx/zcu208ld/production/2.0/board.xml as part xczu58dr-fsvg1517-2-i specified in board_part file is either invalid or not available
WARNING: [Board 49-26] cannot add Board Part xilinx.com:zcu216ld:part0:2.0 available at /software/common/Xilinx_Vitis/Vivado/2024.2/data/xhub/boards/XilinxBoardStore/boards/Xilinx/zcu216ld/production/2.0/board.xml as part xczu59dr-ffvf1760-2-i specified in board_part file is either invalid or not available
WARNING: [Board 49-26] cannot add Board Part xilinx.com:zcu670ld:part0:1.0 available at /software/common/Xilinx_Vitis/Vivado/2024.2/data/xhub/boards/XilinxBoardStore/boards/Xilinx/zcu670ld/1.0/board.xml as part xczu57dr-fsve1156-2-i specified in board_part file is either invalid or not available
create_project pynq_bnn /home/linux/ieng6/students/162/mak025/chole_bhature/project_files/project5_bnn/hls_streaming/pynq_bnn -part xc7z020clg400-1
INFO: [IP_Flow 19-234] Refreshing IP repositories
INFO: [IP_Flow 19-1704] No user IP repositories specified
INFO: [IP_Flow 19-2313] Loaded Vivado IP repository '/software/common/Xilinx_Vitis/Vivado/2024.2/data/ip'.
create_bd_design "chole_bhature"
Wrote  : </home/linux/ieng6/students/162/mak025/chole_bhature/project_files/project5_bnn/hls_streaming/pynq_bnn/pynq_bnn.srcs/sources_1/bd/chole_bhature/chole_bhature.bd> 
update_compile_order -fileset sources_1
startgroup
create_bd_cell -type ip -vlnv xilinx.com:ip:processing_system7:5.5 processing_system7_0
endgroup
set_property  ip_repo_paths  /home/linux/ieng6/students/162/mak025/chole_bhature/project_files/project5_bnn/hls_streaming/bnn.comp/hls/impl/ip [current_project]
update_ip_catalog
INFO: [IP_Flow 19-234] Refreshing IP repositories
INFO: [IP_Flow 19-1700] Loaded user IP repository '/home/linux/ieng6/students/162/mak025/chole_bhature/project_files/project5_bnn/hls_streaming/bnn.comp/hls/impl/ip'.
startgroup
create_bd_cell -type ip -vlnv xilinx.com:hls:bnn:1.0 bnn_0
endgroup
set_property location {1 39 -98} [get_bd_cells bnn_0]
WARNING: [IP_Flow 19-474] Invalid Parameter 'Component_Name'
set_property CONFIG.PCW_USE_S_AXI_HP0 {1} [get_bd_cells processing_system7_0]
startgroup
create_bd_cell -type ip -vlnv xilinx.com:ip:axi_dma:7.1 axi_dma_0
endgroup
set_property location {2 456 -370} [get_bd_cells axi_dma_0]
set_property location {0.5 108 -356} [get_bd_cells processing_system7_0]
set_property location {2.5 802 -369} [get_bd_cells bnn_0]
set_property CONFIG.c_include_sg {0} [get_bd_cells axi_dma_0]
connect_bd_intf_net [get_bd_intf_pins axi_dma_0/M_AXIS_MM2S] [get_bd_intf_pins bnn_0/in_r]
connect_bd_intf_net [get_bd_intf_pins bnn_0/out_r] [get_bd_intf_pins axi_dma_0/S_AXIS_S2MM]
WARNING: [Boardtcl 53-1] No current board_part set.
apply_bd_automation -rule xilinx.com:bd_rule:processing_system7 -config {make_external "FIXED_IO, DDR" Master "Disable" Slave "Disable" }  [get_bd_cells processing_system7_0]
startgroup
apply_bd_automation -rule xilinx.com:bd_rule:axi4 -config { Clk_master {Auto} Clk_slave {Auto} Clk_xbar {Auto} Master {/processing_system7_0/M_AXI_GP0} Slave {/axi_dma_0/S_AXI_LITE} ddr_seg {Auto} intc_ip {New AXI SmartConnect} master_apm {0}}  [get_bd_intf_pins axi_dma_0/S_AXI_LITE]
Slave segment '/axi_dma_0/S_AXI_LITE/Reg' is being assigned into address space '/processing_system7_0/Data' at <0x41E0_0000 [ 64K ]>.
apply_bd_automation -rule xilinx.com:bd_rule:axi4 -config { Clk_master {Auto} Clk_slave {Auto} Clk_xbar {Auto} Master {/processing_system7_0/M_AXI_GP0} Slave {/bnn_0/s_axi_control} ddr_seg {Auto} intc_ip {New AXI SmartConnect} master_apm {0}}  [get_bd_intf_pins bnn_0/s_axi_control]
Slave segment '/bnn_0/s_axi_control/Reg' is being assigned into address space '/processing_system7_0/Data' at <0x4000_0000 [ 64K ]>.
apply_bd_automation -rule xilinx.com:bd_rule:axi4 -config { Clk_master {Auto} Clk_slave {Auto} Clk_xbar {Auto} Master {/axi_dma_0/M_AXI_MM2S} Slave {/processing_system7_0/S_AXI_HP0} ddr_seg {Auto} intc_ip {New AXI Interconnect} master_apm {0}}  [get_bd_intf_pins processing_system7_0/S_AXI_HP0]
Slave segment '/processing_system7_0/S_AXI_HP0/HP0_DDR_LOWOCM' is being assigned into address space '/axi_dma_0/Data_MM2S' at <0x0000_0000 [ 512M ]>.
endgroup
apply_bd_automation -rule xilinx.com:bd_rule:axi4 -config { Clk_master {Auto} Clk_slave {/processing_system7_0/FCLK_CLK0 (50 MHz)} Clk_xbar {/processing_system7_0/FCLK_CLK0 (50 MHz)} Master {/axi_dma_0/M_AXI_S2MM} Slave {/processing_system7_0/S_AXI_HP0} ddr_seg {Auto} intc_ip {/axi_mem_intercon} master_apm {0}}  [get_bd_intf_pins axi_dma_0/M_AXI_S2MM]
INFO: [BD 41-3093] Triggering Legacy Auto Assign Algorithm
Slave segment '/processing_system7_0/S_AXI_HP0/HP0_DDR_LOWOCM' is being assigned into address space '/axi_dma_0/Data_S2MM' at <0x0000_0000 [ 512M ]>.
make_wrapper -files [get_files /home/linux/ieng6/students/162/mak025/chole_bhature/project_files/project5_bnn/hls_streaming/pynq_bnn/pynq_bnn.srcs/sources_1/bd/chole_bhature/chole_bhature.bd] -top
INFO: [BD 5-943] Reserving offset range <0x41E0_0000 [ 64K ]> from slave interface '/axi_smc/S00_AXI' to master interface '/axi_smc/M00_AXI'. This will be used by smartconnect on path for routing.
INFO: [BD 5-943] Reserving offset range <0x4000_0000 [ 64K ]> from slave interface '/axi_smc/S00_AXI' to master interface '/axi_smc/M01_AXI'. This will be used by smartconnect on path for routing.
INFO: [xilinx.com:ip:smartconnect:1.0-1] chole_bhature_axi_smc_0: SmartConnect chole_bhature_axi_smc_0 is in Low-Area Mode.
WARNING: [xilinx.com:ip:smartconnect:1.0-1] chole_bhature_axi_smc_0: IP chole_bhature_axi_smc_0 is configured in Low-area mode as all propagated traffic is low-bandwidth (AXI4LITE). SI S00_AXI has property HAS_BURST == 1. WRAP bursts are not supported in Low-area mode and will result in DECERR if received.
WARNING: [xilinx.com:ip:smartconnect:1.0-1] chole_bhature_axi_smc_0: If WRAP transactions are required then turn off Low-area mode using ADVANCED_PROPERTIES. Execute following: set_property CONFIG.ADVANCED_PROPERTIES {__experimental_features__ {disable_low_area_mode 1}} [get_bd_cells /chole_bhature_axi_smc_0]
Wrote  : </home/linux/ieng6/students/162/mak025/chole_bhature/project_files/project5_bnn/hls_streaming/pynq_bnn/pynq_bnn.srcs/sources_1/bd/chole_bhature/chole_bhature.bd> 
Wrote  : </home/linux/ieng6/students/162/mak025/chole_bhature/project_files/project5_bnn/hls_streaming/pynq_bnn/pynq_bnn.srcs/sources_1/bd/chole_bhature/ui/bd_77ce9853.ui> 
WARNING: [BD 41-2384] Width mismatch when connecting pin: '/axi_mem_intercon/m00_couplers/auto_pc/m_axi_rid'(1) to pin: '/axi_mem_intercon/m00_couplers/M_AXI_rid'(6) - Only lower order bits will be connected.
WARNING: [BD 41-2384] Width mismatch when connecting pin: '/axi_mem_intercon/m00_couplers/auto_pc/m_axi_bid'(1) to pin: '/axi_mem_intercon/m00_couplers/M_AXI_bid'(6) - Only lower order bits will be connected.
WARNING: [BD 41-2384] Width mismatch when connecting pin: '/processing_system7_0/S_AXI_HP0_WID'(6) to pin: '/axi_mem_intercon/M00_AXI_wid'(1) - Only lower order bits will be connected.
WARNING: [BD 41-2384] Width mismatch when connecting pin: '/processing_system7_0/S_AXI_HP0_AWID'(6) to pin: '/axi_mem_intercon/M00_AXI_awid'(1) - Only lower order bits will be connected.
WARNING: [BD 41-2384] Width mismatch when connecting pin: '/processing_system7_0/S_AXI_HP0_ARID'(6) to pin: '/axi_mem_intercon/M00_AXI_arid'(1) - Only lower order bits will be connected.
Verilog Output written to : /home/linux/ieng6/students/162/mak025/chole_bhature/project_files/project5_bnn/hls_streaming/pynq_bnn/pynq_bnn.gen/sources_1/bd/chole_bhature/synth/chole_bhature.v
WARNING: [BD 41-2384] Width mismatch when connecting pin: '/axi_mem_intercon/m00_couplers/auto_pc/m_axi_rid'(1) to pin: '/axi_mem_intercon/m00_couplers/M_AXI_rid'(6) - Only lower order bits will be connected.
WARNING: [BD 41-2384] Width mismatch when connecting pin: '/axi_mem_intercon/m00_couplers/auto_pc/m_axi_bid'(1) to pin: '/axi_mem_intercon/m00_couplers/M_AXI_bid'(6) - Only lower order bits will be connected.
WARNING: [BD 41-2384] Width mismatch when connecting pin: '/processing_system7_0/S_AXI_HP0_WID'(6) to pin: '/axi_mem_intercon/M00_AXI_wid'(1) - Only lower order bits will be connected.
WARNING: [BD 41-2384] Width mismatch when connecting pin: '/processing_system7_0/S_AXI_HP0_AWID'(6) to pin: '/axi_mem_intercon/M00_AXI_awid'(1) - Only lower order bits will be connected.
WARNING: [BD 41-2384] Width mismatch when connecting pin: '/processing_system7_0/S_AXI_HP0_ARID'(6) to pin: '/axi_mem_intercon/M00_AXI_arid'(1) - Only lower order bits will be connected.
Verilog Output written to : /home/linux/ieng6/students/162/mak025/chole_bhature/project_files/project5_bnn/hls_streaming/pynq_bnn/pynq_bnn.gen/sources_1/bd/chole_bhature/sim/chole_bhature.v
Verilog Output written to : /home/linux/ieng6/students/162/mak025/chole_bhature/project_files/project5_bnn/hls_streaming/pynq_bnn/pynq_bnn.gen/sources_1/bd/chole_bhature/hdl/chole_bhature_wrapper.v
make_wrapper: Time (s): cpu = 00:00:11 ; elapsed = 00:00:13 . Memory (MB): peak = 8273.316 ; gain = 168.875 ; free physical = 15671 ; free virtual = 22932
add_files -norecurse /home/linux/ieng6/students/162/mak025/chole_bhature/project_files/project5_bnn/hls_streaming/pynq_bnn/pynq_bnn.gen/sources_1/bd/chole_bhature/hdl/chole_bhature_wrapper.v
launch_runs impl_1 -to_step write_bitstream -jobs 4
INFO: [BD 41-1662] The design 'chole_bhature.bd' is already validated. Therefore parameter propagation will not be re-run.
Wrote  : </home/linux/ieng6/students/162/mak025/chole_bhature/project_files/project5_bnn/hls_streaming/pynq_bnn/pynq_bnn.srcs/sources_1/bd/chole_bhature/ui/bd_77ce9853.ui> 
WARNING: [BD 41-2384] Width mismatch when connecting pin: '/axi_mem_intercon/m00_couplers/auto_pc/m_axi_rid'(1) to pin: '/axi_mem_intercon/m00_couplers/M_AXI_rid'(6) - Only lower order bits will be connected.
WARNING: [BD 41-2384] Width mismatch when connecting pin: '/axi_mem_intercon/m00_couplers/auto_pc/m_axi_bid'(1) to pin: '/axi_mem_intercon/m00_couplers/M_AXI_bid'(6) - Only lower order bits will be connected.
WARNING: [BD 41-2384] Width mismatch when connecting pin: '/processing_system7_0/S_AXI_HP0_WID'(6) to pin: '/axi_mem_intercon/M00_AXI_wid'(1) - Only lower order bits will be connected.
WARNING: [BD 41-2384] Width mismatch when connecting pin: '/processing_system7_0/S_AXI_HP0_AWID'(6) to pin: '/axi_mem_intercon/M00_AXI_awid'(1) - Only lower order bits will be connected.
WARNING: [BD 41-2384] Width mismatch when connecting pin: '/processing_system7_0/S_AXI_HP0_ARID'(6) to pin: '/axi_mem_intercon/M00_AXI_arid'(1) - Only lower order bits will be connected.
Verilog Output written to : /home/linux/ieng6/students/162/mak025/chole_bhature/project_files/project5_bnn/hls_streaming/pynq_bnn/pynq_bnn.gen/sources_1/bd/chole_bhature/synth/chole_bhature.v
WARNING: [BD 41-2384] Width mismatch when connecting pin: '/axi_mem_intercon/m00_couplers/auto_pc/m_axi_rid'(1) to pin: '/axi_mem_intercon/m00_couplers/M_AXI_rid'(6) - Only lower order bits will be connected.
WARNING: [BD 41-2384] Width mismatch when connecting pin: '/axi_mem_intercon/m00_couplers/auto_pc/m_axi_bid'(1) to pin: '/axi_mem_intercon/m00_couplers/M_AXI_bid'(6) - Only lower order bits will be connected.
WARNING: [BD 41-2384] Width mismatch when connecting pin: '/processing_system7_0/S_AXI_HP0_WID'(6) to pin: '/axi_mem_intercon/M00_AXI_wid'(1) - Only lower order bits will be connected.
WARNING: [BD 41-2384] Width mismatch when connecting pin: '/processing_system7_0/S_AXI_HP0_AWID'(6) to pin: '/axi_mem_intercon/M00_AXI_awid'(1) - Only lower order bits will be connected.
WARNING: [BD 41-2384] Width mismatch when connecting pin: '/processing_system7_0/S_AXI_HP0_ARID'(6) to pin: '/axi_mem_intercon/M00_AXI_arid'(1) - Only lower order bits will be connected.
Verilog Output written to : /home/linux/ieng6/students/162/mak025/chole_bhature/project_files/project5_bnn/hls_streaming/pynq_bnn/pynq_bnn.gen/sources_1/bd/chole_bhature/sim/chole_bhature.v
Verilog Output written to : /home/linux/ieng6/students/162/mak025/chole_bhature/project_files/project5_bnn/hls_streaming/pynq_bnn/pynq_bnn.gen/sources_1/bd/chole_bhature/hdl/chole_bhature_wrapper.v
INFO: [IP_Flow 19-5611] Unable to find an associated reset port for the interface 'M_AXI_GP0'. A default connection has been created.
INFO: [IP_Flow 19-5611] Unable to find an associated reset port for the interface 'S_AXI_HP0'. A default connection has been created.
INFO: [BD 41-1029] Generation completed for the IP Integrator block processing_system7_0 .
INFO: [BD 41-1029] Generation completed for the IP Integrator block bnn_0 .
INFO: [BD 41-1029] Generation completed for the IP Integrator block axi_dma_0 .
WARNING: [BD 41-2384] Width mismatch when connecting pin: '/s00_nodes/s00_ar_node/s_sc_payld'(145) to pin: '/s00_nodes/S_SC_AR_payld'(141) - Only lower order bits will be connected.
WARNING: [BD 41-2384] Width mismatch when connecting pin: '/s00_nodes/s00_aw_node/s_sc_payld'(145) to pin: '/s00_nodes/S_SC_AW_payld'(141) - Only lower order bits will be connected.
WARNING: [BD 41-2384] Width mismatch when connecting pin: '/m00_nodes/m00_r_node/s_sc_payld'(55) to pin: '/m00_nodes/S_SC_R_payld'(53) - Only lower order bits will be connected.
WARNING: [BD 41-2384] Width mismatch when connecting pin: '/m00_nodes/m00_b_node/s_sc_payld'(9) to pin: '/m00_nodes/S_SC_B_payld'(7) - Only lower order bits will be connected.
WARNING: [BD 41-2384] Width mismatch when connecting pin: '/m01_nodes/m01_r_node/s_sc_payld'(55) to pin: '/m01_nodes/S_SC_R_payld'(53) - Only lower order bits will be connected.
WARNING: [BD 41-2384] Width mismatch when connecting pin: '/m01_nodes/m01_b_node/s_sc_payld'(9) to pin: '/m01_nodes/S_SC_B_payld'(7) - Only lower order bits will be connected.
WARNING: [BD 41-2384] Width mismatch when connecting pin: '/s00_axi2sc/s_sc_r_payld'(53) to pin: '/s00_nodes/M_SC_R_payld'(55) - Only lower order bits will be connected.
WARNING: [BD 41-2384] Width mismatch when connecting pin: '/s00_axi2sc/s_sc_b_payld'(7) to pin: '/s00_nodes/M_SC_B_payld'(9) - Only lower order bits will be connected.
WARNING: [BD 41-2384] Width mismatch when connecting pin: '/m00_sc2axi/s_sc_ar_payld'(141) to pin: '/m00_nodes/M_SC_AR_payld'(145) - Only lower order bits will be connected.
WARNING: [BD 41-2384] Width mismatch when connecting pin: '/m00_sc2axi/s_sc_aw_payld'(141) to pin: '/m00_nodes/M_SC_AW_payld'(145) - Only lower order bits will be connected.
WARNING: [BD 41-2384] Width mismatch when connecting pin: '/m01_sc2axi/s_sc_ar_payld'(141) to pin: '/m01_nodes/M_SC_AR_payld'(145) - Only lower order bits will be connected.
WARNING: [BD 41-2384] Width mismatch when connecting pin: '/m01_sc2axi/s_sc_aw_payld'(141) to pin: '/m01_nodes/M_SC_AW_payld'(145) - Only lower order bits will be connected.
WARNING: [BD 41-2384] Width mismatch when connecting pin: '/s00_nodes/s00_ar_node/s_sc_payld'(145) to pin: '/s00_nodes/S_SC_AR_payld'(141) - Only lower order bits will be connected.
WARNING: [BD 41-2384] Width mismatch when connecting pin: '/s00_nodes/s00_aw_node/s_sc_payld'(145) to pin: '/s00_nodes/S_SC_AW_payld'(141) - Only lower order bits will be connected.
WARNING: [BD 41-2384] Width mismatch when connecting pin: '/m00_nodes/m00_r_node/s_sc_payld'(55) to pin: '/m00_nodes/S_SC_R_payld'(53) - Only lower order bits will be connected.
WARNING: [BD 41-2384] Width mismatch when connecting pin: '/m00_nodes/m00_b_node/s_sc_payld'(9) to pin: '/m00_nodes/S_SC_B_payld'(7) - Only lower order bits will be connected.
WARNING: [BD 41-2384] Width mismatch when connecting pin: '/m01_nodes/m01_r_node/s_sc_payld'(55) to pin: '/m01_nodes/S_SC_R_payld'(53) - Only lower order bits will be connected.
WARNING: [BD 41-2384] Width mismatch when connecting pin: '/m01_nodes/m01_b_node/s_sc_payld'(9) to pin: '/m01_nodes/S_SC_B_payld'(7) - Only lower order bits will be connected.
WARNING: [BD 41-2384] Width mismatch when connecting pin: '/s00_axi2sc/s_sc_r_payld'(53) to pin: '/s00_nodes/M_SC_R_payld'(55) - Only lower order bits will be connected.
WARNING: [BD 41-2384] Width mismatch when connecting pin: '/s00_axi2sc/s_sc_b_payld'(7) to pin: '/s00_nodes/M_SC_B_payld'(9) - Only lower order bits will be connected.
WARNING: [BD 41-2384] Width mismatch when connecting pin: '/m00_sc2axi/s_sc_ar_payld'(141) to pin: '/m00_nodes/M_SC_AR_payld'(145) - Only lower order bits will be connected.
WARNING: [BD 41-2384] Width mismatch when connecting pin: '/m00_sc2axi/s_sc_aw_payld'(141) to pin: '/m00_nodes/M_SC_AW_payld'(145) - Only lower order bits will be connected.
WARNING: [BD 41-2384] Width mismatch when connecting pin: '/m01_sc2axi/s_sc_ar_payld'(141) to pin: '/m01_nodes/M_SC_AR_payld'(145) - Only lower order bits will be connected.
WARNING: [BD 41-2384] Width mismatch when connecting pin: '/m01_sc2axi/s_sc_aw_payld'(141) to pin: '/m01_nodes/M_SC_AW_payld'(145) - Only lower order bits will be connected.
Exporting to file /home/linux/ieng6/students/162/mak025/chole_bhature/project_files/project5_bnn/hls_streaming/pynq_bnn/pynq_bnn.gen/sources_1/bd/chole_bhature/ip/chole_bhature_axi_smc_0/bd_0/hw_handoff/chole_bhature_axi_smc_0.hwh
Generated Hardware Definition File /home/linux/ieng6/students/162/mak025/chole_bhature/project_files/project5_bnn/hls_streaming/pynq_bnn/pynq_bnn.gen/sources_1/bd/chole_bhature/ip/chole_bhature_axi_smc_0/bd_0/synth/chole_bhature_axi_smc_0.hwdef
INFO: [BD 41-1029] Generation completed for the IP Integrator block axi_smc .
INFO: [BD 41-1029] Generation completed for the IP Integrator block rst_ps7_0_50M .
INFO: [BD 41-1029] Generation completed for the IP Integrator block axi_mem_intercon/xbar .
WARNING: [IP_Flow 19-4994] Overwriting existing constraint file '/home/linux/ieng6/students/162/mak025/chole_bhature/project_files/project5_bnn/hls_streaming/pynq_bnn/pynq_bnn.gen/sources_1/bd/chole_bhature/ip/chole_bhature_axi_mem_intercon_imp_auto_us_0/chole_bhature_axi_mem_intercon_imp_auto_us_0_ooc.xdc'
INFO: [BD 41-1029] Generation completed for the IP Integrator block axi_mem_intercon/s00_couplers/auto_us .
WARNING: [IP_Flow 19-4994] Overwriting existing constraint file '/home/linux/ieng6/students/162/mak025/chole_bhature/project_files/project5_bnn/hls_streaming/pynq_bnn/pynq_bnn.gen/sources_1/bd/chole_bhature/ip/chole_bhature_axi_mem_intercon_imp_auto_us_1/chole_bhature_axi_mem_intercon_imp_auto_us_1_ooc.xdc'
INFO: [BD 41-1029] Generation completed for the IP Integrator block axi_mem_intercon/s01_couplers/auto_us .
WARNING: [IP_Flow 19-4994] Overwriting existing constraint file '/home/linux/ieng6/students/162/mak025/chole_bhature/project_files/project5_bnn/hls_streaming/pynq_bnn/pynq_bnn.gen/sources_1/bd/chole_bhature/ip/chole_bhature_axi_mem_intercon_imp_auto_pc_0/chole_bhature_axi_mem_intercon_imp_auto_pc_0_ooc.xdc'
INFO: [BD 41-1029] Generation completed for the IP Integrator block axi_mem_intercon/m00_couplers/auto_pc .
Exporting to file /home/linux/ieng6/students/162/mak025/chole_bhature/project_files/project5_bnn/hls_streaming/pynq_bnn/pynq_bnn.gen/sources_1/bd/chole_bhature/hw_handoff/chole_bhature.hwh
Generated Hardware Definition File /home/linux/ieng6/students/162/mak025/chole_bhature/project_files/project5_bnn/hls_streaming/pynq_bnn/pynq_bnn.gen/sources_1/bd/chole_bhature/synth/chole_bhature.hwdef
INFO: [IP_Flow 19-6930] IPCACHE: runCacheChecks() number of threads = 8
INFO: [IP_Flow 19-6921] IPCACHE: Adding cache check func to thread queue for IP chole_bhature_axi_dma_0_0
INFO: [IP_Flow 19-6921] IPCACHE: Adding cache check func to thread queue for IP chole_bhature_axi_mem_intercon_imp_auto_pc_0
INFO: [IP_Flow 19-6921] IPCACHE: Adding cache check func to thread queue for IP chole_bhature_axi_mem_intercon_imp_auto_us_0
INFO: [IP_Flow 19-6921] IPCACHE: Adding cache check func to thread queue for IP chole_bhature_axi_mem_intercon_imp_auto_us_1
INFO: [IP_Flow 19-6921] IPCACHE: Adding cache check func to thread queue for IP chole_bhature_axi_mem_intercon_imp_xbar_0
INFO: [IP_Flow 19-6921] IPCACHE: Adding cache check func to thread queue for IP chole_bhature_axi_smc_0
INFO: [IP_Flow 19-6921] IPCACHE: Adding cache check func to thread queue for IP chole_bhature_bnn_0_0
INFO: [IP_Flow 19-6921] IPCACHE: Adding cache check func to thread queue for IP chole_bhature_rst_ps7_0_50M_0
INFO: [IP_Flow 19-8020] IPCACHE: runCacheChecks() calling threadPool finishWork()
INFO: [IP_Flow 19-6924] IPCACHE: Running cache check for IP inst: chole_bhature_axi_dma_0_0
INFO: [IP_Flow 19-6924] IPCACHE: Running cache check for IP inst: chole_bhature_axi_mem_intercon_imp_auto_pc_0
INFO: [IP_Flow 19-6924] IPCACHE: Running cache check for IP inst: chole_bhature_axi_mem_intercon_imp_auto_us_0
INFO: [IP_Flow 19-6924] IPCACHE: Running cache check for IP inst: chole_bhature_axi_mem_intercon_imp_auto_us_1
INFO: [IP_Flow 19-6924] IPCACHE: Running cache check for IP inst: chole_bhature_axi_mem_intercon_imp_xbar_0
INFO: [IP_Flow 19-6924] IPCACHE: Running cache check for IP inst: chole_bhature_axi_smc_0
INFO: [IP_Flow 19-6924] IPCACHE: Running cache check for IP inst: chole_bhature_bnn_0_0
INFO: [IP_Flow 19-6924] IPCACHE: Running cache check for IP inst: chole_bhature_rst_ps7_0_50M_0
[Sat Dec 13 17:02:56 2025] Launched chole_bhature_axi_dma_0_0_synth_1, chole_bhature_axi_smc_0_synth_1, chole_bhature_bnn_0_0_synth_1, chole_bhature_processing_system7_0_0_synth_1, chole_bhature_rst_ps7_0_50M_0_synth_1, chole_bhature_axi_mem_intercon_imp_auto_pc_0_synth_1, chole_bhature_axi_mem_intercon_imp_auto_us_1_synth_1, chole_bhature_axi_mem_intercon_imp_auto_us_0_synth_1, chole_bhature_axi_mem_intercon_imp_xbar_0_synth_1, synth_1...
Run output will be captured here:
chole_bhature_axi_dma_0_0_synth_1: /home/linux/ieng6/students/162/mak025/chole_bhature/project_files/project5_bnn/hls_streaming/pynq_bnn/pynq_bnn.runs/chole_bhature_axi_dma_0_0_synth_1/runme.log
chole_bhature_axi_smc_0_synth_1: /home/linux/ieng6/students/162/mak025/chole_bhature/project_files/project5_bnn/hls_streaming/pynq_bnn/pynq_bnn.runs/chole_bhature_axi_smc_0_synth_1/runme.log
chole_bhature_bnn_0_0_synth_1: /home/linux/ieng6/students/162/mak025/chole_bhature/project_files/project5_bnn/hls_streaming/pynq_bnn/pynq_bnn.runs/chole_bhature_bnn_0_0_synth_1/runme.log
chole_bhature_processing_system7_0_0_synth_1: /home/linux/ieng6/students/162/mak025/chole_bhature/project_files/project5_bnn/hls_streaming/pynq_bnn/pynq_bnn.runs/chole_bhature_processing_system7_0_0_synth_1/runme.log
chole_bhature_rst_ps7_0_50M_0_synth_1: /home/linux/ieng6/students/162/mak025/chole_bhature/project_files/project5_bnn/hls_streaming/pynq_bnn/pynq_bnn.runs/chole_bhature_rst_ps7_0_50M_0_synth_1/runme.log
chole_bhature_axi_mem_intercon_imp_auto_pc_0_synth_1: /home/linux/ieng6/students/162/mak025/chole_bhature/project_files/project5_bnn/hls_streaming/pynq_bnn/pynq_bnn.runs/chole_bhature_axi_mem_intercon_imp_auto_pc_0_synth_1/runme.log
chole_bhature_axi_mem_intercon_imp_auto_us_1_synth_1: /home/linux/ieng6/students/162/mak025/chole_bhature/project_files/project5_bnn/hls_streaming/pynq_bnn/pynq_bnn.runs/chole_bhature_axi_mem_intercon_imp_auto_us_1_synth_1/runme.log
chole_bhature_axi_mem_intercon_imp_auto_us_0_synth_1: /home/linux/ieng6/students/162/mak025/chole_bhature/project_files/project5_bnn/hls_streaming/pynq_bnn/pynq_bnn.runs/chole_bhature_axi_mem_intercon_imp_auto_us_0_synth_1/runme.log
chole_bhature_axi_mem_intercon_imp_xbar_0_synth_1: /home/linux/ieng6/students/162/mak025/chole_bhature/project_files/project5_bnn/hls_streaming/pynq_bnn/pynq_bnn.runs/chole_bhature_axi_mem_intercon_imp_xbar_0_synth_1/runme.log
synth_1: /home/linux/ieng6/students/162/mak025/chole_bhature/project_files/project5_bnn/hls_streaming/pynq_bnn/pynq_bnn.runs/synth_1/runme.log
[Sat Dec 13 17:02:56 2025] Launched impl_1...
Run output will be captured here: /home/linux/ieng6/students/162/mak025/chole_bhature/project_files/project5_bnn/hls_streaming/pynq_bnn/pynq_bnn.runs/impl_1/runme.log
launch_runs: Time (s): cpu = 00:00:39 ; elapsed = 00:00:38 . Memory (MB): peak = 8638.059 ; gain = 284.703 ; free physical = 15529 ; free virtual = 22840
reset_run synth_1
reset_run chole_bhature_axi_smc_0_synth_1
reset_run chole_bhature_bnn_0_0_synth_1
launch_runs impl_1 -to_step write_bitstream -jobs 4
INFO: [IP_Flow 19-6930] IPCACHE: runCacheChecks() number of threads = 8
INFO: [IP_Flow 19-6921] IPCACHE: Adding cache check func to thread queue for IP chole_bhature_axi_dma_0_0
INFO: [IP_Flow 19-6921] IPCACHE: Adding cache check func to thread queue for IP chole_bhature_axi_mem_intercon_imp_auto_pc_0
INFO: [IP_Flow 19-6921] IPCACHE: Adding cache check func to thread queue for IP chole_bhature_axi_mem_intercon_imp_auto_us_0
INFO: [IP_Flow 19-6921] IPCACHE: Adding cache check func to thread queue for IP chole_bhature_axi_mem_intercon_imp_auto_us_1
INFO: [IP_Flow 19-6921] IPCACHE: Adding cache check func to thread queue for IP chole_bhature_axi_mem_intercon_imp_xbar_0
INFO: [IP_Flow 19-6921] IPCACHE: Adding cache check func to thread queue for IP chole_bhature_axi_smc_0
INFO: [IP_Flow 19-6921] IPCACHE: Adding cache check func to thread queue for IP chole_bhature_bnn_0_0
INFO: [IP_Flow 19-6921] IPCACHE: Adding cache check func to thread queue for IP chole_bhature_rst_ps7_0_50M_0
INFO: [IP_Flow 19-8020] IPCACHE: runCacheChecks() calling threadPool finishWork()
INFO: [IP_Flow 19-6924] IPCACHE: Running cache check for IP inst: chole_bhature_axi_dma_0_0
INFO: [IP_Flow 19-6924] IPCACHE: Running cache check for IP inst: chole_bhature_axi_mem_intercon_imp_auto_pc_0
INFO: [IP_Flow 19-6924] IPCACHE: Running cache check for IP inst: chole_bhature_axi_mem_intercon_imp_auto_us_0
INFO: [IP_Flow 19-6924] IPCACHE: Running cache check for IP inst: chole_bhature_axi_mem_intercon_imp_auto_us_1
INFO: [IP_Flow 19-6924] IPCACHE: Running cache check for IP inst: chole_bhature_axi_mem_intercon_imp_xbar_0
INFO: [IP_Flow 19-6924] IPCACHE: Running cache check for IP inst: chole_bhature_axi_smc_0
INFO: [IP_Flow 19-6924] IPCACHE: Running cache check for IP inst: chole_bhature_bnn_0_0
INFO: [IP_Flow 19-6924] IPCACHE: Running cache check for IP inst: chole_bhature_rst_ps7_0_50M_0
[Sat Dec 13 17:04:33 2025] Launched chole_bhature_axi_dma_0_0_synth_1, chole_bhature_axi_smc_0_synth_1, chole_bhature_bnn_0_0_synth_1, chole_bhature_rst_ps7_0_50M_0_synth_1, chole_bhature_axi_mem_intercon_imp_auto_pc_0_synth_1, chole_bhature_axi_mem_intercon_imp_auto_us_1_synth_1, chole_bhature_axi_mem_intercon_imp_auto_us_0_synth_1, chole_bhature_axi_mem_intercon_imp_xbar_0_synth_1, synth_1...
Run output will be captured here:
chole_bhature_axi_dma_0_0_synth_1: /home/linux/ieng6/students/162/mak025/chole_bhature/project_files/project5_bnn/hls_streaming/pynq_bnn/pynq_bnn.runs/chole_bhature_axi_dma_0_0_synth_1/runme.log
chole_bhature_axi_smc_0_synth_1: /home/linux/ieng6/students/162/mak025/chole_bhature/project_files/project5_bnn/hls_streaming/pynq_bnn/pynq_bnn.runs/chole_bhature_axi_smc_0_synth_1/runme.log
chole_bhature_bnn_0_0_synth_1: /home/linux/ieng6/students/162/mak025/chole_bhature/project_files/project5_bnn/hls_streaming/pynq_bnn/pynq_bnn.runs/chole_bhature_bnn_0_0_synth_1/runme.log
chole_bhature_rst_ps7_0_50M_0_synth_1: /home/linux/ieng6/students/162/mak025/chole_bhature/project_files/project5_bnn/hls_streaming/pynq_bnn/pynq_bnn.runs/chole_bhature_rst_ps7_0_50M_0_synth_1/runme.log
chole_bhature_axi_mem_intercon_imp_auto_pc_0_synth_1: /home/linux/ieng6/students/162/mak025/chole_bhature/project_files/project5_bnn/hls_streaming/pynq_bnn/pynq_bnn.runs/chole_bhature_axi_mem_intercon_imp_auto_pc_0_synth_1/runme.log
chole_bhature_axi_mem_intercon_imp_auto_us_1_synth_1: /home/linux/ieng6/students/162/mak025/chole_bhature/project_files/project5_bnn/hls_streaming/pynq_bnn/pynq_bnn.runs/chole_bhature_axi_mem_intercon_imp_auto_us_1_synth_1/runme.log
chole_bhature_axi_mem_intercon_imp_auto_us_0_synth_1: /home/linux/ieng6/students/162/mak025/chole_bhature/project_files/project5_bnn/hls_streaming/pynq_bnn/pynq_bnn.runs/chole_bhature_axi_mem_intercon_imp_auto_us_0_synth_1/runme.log
chole_bhature_axi_mem_intercon_imp_xbar_0_synth_1: /home/linux/ieng6/students/162/mak025/chole_bhature/project_files/project5_bnn/hls_streaming/pynq_bnn/pynq_bnn.runs/chole_bhature_axi_mem_intercon_imp_xbar_0_synth_1/runme.log
synth_1: /home/linux/ieng6/students/162/mak025/chole_bhature/project_files/project5_bnn/hls_streaming/pynq_bnn/pynq_bnn.runs/synth_1/runme.log
[Sat Dec 13 17:04:33 2025] Launched impl_1...
Run output will be captured here: /home/linux/ieng6/students/162/mak025/chole_bhature/project_files/project5_bnn/hls_streaming/pynq_bnn/pynq_bnn.runs/impl_1/runme.log
launch_runs: Time (s): cpu = 00:02:28 ; elapsed = 00:00:08 . Memory (MB): peak = 8802.453 ; gain = 164.395 ; free physical = 15597 ; free virtual = 22915
validate_bd_design -force
INFO: [BD 5-943] Reserving offset range <0x41E0_0000 [ 64K ]> from slave interface '/axi_smc/S00_AXI' to master interface '/axi_smc/M00_AXI'. This will be used by smartconnect on path for routing.
INFO: [BD 5-943] Reserving offset range <0x4000_0000 [ 64K ]> from slave interface '/axi_smc/S00_AXI' to master interface '/axi_smc/M01_AXI'. This will be used by smartconnect on path for routing.
INFO: [xilinx.com:ip:smartconnect:1.0-1] chole_bhature_axi_smc_0: SmartConnect chole_bhature_axi_smc_0 is in Low-Area Mode.
WARNING: [xilinx.com:ip:smartconnect:1.0-1] chole_bhature_axi_smc_0: IP chole_bhature_axi_smc_0 is configured in Low-area mode as all propagated traffic is low-bandwidth (AXI4LITE). SI S00_AXI has property HAS_BURST == 1. WRAP bursts are not supported in Low-area mode and will result in DECERR if received.
WARNING: [xilinx.com:ip:smartconnect:1.0-1] chole_bhature_axi_smc_0: If WRAP transactions are required then turn off Low-area mode using ADVANCED_PROPERTIES. Execute following: set_property CONFIG.ADVANCED_PROPERTIES {__experimental_features__ {disable_low_area_mode 1}} [get_bd_cells /chole_bhature_axi_smc_0]
validate_bd_design: Time (s): cpu = 00:00:09 ; elapsed = 00:00:09 . Memory (MB): peak = 8802.453 ; gain = 0.000 ; free physical = 14847 ; free virtual = 22877
save_bd_design
Wrote  : </home/linux/ieng6/students/162/mak025/chole_bhature/project_files/project5_bnn/hls_streaming/pynq_bnn/pynq_bnn.srcs/sources_1/bd/chole_bhature/chole_bhature.bd> 
reset_run synth_1
reset_run chole_bhature_axi_dma_0_0_synth_1
reset_run chole_bhature_axi_smc_0_synth_1
reset_run chole_bhature_bnn_0_0_synth_1
reset_run chole_bhature_rst_ps7_0_50M_0_synth_1
reset_run chole_bhature_axi_mem_intercon_imp_xbar_0_synth_1
launch_runs impl_1 -to_step write_bitstream -jobs 4
INFO: [BD 41-1662] The design 'chole_bhature.bd' is already validated. Therefore parameter propagation will not be re-run.
WARNING: [BD 41-2384] Width mismatch when connecting pin: '/axi_mem_intercon/m00_couplers/auto_pc/m_axi_rid'(1) to pin: '/axi_mem_intercon/m00_couplers/M_AXI_rid'(6) - Only lower order bits will be connected.
WARNING: [BD 41-2384] Width mismatch when connecting pin: '/axi_mem_intercon/m00_couplers/auto_pc/m_axi_bid'(1) to pin: '/axi_mem_intercon/m00_couplers/M_AXI_bid'(6) - Only lower order bits will be connected.
WARNING: [BD 41-2384] Width mismatch when connecting pin: '/processing_system7_0/S_AXI_HP0_WID'(6) to pin: '/axi_mem_intercon/M00_AXI_wid'(1) - Only lower order bits will be connected.
WARNING: [BD 41-2384] Width mismatch when connecting pin: '/processing_system7_0/S_AXI_HP0_AWID'(6) to pin: '/axi_mem_intercon/M00_AXI_awid'(1) - Only lower order bits will be connected.
WARNING: [BD 41-2384] Width mismatch when connecting pin: '/processing_system7_0/S_AXI_HP0_ARID'(6) to pin: '/axi_mem_intercon/M00_AXI_arid'(1) - Only lower order bits will be connected.
Verilog Output written to : /home/linux/ieng6/students/162/mak025/chole_bhature/project_files/project5_bnn/hls_streaming/pynq_bnn/pynq_bnn.gen/sources_1/bd/chole_bhature/synth/chole_bhature.v
WARNING: [BD 41-2384] Width mismatch when connecting pin: '/axi_mem_intercon/m00_couplers/auto_pc/m_axi_rid'(1) to pin: '/axi_mem_intercon/m00_couplers/M_AXI_rid'(6) - Only lower order bits will be connected.
WARNING: [BD 41-2384] Width mismatch when connecting pin: '/axi_mem_intercon/m00_couplers/auto_pc/m_axi_bid'(1) to pin: '/axi_mem_intercon/m00_couplers/M_AXI_bid'(6) - Only lower order bits will be connected.
WARNING: [BD 41-2384] Width mismatch when connecting pin: '/processing_system7_0/S_AXI_HP0_WID'(6) to pin: '/axi_mem_intercon/M00_AXI_wid'(1) - Only lower order bits will be connected.
WARNING: [BD 41-2384] Width mismatch when connecting pin: '/processing_system7_0/S_AXI_HP0_AWID'(6) to pin: '/axi_mem_intercon/M00_AXI_awid'(1) - Only lower order bits will be connected.
WARNING: [BD 41-2384] Width mismatch when connecting pin: '/processing_system7_0/S_AXI_HP0_ARID'(6) to pin: '/axi_mem_intercon/M00_AXI_arid'(1) - Only lower order bits will be connected.
Verilog Output written to : /home/linux/ieng6/students/162/mak025/chole_bhature/project_files/project5_bnn/hls_streaming/pynq_bnn/pynq_bnn.gen/sources_1/bd/chole_bhature/sim/chole_bhature.v
Verilog Output written to : /home/linux/ieng6/students/162/mak025/chole_bhature/project_files/project5_bnn/hls_streaming/pynq_bnn/pynq_bnn.gen/sources_1/bd/chole_bhature/hdl/chole_bhature_wrapper.v
WARNING: [BD 41-2384] Width mismatch when connecting pin: '/s00_nodes/s00_ar_node/s_sc_payld'(145) to pin: '/s00_nodes/S_SC_AR_payld'(141) - Only lower order bits will be connected.
WARNING: [BD 41-2384] Width mismatch when connecting pin: '/s00_nodes/s00_aw_node/s_sc_payld'(145) to pin: '/s00_nodes/S_SC_AW_payld'(141) - Only lower order bits will be connected.
WARNING: [BD 41-2384] Width mismatch when connecting pin: '/m00_nodes/m00_r_node/s_sc_payld'(55) to pin: '/m00_nodes/S_SC_R_payld'(53) - Only lower order bits will be connected.
WARNING: [BD 41-2384] Width mismatch when connecting pin: '/m00_nodes/m00_b_node/s_sc_payld'(9) to pin: '/m00_nodes/S_SC_B_payld'(7) - Only lower order bits will be connected.
WARNING: [BD 41-2384] Width mismatch when connecting pin: '/m01_nodes/m01_r_node/s_sc_payld'(55) to pin: '/m01_nodes/S_SC_R_payld'(53) - Only lower order bits will be connected.
WARNING: [BD 41-2384] Width mismatch when connecting pin: '/m01_nodes/m01_b_node/s_sc_payld'(9) to pin: '/m01_nodes/S_SC_B_payld'(7) - Only lower order bits will be connected.
WARNING: [BD 41-2384] Width mismatch when connecting pin: '/s00_axi2sc/s_sc_r_payld'(53) to pin: '/s00_nodes/M_SC_R_payld'(55) - Only lower order bits will be connected.
WARNING: [BD 41-2384] Width mismatch when connecting pin: '/s00_axi2sc/s_sc_b_payld'(7) to pin: '/s00_nodes/M_SC_B_payld'(9) - Only lower order bits will be connected.
WARNING: [BD 41-2384] Width mismatch when connecting pin: '/m00_sc2axi/s_sc_ar_payld'(141) to pin: '/m00_nodes/M_SC_AR_payld'(145) - Only lower order bits will be connected.
WARNING: [BD 41-2384] Width mismatch when connecting pin: '/m00_sc2axi/s_sc_aw_payld'(141) to pin: '/m00_nodes/M_SC_AW_payld'(145) - Only lower order bits will be connected.
WARNING: [BD 41-2384] Width mismatch when connecting pin: '/m01_sc2axi/s_sc_ar_payld'(141) to pin: '/m01_nodes/M_SC_AR_payld'(145) - Only lower order bits will be connected.
WARNING: [BD 41-2384] Width mismatch when connecting pin: '/m01_sc2axi/s_sc_aw_payld'(141) to pin: '/m01_nodes/M_SC_AW_payld'(145) - Only lower order bits will be connected.
WARNING: [BD 41-2384] Width mismatch when connecting pin: '/s00_nodes/s00_ar_node/s_sc_payld'(145) to pin: '/s00_nodes/S_SC_AR_payld'(141) - Only lower order bits will be connected.
WARNING: [BD 41-2384] Width mismatch when connecting pin: '/s00_nodes/s00_aw_node/s_sc_payld'(145) to pin: '/s00_nodes/S_SC_AW_payld'(141) - Only lower order bits will be connected.
WARNING: [BD 41-2384] Width mismatch when connecting pin: '/m00_nodes/m00_r_node/s_sc_payld'(55) to pin: '/m00_nodes/S_SC_R_payld'(53) - Only lower order bits will be connected.
WARNING: [BD 41-2384] Width mismatch when connecting pin: '/m00_nodes/m00_b_node/s_sc_payld'(9) to pin: '/m00_nodes/S_SC_B_payld'(7) - Only lower order bits will be connected.
WARNING: [BD 41-2384] Width mismatch when connecting pin: '/m01_nodes/m01_r_node/s_sc_payld'(55) to pin: '/m01_nodes/S_SC_R_payld'(53) - Only lower order bits will be connected.
WARNING: [BD 41-2384] Width mismatch when connecting pin: '/m01_nodes/m01_b_node/s_sc_payld'(9) to pin: '/m01_nodes/S_SC_B_payld'(7) - Only lower order bits will be connected.
WARNING: [BD 41-2384] Width mismatch when connecting pin: '/s00_axi2sc/s_sc_r_payld'(53) to pin: '/s00_nodes/M_SC_R_payld'(55) - Only lower order bits will be connected.
WARNING: [BD 41-2384] Width mismatch when connecting pin: '/s00_axi2sc/s_sc_b_payld'(7) to pin: '/s00_nodes/M_SC_B_payld'(9) - Only lower order bits will be connected.
WARNING: [BD 41-2384] Width mismatch when connecting pin: '/m00_sc2axi/s_sc_ar_payld'(141) to pin: '/m00_nodes/M_SC_AR_payld'(145) - Only lower order bits will be connected.
WARNING: [BD 41-2384] Width mismatch when connecting pin: '/m00_sc2axi/s_sc_aw_payld'(141) to pin: '/m00_nodes/M_SC_AW_payld'(145) - Only lower order bits will be connected.
WARNING: [BD 41-2384] Width mismatch when connecting pin: '/m01_sc2axi/s_sc_ar_payld'(141) to pin: '/m01_nodes/M_SC_AR_payld'(145) - Only lower order bits will be connected.
WARNING: [BD 41-2384] Width mismatch when connecting pin: '/m01_sc2axi/s_sc_aw_payld'(141) to pin: '/m01_nodes/M_SC_AW_payld'(145) - Only lower order bits will be connected.
Exporting to file /home/linux/ieng6/students/162/mak025/chole_bhature/project_files/project5_bnn/hls_streaming/pynq_bnn/pynq_bnn.gen/sources_1/bd/chole_bhature/ip/chole_bhature_axi_smc_0/bd_0/hw_handoff/chole_bhature_axi_smc_0.hwh
Generated Hardware Definition File /home/linux/ieng6/students/162/mak025/chole_bhature/project_files/project5_bnn/hls_streaming/pynq_bnn/pynq_bnn.gen/sources_1/bd/chole_bhature/ip/chole_bhature_axi_smc_0/bd_0/synth/chole_bhature_axi_smc_0.hwdef
INFO: [BD 41-1029] Generation completed for the IP Integrator block axi_smc .
WARNING: [IP_Flow 19-4994] Overwriting existing constraint file '/home/linux/ieng6/students/162/mak025/chole_bhature/project_files/project5_bnn/hls_streaming/pynq_bnn/pynq_bnn.gen/sources_1/bd/chole_bhature/ip/chole_bhature_axi_mem_intercon_imp_auto_us_0/chole_bhature_axi_mem_intercon_imp_auto_us_0_ooc.xdc'
INFO: [BD 41-1029] Generation completed for the IP Integrator block axi_mem_intercon/s00_couplers/auto_us .
WARNING: [IP_Flow 19-4994] Overwriting existing constraint file '/home/linux/ieng6/students/162/mak025/chole_bhature/project_files/project5_bnn/hls_streaming/pynq_bnn/pynq_bnn.gen/sources_1/bd/chole_bhature/ip/chole_bhature_axi_mem_intercon_imp_auto_us_1/chole_bhature_axi_mem_intercon_imp_auto_us_1_ooc.xdc'
INFO: [BD 41-1029] Generation completed for the IP Integrator block axi_mem_intercon/s01_couplers/auto_us .
WARNING: [IP_Flow 19-4994] Overwriting existing constraint file '/home/linux/ieng6/students/162/mak025/chole_bhature/project_files/project5_bnn/hls_streaming/pynq_bnn/pynq_bnn.gen/sources_1/bd/chole_bhature/ip/chole_bhature_axi_mem_intercon_imp_auto_pc_0/chole_bhature_axi_mem_intercon_imp_auto_pc_0_ooc.xdc'
INFO: [BD 41-1029] Generation completed for the IP Integrator block axi_mem_intercon/m00_couplers/auto_pc .
Exporting to file /home/linux/ieng6/students/162/mak025/chole_bhature/project_files/project5_bnn/hls_streaming/pynq_bnn/pynq_bnn.gen/sources_1/bd/chole_bhature/hw_handoff/chole_bhature.hwh
Generated Hardware Definition File /home/linux/ieng6/students/162/mak025/chole_bhature/project_files/project5_bnn/hls_streaming/pynq_bnn/pynq_bnn.gen/sources_1/bd/chole_bhature/synth/chole_bhature.hwdef
INFO: [IP_Flow 19-6930] IPCACHE: runCacheChecks() number of threads = 8
INFO: [IP_Flow 19-6921] IPCACHE: Adding cache check func to thread queue for IP chole_bhature_axi_dma_0_0
INFO: [IP_Flow 19-6921] IPCACHE: Adding cache check func to thread queue for IP chole_bhature_axi_mem_intercon_imp_auto_pc_0
INFO: [IP_Flow 19-6921] IPCACHE: Adding cache check func to thread queue for IP chole_bhature_axi_mem_intercon_imp_auto_us_0
INFO: [IP_Flow 19-6921] IPCACHE: Adding cache check func to thread queue for IP chole_bhature_axi_mem_intercon_imp_auto_us_1
INFO: [IP_Flow 19-6921] IPCACHE: Adding cache check func to thread queue for IP chole_bhature_axi_mem_intercon_imp_xbar_0
INFO: [IP_Flow 19-6921] IPCACHE: Adding cache check func to thread queue for IP chole_bhature_axi_smc_0
INFO: [IP_Flow 19-6921] IPCACHE: Adding cache check func to thread queue for IP chole_bhature_bnn_0_0
INFO: [IP_Flow 19-6921] IPCACHE: Adding cache check func to thread queue for IP chole_bhature_rst_ps7_0_50M_0
INFO: [IP_Flow 19-8020] IPCACHE: runCacheChecks() calling threadPool finishWork()
INFO: [IP_Flow 19-6924] IPCACHE: Running cache check for IP inst: chole_bhature_axi_dma_0_0
INFO: [IP_Flow 19-6924] IPCACHE: Running cache check for IP inst: chole_bhature_axi_mem_intercon_imp_auto_pc_0
INFO: [IP_Flow 19-6924] IPCACHE: Running cache check for IP inst: chole_bhature_axi_mem_intercon_imp_auto_us_0
INFO: [IP_Flow 19-6924] IPCACHE: Running cache check for IP inst: chole_bhature_axi_mem_intercon_imp_auto_us_1
INFO: [IP_Flow 19-6924] IPCACHE: Running cache check for IP inst: chole_bhature_axi_mem_intercon_imp_xbar_0
INFO: [IP_Flow 19-6924] IPCACHE: Running cache check for IP inst: chole_bhature_axi_smc_0
INFO: [IP_Flow 19-6924] IPCACHE: Running cache check for IP inst: chole_bhature_bnn_0_0
INFO: [IP_Flow 19-6924] IPCACHE: Running cache check for IP inst: chole_bhature_rst_ps7_0_50M_0
[Sat Dec 13 17:09:28 2025] Launched chole_bhature_axi_dma_0_0_synth_1, chole_bhature_axi_smc_0_synth_1, chole_bhature_bnn_0_0_synth_1, chole_bhature_rst_ps7_0_50M_0_synth_1, chole_bhature_axi_mem_intercon_imp_xbar_0_synth_1, chole_bhature_axi_mem_intercon_imp_auto_us_0_synth_1, chole_bhature_axi_mem_intercon_imp_auto_pc_0_synth_1, chole_bhature_axi_mem_intercon_imp_auto_us_1_synth_1, synth_1...
Run output will be captured here:
chole_bhature_axi_dma_0_0_synth_1: /home/linux/ieng6/students/162/mak025/chole_bhature/project_files/project5_bnn/hls_streaming/pynq_bnn/pynq_bnn.runs/chole_bhature_axi_dma_0_0_synth_1/runme.log
chole_bhature_axi_smc_0_synth_1: /home/linux/ieng6/students/162/mak025/chole_bhature/project_files/project5_bnn/hls_streaming/pynq_bnn/pynq_bnn.runs/chole_bhature_axi_smc_0_synth_1/runme.log
chole_bhature_bnn_0_0_synth_1: /home/linux/ieng6/students/162/mak025/chole_bhature/project_files/project5_bnn/hls_streaming/pynq_bnn/pynq_bnn.runs/chole_bhature_bnn_0_0_synth_1/runme.log
chole_bhature_rst_ps7_0_50M_0_synth_1: /home/linux/ieng6/students/162/mak025/chole_bhature/project_files/project5_bnn/hls_streaming/pynq_bnn/pynq_bnn.runs/chole_bhature_rst_ps7_0_50M_0_synth_1/runme.log
chole_bhature_axi_mem_intercon_imp_xbar_0_synth_1: /home/linux/ieng6/students/162/mak025/chole_bhature/project_files/project5_bnn/hls_streaming/pynq_bnn/pynq_bnn.runs/chole_bhature_axi_mem_intercon_imp_xbar_0_synth_1/runme.log
chole_bhature_axi_mem_intercon_imp_auto_us_0_synth_1: /home/linux/ieng6/students/162/mak025/chole_bhature/project_files/project5_bnn/hls_streaming/pynq_bnn/pynq_bnn.runs/chole_bhature_axi_mem_intercon_imp_auto_us_0_synth_1/runme.log
chole_bhature_axi_mem_intercon_imp_auto_pc_0_synth_1: /home/linux/ieng6/students/162/mak025/chole_bhature/project_files/project5_bnn/hls_streaming/pynq_bnn/pynq_bnn.runs/chole_bhature_axi_mem_intercon_imp_auto_pc_0_synth_1/runme.log
chole_bhature_axi_mem_intercon_imp_auto_us_1_synth_1: /home/linux/ieng6/students/162/mak025/chole_bhature/project_files/project5_bnn/hls_streaming/pynq_bnn/pynq_bnn.runs/chole_bhature_axi_mem_intercon_imp_auto_us_1_synth_1/runme.log
synth_1: /home/linux/ieng6/students/162/mak025/chole_bhature/project_files/project5_bnn/hls_streaming/pynq_bnn/pynq_bnn.runs/synth_1/runme.log
[Sat Dec 13 17:09:29 2025] Launched impl_1...
Run output will be captured here: /home/linux/ieng6/students/162/mak025/chole_bhature/project_files/project5_bnn/hls_streaming/pynq_bnn/pynq_bnn.runs/impl_1/runme.log
launch_runs: Time (s): cpu = 00:00:24 ; elapsed = 00:00:24 . Memory (MB): peak = 8876.949 ; gain = 74.496 ; free physical = 14794 ; free virtual = 22814
open_run impl_1
INFO: [Device 21-403] Loading part xc7z020clg400-1
Netlist sorting complete. Time (s): cpu = 00:00:00.54 ; elapsed = 00:00:00.38 . Memory (MB): peak = 8943.562 ; gain = 0.000 ; free physical = 14453 ; free virtual = 22631
INFO: [Netlist 29-17] Analyzing 1097 Unisim elements for replacement
INFO: [Netlist 29-28] Unisim Transformation completed in 0 CPU seconds
INFO: [Project 1-479] Netlist was created with Vivado 2024.2
INFO: [Project 1-570] Preparing netlist for logic optimization
Read ShapeDB Complete: Time (s): cpu = 00:00:00.1 ; elapsed = 00:00:00.1 . Memory (MB): peak = 9065.562 ; gain = 9.312 ; free physical = 14312 ; free virtual = 22490
INFO: [Timing 38-478] Restoring timing data from binary archive.
INFO: [Timing 38-479] Binary timing data restore complete.
INFO: [Project 1-856] Restoring constraints from binary archive.
INFO: [Project 1-853] Binary constraint restore complete.
INFO: [Designutils 20-5722] Start Reading Physical Databases.
Reading placement.
Read Netlist Cache: Time (s): cpu = 00:00:00.06 ; elapsed = 00:00:00.05 . Memory (MB): peak = 9658.371 ; gain = 0.000 ; free physical = 13778 ; free virtual = 21956
Reading placer database...
Read Device Cache: Time (s): cpu = 00:00:00.02 ; elapsed = 00:00:00.01 . Memory (MB): peak = 9658.371 ; gain = 0.000 ; free physical = 13778 ; free virtual = 21956
Read PlaceDB: Time (s): cpu = 00:00:02 ; elapsed = 00:00:02 . Memory (MB): peak = 9692.309 ; gain = 33.938 ; free physical = 13744 ; free virtual = 21922
Read PulsedLatchDB: Time (s): cpu = 00:00:00 ; elapsed = 00:00:00 . Memory (MB): peak = 9692.309 ; gain = 0.000 ; free physical = 13744 ; free virtual = 21922
Reading routing.
Read RouteStorage: Time (s): cpu = 00:00:00.87 ; elapsed = 00:00:00.41 . Memory (MB): peak = 9710.863 ; gain = 18.555 ; free physical = 13720 ; free virtual = 21899
Read Physdb Files: Time (s): cpu = 00:00:03 ; elapsed = 00:00:02 . Memory (MB): peak = 9710.863 ; gain = 52.492 ; free physical = 13720 ; free virtual = 21899
Restored from archive | CPU: 2.820000 secs | Memory: 45.738251 MB |
Finished XDEF File Restore: Time (s): cpu = 00:00:03 ; elapsed = 00:00:02 . Memory (MB): peak = 9710.863 ; gain = 52.492 ; free physical = 13720 ; free virtual = 21899
Netlist sorting complete. Time (s): cpu = 00:00:00.01 ; elapsed = 00:00:00 . Memory (MB): peak = 9710.863 ; gain = 0.000 ; free physical = 13722 ; free virtual = 21901
INFO: [Project 1-111] Unisim Transformation Summary:
  A total of 8 instances were transformed.
  RAM32M => RAM32M (RAMD32(x6), RAMS32(x2)): 4 instances
  RAM32X1D => RAM32X1D (RAMD32(x2)): 1 instance 
  SRLC32E => SRL16E: 3 instances

open_run: Time (s): cpu = 00:00:42 ; elapsed = 00:00:30 . Memory (MB): peak = 10065.414 ; gain = 1188.465 ; free physical = 13313 ; free virtual = 21497
open_report: Time (s): cpu = 00:00:10 ; elapsed = 00:00:07 . Memory (MB): peak = 10118.758 ; gain = 49.727 ; free physical = 13177 ; free virtual = 21356
exit
INFO: [Common 17-206] Exiting Vivado at Sat Dec 13 17:26:21 2025...
