

================================================================
== Vitis HLS Report for 'fir'
================================================================
* Date:           Sat Oct 11 18:06:23 2025

* Version:        2024.2 (Build 5238294 on Nov  8 2024)
* Project:        fir.comp
* Solution:       hls (Vivado IP Flow Target)
* Product family: zynq
* Target device:  xc7z020-clg400-1


================================================================
== Performance Estimates
================================================================
+ Timing: 
    * Summary: 
    +--------+----------+----------+------------+
    |  Clock |  Target  | Estimated| Uncertainty|
    +--------+----------+----------+------------+
    |ap_clk  |  10.00 ns|  6.003 ns|     2.70 ns|
    +--------+----------+----------+------------+

+ Latency: 
    * Summary: 
    +---------+---------+----------+----------+-----+-----+---------+
    |  Latency (cycles) |  Latency (absolute) |  Interval | Pipeline|
    |   min   |   max   |    min   |    max   | min | max |   Type  |
    +---------+---------+----------+----------+-----+-----+---------+
    |       29|       29|  0.290 us|  0.290 us|   30|   30|       no|
    +---------+---------+----------+----------+-----+-----+---------+

    + Detail: 
        * Instance: 
        +-----------------------------+------------------+---------+---------+-----------+-----------+-----+-----+------------------------------------------------+
        |                             |                  |  Latency (cycles) |   Latency (absolute)  |  Interval |                    Pipeline                    |
        |           Instance          |      Module      |   min   |   max   |    min    |    max    | min | max |                      Type                      |
        +-----------------------------+------------------+---------+---------+-----------+-----------+-----+-----+------------------------------------------------+
        |grp_fir_Pipeline_TDL_fu_353  |fir_Pipeline_TDL  |        7|        7|  70.000 ns|  70.000 ns|    6|    6|  loop auto-rewind stp (delay=0 clock cycles(s))|
        |grp_fir_Pipeline_MAC_fu_619  |fir_Pipeline_MAC  |       18|       18|   0.180 us|   0.180 us|   10|   10|  loop auto-rewind stp (delay=0 clock cycles(s))|
        +-----------------------------+------------------+---------+---------+-----------+-----------+-----+-----+------------------------------------------------+

        * Loop: 
        N/A



================================================================
== Utilization Estimates
================================================================
* Summary: 
+-----------------+---------+-----+--------+-------+-----+
|       Name      | BRAM_18K| DSP |   FF   |  LUT  | URAM|
+-----------------+---------+-----+--------+-------+-----+
|DSP              |        -|    -|       -|      -|    -|
|Expression       |        -|    -|       -|      -|    -|
|FIFO             |        -|    -|       -|      -|    -|
|Instance         |        0|   32|    1159|   3683|    -|
|Memory           |        -|    -|       -|      -|    -|
|Multiplexer      |        -|    -|       0|     40|    -|
|Register         |        -|    -|    6055|      -|    -|
+-----------------+---------+-----+--------+-------+-----+
|Total            |        0|   32|    7214|   3723|    0|
+-----------------+---------+-----+--------+-------+-----+
|Available        |      280|  220|  106400|  53200|    0|
+-----------------+---------+-----+--------+-------+-----+
|Utilization (%)  |        0|   14|       6|      6|    0|
+-----------------+---------+-----+--------+-------+-----+

+ Detail: 
    * Instance: 
    +-----------------------------+------------------+---------+----+------+------+-----+
    |           Instance          |      Module      | BRAM_18K| DSP|  FF  |  LUT | URAM|
    +-----------------------------+------------------+---------+----+------+------+-----+
    |grp_fir_Pipeline_MAC_fu_619  |fir_Pipeline_MAC  |        0|  32|  1010|  1861|    0|
    |grp_fir_Pipeline_TDL_fu_353  |fir_Pipeline_TDL  |        0|   0|   149|  1822|    0|
    +-----------------------------+------------------+---------+----+------+------+-----+
    |Total                        |                  |        0|  32|  1159|  3683|    0|
    +-----------------------------+------------------+---------+----+------+------+-----+

    * DSP: 
    N/A

    * Memory: 
    N/A

    * FIFO: 
    N/A

    * Expression: 
    N/A

    * Multiplexer: 
    +-----------------------+----+-----------+-----+-----------+
    |          Name         | LUT| Input Size| Bits| Total Bits|
    +-----------------------+----+-----------+-----+-----------+
    |ap_NS_fsm              |  31|          6|    1|          6|
    |fir_int_int_shift_reg  |   9|          2|   32|         64|
    +-----------------------+----+-----------+-----+-----------+
    |Total                  |  40|          8|   33|         70|
    +-----------------------+----+-----------+-----+-----------+

    * Register: 
    +-----------------------------------------------------------------------------+----+----+-----+-----------+
    |                                     Name                                    | FF | LUT| Bits| Const Bits|
    +-----------------------------------------------------------------------------+----+----+-----+-----------+
    |acc_1_loc_fu_320                                                             |  16|   0|   16|          0|
    |ap_CS_fsm                                                                    |   5|   0|    5|          0|
    |empty_186_reg_1984                                                           |  16|   0|   16|          0|
    |empty_187_reg_1989                                                           |  16|   0|   16|          0|
    |empty_188_reg_1997                                                           |  16|   0|   16|          0|
    |empty_190_reg_2002                                                           |  16|   0|   16|          0|
    |empty_192_reg_2007                                                           |  16|   0|   16|          0|
    |empty_193_reg_2012                                                           |  16|   0|   16|          0|
    |empty_194_reg_2017                                                           |  16|   0|   16|          0|
    |empty_196_reg_2022                                                           |  16|   0|   16|          0|
    |empty_198_reg_2027                                                           |  16|   0|   16|          0|
    |empty_199_reg_2032                                                           |  16|   0|   16|          0|
    |empty_200_reg_2037                                                           |  16|   0|   16|          0|
    |empty_201_reg_2042                                                           |  16|   0|   16|          0|
    |empty_203_reg_2047                                                           |  16|   0|   16|          0|
    |empty_204_reg_2052                                                           |  16|   0|   16|          0|
    |empty_205_reg_2057                                                           |  16|   0|   16|          0|
    |empty_206_reg_2062                                                           |  16|   0|   16|          0|
    |empty_208_reg_2067                                                           |  16|   0|   16|          0|
    |empty_209_reg_2072                                                           |  16|   0|   16|          0|
    |empty_210_reg_2077                                                           |  16|   0|   16|          0|
    |empty_211_reg_2082                                                           |  16|   0|   16|          0|
    |empty_212_reg_2087                                                           |  16|   0|   16|          0|
    |empty_213_reg_2092                                                           |  16|   0|   16|          0|
    |empty_215_reg_2097                                                           |  16|   0|   16|          0|
    |empty_216_reg_2102                                                           |  16|   0|   16|          0|
    |empty_217_reg_2107                                                           |  16|   0|   16|          0|
    |empty_218_reg_2112                                                           |  16|   0|   16|          0|
    |empty_220_reg_2117                                                           |  16|   0|   16|          0|
    |empty_221_reg_2122                                                           |  16|   0|   16|          0|
    |empty_222_reg_2127                                                           |  16|   0|   16|          0|
    |empty_223_reg_2132                                                           |  16|   0|   16|          0|
    |empty_225_reg_2137                                                           |  16|   0|   16|          0|
    |empty_227_reg_2142                                                           |  16|   0|   16|          0|
    |empty_228_reg_2147                                                           |  16|   0|   16|          0|
    |empty_229_reg_2152                                                           |  16|   0|   16|          0|
    |empty_231_reg_2157                                                           |  16|   0|   16|          0|
    |empty_233_reg_2162                                                           |  16|   0|   16|          0|
    |empty_234_reg_2167                                                           |  16|   0|   16|          0|
    |empty_235_reg_2172                                                           |  16|   0|   16|          0|
    |empty_237_reg_2177                                                           |  16|   0|   16|          0|
    |empty_239_reg_2182                                                           |  16|   0|   16|          0|
    |empty_241_reg_2187                                                           |  16|   0|   16|          0|
    |empty_242_reg_2192                                                           |  16|   0|   16|          0|
    |empty_243_reg_2197                                                           |  16|   0|   16|          0|
    |empty_245_reg_2202                                                           |  16|   0|   16|          0|
    |empty_247_reg_2207                                                           |  16|   0|   16|          0|
    |empty_248_reg_2212                                                           |  16|   0|   16|          0|
    |empty_249_reg_2217                                                           |  16|   0|   16|          0|
    |empty_251_reg_2222                                                           |  16|   0|   16|          0|
    |empty_253_reg_2227                                                           |  16|   0|   16|          0|
    |empty_254_reg_2232                                                           |  16|   0|   16|          0|
    |empty_255_reg_2237                                                           |  16|   0|   16|          0|
    |empty_256_reg_2242                                                           |  16|   0|   16|          0|
    |empty_258_reg_2247                                                           |  16|   0|   16|          0|
    |empty_259_reg_2252                                                           |  16|   0|   16|          0|
    |empty_260_reg_2257                                                           |  16|   0|   16|          0|
    |empty_261_reg_2262                                                           |  16|   0|   16|          0|
    |empty_263_reg_2267                                                           |  16|   0|   16|          0|
    |empty_264_reg_2272                                                           |  16|   0|   16|          0|
    |empty_265_reg_2277                                                           |  16|   0|   16|          0|
    |empty_266_reg_2282                                                           |  16|   0|   16|          0|
    |empty_267_reg_2287                                                           |  16|   0|   16|          0|
    |empty_268_reg_2292                                                           |  16|   0|   16|          0|
    |empty_270_reg_2297                                                           |  16|   0|   16|          0|
    |empty_271_reg_2302                                                           |  16|   0|   16|          0|
    |empty_272_reg_2307                                                           |  16|   0|   16|          0|
    |empty_273_reg_2312                                                           |  16|   0|   16|          0|
    |empty_275_reg_2317                                                           |  16|   0|   16|          0|
    |empty_276_reg_2322                                                           |  16|   0|   16|          0|
    |empty_277_reg_2327                                                           |  16|   0|   16|          0|
    |empty_278_reg_2332                                                           |  16|   0|   16|          0|
    |empty_280_reg_2337                                                           |  16|   0|   16|          0|
    |empty_282_reg_2342                                                           |  16|   0|   16|          0|
    |empty_283_reg_2347                                                           |  16|   0|   16|          0|
    |empty_284_reg_2352                                                           |  16|   0|   16|          0|
    |empty_286_reg_2357                                                           |  16|   0|   16|          0|
    |empty_288_reg_2362                                                           |  16|   0|   16|          0|
    |empty_289_reg_2367                                                           |  16|   0|   16|          0|
    |empty_290_reg_2372                                                           |  16|   0|   16|          0|
    |empty_292_reg_2377                                                           |  16|   0|   16|          0|
    |empty_294_reg_2382                                                           |  16|   0|   16|          0|
    |empty_296_reg_2387                                                           |  16|   0|   16|          0|
    |empty_297_reg_2392                                                           |  16|   0|   16|          0|
    |empty_298_reg_2397                                                           |  16|   0|   16|          0|
    |empty_300_reg_2402                                                           |  16|   0|   16|          0|
    |empty_302_reg_2407                                                           |  16|   0|   16|          0|
    |empty_303_reg_2412                                                           |  16|   0|   16|          0|
    |empty_304_reg_2417                                                           |  16|   0|   16|          0|
    |empty_306_reg_2422                                                           |  16|   0|   16|          0|
    |empty_308_reg_2427                                                           |  16|   0|   16|          0|
    |empty_309_reg_2432                                                           |  16|   0|   16|          0|
    |empty_310_reg_2437                                                           |  16|   0|   16|          0|
    |empty_311_reg_2442                                                           |  16|   0|   16|          0|
    |empty_313_reg_2447                                                           |  16|   0|   16|          0|
    |empty_314_reg_2452                                                           |  16|   0|   16|          0|
    |empty_315_reg_2457                                                           |  16|   0|   16|          0|
    |empty_316_reg_2462                                                           |  16|   0|   16|          0|
    |empty_318_reg_2467                                                           |  16|   0|   16|          0|
    |empty_319_reg_2472                                                           |  16|   0|   16|          0|
    |empty_320_reg_2477                                                           |  16|   0|   16|          0|
    |empty_321_reg_2482                                                           |  16|   0|   16|          0|
    |empty_322_reg_2487                                                           |  16|   0|   16|          0|
    |empty_323_reg_2492                                                           |  16|   0|   16|          0|
    |empty_324_reg_2497                                                           |  16|   0|   16|          0|
    |empty_325_reg_2502                                                           |  16|   0|   16|          0|
    |empty_326_reg_2507                                                           |  16|   0|   16|          0|
    |empty_327_reg_2512                                                           |  16|   0|   16|          0|
    |empty_328_reg_2517                                                           |  16|   0|   16|          0|
    |empty_329_reg_2522                                                           |  16|   0|   16|          0|
    |empty_330_reg_2527                                                           |  16|   0|   16|          0|
    |empty_331_reg_2532                                                           |  16|   0|   16|          0|
    |empty_332_reg_2537                                                           |  16|   0|   16|          0|
    |empty_334_reg_2542                                                           |  16|   0|   16|          0|
    |empty_335_reg_2547                                                           |  16|   0|   16|          0|
    |empty_336_reg_2552                                                           |  16|   0|   16|          0|
    |empty_337_reg_2557                                                           |  16|   0|   16|          0|
    |empty_339_reg_2562                                                           |  16|   0|   16|          0|
    |empty_340_reg_2567                                                           |  16|   0|   16|          0|
    |empty_341_reg_2572                                                           |  16|   0|   16|          0|
    |empty_342_reg_2577                                                           |  16|   0|   16|          0|
    |empty_344_reg_2582                                                           |  16|   0|   16|          0|
    |empty_346_reg_2587                                                           |  16|   0|   16|          0|
    |empty_reg_1979                                                               |  16|   0|   16|          0|
    |fir_int_int_shift_reg                                                        |  32|   0|   32|          0|
    |fir_int_int_shift_reg_1                                                      |  32|   0|   32|          0|
    |fir_int_int_shift_reg_2                                                      |  32|   0|   32|          0|
    |fir_int_int_shift_reg_3                                                      |  32|   0|   32|          0|
    |fir_int_int_shift_reg_4                                                      |  32|   0|   32|          0|
    |fir_int_int_shift_reg_5                                                      |  32|   0|   32|          0|
    |fir_int_int_shift_reg_6                                                      |  32|   0|   32|          0|
    |fir_int_int_shift_reg_7                                                      |  32|   0|   32|          0|
    |fir_int_int_shift_reg_8                                                      |  32|   0|   32|          0|
    |fir_int_int_shift_reg_9                                                      |  32|   0|   32|          0|
    |fir_mulint_int_shift_reg_lo_signed_char_double_loc_fu_332                    |  16|   0|   16|          0|
    |fir_mulint_int_shift_reg_load_loc_fu_328                                     |  16|   0|   16|          0|
    |fir_mulint_int_shift_reg_long_unsigned_int128_signed_char_double_loc_fu_336  |  16|   0|   16|          0|
    |grp_fir_Pipeline_MAC_fu_619_ap_start_reg                                     |   1|   0|    1|          0|
    |grp_fir_Pipeline_TDL_fu_353_ap_start_reg                                     |   1|   0|    1|          0|
    |p_ZZ3firPiiE9shift_reg_10                                                    |  32|   0|   32|          0|
    |p_ZZ3firPiiE9shift_reg_100                                                   |  32|   0|   32|          0|
    |p_ZZ3firPiiE9shift_reg_101                                                   |  32|   0|   32|          0|
    |p_ZZ3firPiiE9shift_reg_102                                                   |  32|   0|   32|          0|
    |p_ZZ3firPiiE9shift_reg_103                                                   |  32|   0|   32|          0|
    |p_ZZ3firPiiE9shift_reg_104                                                   |  32|   0|   32|          0|
    |p_ZZ3firPiiE9shift_reg_105                                                   |  32|   0|   32|          0|
    |p_ZZ3firPiiE9shift_reg_106                                                   |  32|   0|   32|          0|
    |p_ZZ3firPiiE9shift_reg_107                                                   |  32|   0|   32|          0|
    |p_ZZ3firPiiE9shift_reg_108                                                   |  32|   0|   32|          0|
    |p_ZZ3firPiiE9shift_reg_109                                                   |  32|   0|   32|          0|
    |p_ZZ3firPiiE9shift_reg_11                                                    |  32|   0|   32|          0|
    |p_ZZ3firPiiE9shift_reg_110                                                   |  32|   0|   32|          0|
    |p_ZZ3firPiiE9shift_reg_111                                                   |  32|   0|   32|          0|
    |p_ZZ3firPiiE9shift_reg_112                                                   |  32|   0|   32|          0|
    |p_ZZ3firPiiE9shift_reg_113                                                   |  32|   0|   32|          0|
    |p_ZZ3firPiiE9shift_reg_114                                                   |  32|   0|   32|          0|
    |p_ZZ3firPiiE9shift_reg_115                                                   |  32|   0|   32|          0|
    |p_ZZ3firPiiE9shift_reg_116                                                   |  32|   0|   32|          0|
    |p_ZZ3firPiiE9shift_reg_117                                                   |  32|   0|   32|          0|
    |p_ZZ3firPiiE9shift_reg_118                                                   |  32|   0|   32|          0|
    |p_ZZ3firPiiE9shift_reg_119                                                   |  32|   0|   32|          0|
    |p_ZZ3firPiiE9shift_reg_12                                                    |  32|   0|   32|          0|
    |p_ZZ3firPiiE9shift_reg_120                                                   |  32|   0|   32|          0|
    |p_ZZ3firPiiE9shift_reg_121                                                   |  32|   0|   32|          0|
    |p_ZZ3firPiiE9shift_reg_122                                                   |  32|   0|   32|          0|
    |p_ZZ3firPiiE9shift_reg_123                                                   |  32|   0|   32|          0|
    |p_ZZ3firPiiE9shift_reg_124                                                   |  32|   0|   32|          0|
    |p_ZZ3firPiiE9shift_reg_125                                                   |  32|   0|   32|          0|
    |p_ZZ3firPiiE9shift_reg_126                                                   |  32|   0|   32|          0|
    |p_ZZ3firPiiE9shift_reg_127_load_loc_fu_324                                   |  16|   0|   16|          0|
    |p_ZZ3firPiiE9shift_reg_128                                                   |  16|   0|   16|          0|
    |p_ZZ3firPiiE9shift_reg_13                                                    |  32|   0|   32|          0|
    |p_ZZ3firPiiE9shift_reg_14                                                    |  32|   0|   32|          0|
    |p_ZZ3firPiiE9shift_reg_15                                                    |  32|   0|   32|          0|
    |p_ZZ3firPiiE9shift_reg_16                                                    |  32|   0|   32|          0|
    |p_ZZ3firPiiE9shift_reg_17                                                    |  32|   0|   32|          0|
    |p_ZZ3firPiiE9shift_reg_18                                                    |  32|   0|   32|          0|
    |p_ZZ3firPiiE9shift_reg_19                                                    |  32|   0|   32|          0|
    |p_ZZ3firPiiE9shift_reg_20                                                    |  32|   0|   32|          0|
    |p_ZZ3firPiiE9shift_reg_21                                                    |  32|   0|   32|          0|
    |p_ZZ3firPiiE9shift_reg_22                                                    |  32|   0|   32|          0|
    |p_ZZ3firPiiE9shift_reg_23                                                    |  32|   0|   32|          0|
    |p_ZZ3firPiiE9shift_reg_24                                                    |  32|   0|   32|          0|
    |p_ZZ3firPiiE9shift_reg_25                                                    |  32|   0|   32|          0|
    |p_ZZ3firPiiE9shift_reg_26                                                    |  32|   0|   32|          0|
    |p_ZZ3firPiiE9shift_reg_27                                                    |  32|   0|   32|          0|
    |p_ZZ3firPiiE9shift_reg_28                                                    |  32|   0|   32|          0|
    |p_ZZ3firPiiE9shift_reg_29                                                    |  32|   0|   32|          0|
    |p_ZZ3firPiiE9shift_reg_30                                                    |  32|   0|   32|          0|
    |p_ZZ3firPiiE9shift_reg_32                                                    |  32|   0|   32|          0|
    |p_ZZ3firPiiE9shift_reg_33                                                    |  32|   0|   32|          0|
    |p_ZZ3firPiiE9shift_reg_34                                                    |  32|   0|   32|          0|
    |p_ZZ3firPiiE9shift_reg_35                                                    |  32|   0|   32|          0|
    |p_ZZ3firPiiE9shift_reg_36                                                    |  32|   0|   32|          0|
    |p_ZZ3firPiiE9shift_reg_37                                                    |  32|   0|   32|          0|
    |p_ZZ3firPiiE9shift_reg_38                                                    |  32|   0|   32|          0|
    |p_ZZ3firPiiE9shift_reg_39                                                    |  32|   0|   32|          0|
    |p_ZZ3firPiiE9shift_reg_40                                                    |  32|   0|   32|          0|
    |p_ZZ3firPiiE9shift_reg_41                                                    |  32|   0|   32|          0|
    |p_ZZ3firPiiE9shift_reg_42                                                    |  32|   0|   32|          0|
    |p_ZZ3firPiiE9shift_reg_43                                                    |  32|   0|   32|          0|
    |p_ZZ3firPiiE9shift_reg_44                                                    |  32|   0|   32|          0|
    |p_ZZ3firPiiE9shift_reg_45                                                    |  32|   0|   32|          0|
    |p_ZZ3firPiiE9shift_reg_46                                                    |  32|   0|   32|          0|
    |p_ZZ3firPiiE9shift_reg_47                                                    |  32|   0|   32|          0|
    |p_ZZ3firPiiE9shift_reg_48                                                    |  32|   0|   32|          0|
    |p_ZZ3firPiiE9shift_reg_49                                                    |  32|   0|   32|          0|
    |p_ZZ3firPiiE9shift_reg_50                                                    |  32|   0|   32|          0|
    |p_ZZ3firPiiE9shift_reg_51                                                    |  32|   0|   32|          0|
    |p_ZZ3firPiiE9shift_reg_52                                                    |  32|   0|   32|          0|
    |p_ZZ3firPiiE9shift_reg_53                                                    |  32|   0|   32|          0|
    |p_ZZ3firPiiE9shift_reg_54                                                    |  32|   0|   32|          0|
    |p_ZZ3firPiiE9shift_reg_55                                                    |  32|   0|   32|          0|
    |p_ZZ3firPiiE9shift_reg_56                                                    |  32|   0|   32|          0|
    |p_ZZ3firPiiE9shift_reg_57                                                    |  32|   0|   32|          0|
    |p_ZZ3firPiiE9shift_reg_58                                                    |  32|   0|   32|          0|
    |p_ZZ3firPiiE9shift_reg_59                                                    |  32|   0|   32|          0|
    |p_ZZ3firPiiE9shift_reg_60                                                    |  32|   0|   32|          0|
    |p_ZZ3firPiiE9shift_reg_61                                                    |  32|   0|   32|          0|
    |p_ZZ3firPiiE9shift_reg_62                                                    |  32|   0|   32|          0|
    |p_ZZ3firPiiE9shift_reg_64                                                    |  32|   0|   32|          0|
    |p_ZZ3firPiiE9shift_reg_65                                                    |  32|   0|   32|          0|
    |p_ZZ3firPiiE9shift_reg_66                                                    |  32|   0|   32|          0|
    |p_ZZ3firPiiE9shift_reg_67                                                    |  32|   0|   32|          0|
    |p_ZZ3firPiiE9shift_reg_68                                                    |  32|   0|   32|          0|
    |p_ZZ3firPiiE9shift_reg_69                                                    |  32|   0|   32|          0|
    |p_ZZ3firPiiE9shift_reg_70                                                    |  32|   0|   32|          0|
    |p_ZZ3firPiiE9shift_reg_71                                                    |  32|   0|   32|          0|
    |p_ZZ3firPiiE9shift_reg_72                                                    |  32|   0|   32|          0|
    |p_ZZ3firPiiE9shift_reg_73                                                    |  32|   0|   32|          0|
    |p_ZZ3firPiiE9shift_reg_74                                                    |  32|   0|   32|          0|
    |p_ZZ3firPiiE9shift_reg_75                                                    |  32|   0|   32|          0|
    |p_ZZ3firPiiE9shift_reg_76                                                    |  32|   0|   32|          0|
    |p_ZZ3firPiiE9shift_reg_77                                                    |  32|   0|   32|          0|
    |p_ZZ3firPiiE9shift_reg_78                                                    |  32|   0|   32|          0|
    |p_ZZ3firPiiE9shift_reg_79                                                    |  32|   0|   32|          0|
    |p_ZZ3firPiiE9shift_reg_80                                                    |  32|   0|   32|          0|
    |p_ZZ3firPiiE9shift_reg_81                                                    |  32|   0|   32|          0|
    |p_ZZ3firPiiE9shift_reg_82                                                    |  32|   0|   32|          0|
    |p_ZZ3firPiiE9shift_reg_83                                                    |  32|   0|   32|          0|
    |p_ZZ3firPiiE9shift_reg_84                                                    |  32|   0|   32|          0|
    |p_ZZ3firPiiE9shift_reg_85                                                    |  32|   0|   32|          0|
    |p_ZZ3firPiiE9shift_reg_86                                                    |  32|   0|   32|          0|
    |p_ZZ3firPiiE9shift_reg_87                                                    |  32|   0|   32|          0|
    |p_ZZ3firPiiE9shift_reg_88                                                    |  32|   0|   32|          0|
    |p_ZZ3firPiiE9shift_reg_89                                                    |  32|   0|   32|          0|
    |p_ZZ3firPiiE9shift_reg_90                                                    |  32|   0|   32|          0|
    |p_ZZ3firPiiE9shift_reg_91                                                    |  32|   0|   32|          0|
    |p_ZZ3firPiiE9shift_reg_92                                                    |  32|   0|   32|          0|
    |p_ZZ3firPiiE9shift_reg_93                                                    |  32|   0|   32|          0|
    |p_ZZ3firPiiE9shift_reg_94                                                    |  32|   0|   32|          0|
    |p_ZZ3firPiiE9shift_reg_96                                                    |  32|   0|   32|          0|
    |p_ZZ3firPiiE9shift_reg_97                                                    |  32|   0|   32|          0|
    |p_ZZ3firPiiE9shift_reg_98                                                    |  32|   0|   32|          0|
    |p_ZZ3firPiiE9shift_reg_99                                                    |  32|   0|   32|          0|
    |trunc_ln15_reg_1962                                                          |  16|   0|   16|          0|
    |trunc_ln38_reg_2592                                                          |  16|   0|   16|          0|
    +-----------------------------------------------------------------------------+----+----+-----+-----------+
    |Total                                                                        |6055|   0| 6055|          0|
    +-----------------------------------------------------------------------------+----+----+-----+-----------+



================================================================
== Interface
================================================================
* Summary: 
+----------+-----+-----+------------+--------------+--------------+
| RTL Ports| Dir | Bits|  Protocol  | Source Object|    C Type    |
+----------+-----+-----+------------+--------------+--------------+
|ap_clk    |   in|    1|  ap_ctrl_hs|           fir|  return value|
|ap_rst    |   in|    1|  ap_ctrl_hs|           fir|  return value|
|ap_start  |   in|    1|  ap_ctrl_hs|           fir|  return value|
|ap_done   |  out|    1|  ap_ctrl_hs|           fir|  return value|
|ap_idle   |  out|    1|  ap_ctrl_hs|           fir|  return value|
|ap_ready  |  out|    1|  ap_ctrl_hs|           fir|  return value|
|y         |  out|   32|      ap_vld|             y|       pointer|
|y_ap_vld  |  out|    1|      ap_vld|             y|       pointer|
|x         |   in|   32|     ap_none|             x|        scalar|
+----------+-----+-----+------------+--------------+--------------+

