dfgPass::INFOR: DFG Pass going to run on Module: /home/linux/ieng6/students/162/mak025/chole_bhature/project_files/project3/Q8/dft_1024_opt/dft_1024_opt/hls/csim/code_analyzer/.internal/instrument/app_0/project.symbols.bc
dfgPass::INFOR:     Parsing the provided input trace files...
dfgPass::INFOR:     Initializing InstructionCounter...
dfgPass::VERBO:     +0 is not a loop
dfgPass::VERBO:     +0 is not a loop
dfgPass::VERBO:     +0 is not a loop
dfgPass::VERBO:     +0 is not a loop
dfgPass::VERBO:     +0 is not a loop
dfgPass::VERBO:     +0 is not a loop
dfgPass::VERBO:     +0 is not a loop
dfgPass::VERBO:       - BEFORE BREAK
dfgPass::VERBO:       - for.cond4
dfgPass::VERBO:         - memlocal of :i:0
dfgPass::VERBO:         - LCV conditional branch 6:48
dfgPass::VERBO:       - AFTER BREAK
dfgPass::VERBO:       - for.body6
dfgPass::VERBO:         - memlocal of :fp:0
dfgPass::VERBO:         - invalid TR:4:0
dfgPass::VERBO:       - BEFORE BREAK
dfgPass::VERBO:       - for.cond
dfgPass::VERBO:         - memlocal of :i:0
dfgPass::VERBO:         - LCV conditional branch 6:48
dfgPass::VERBO:       - AFTER BREAK
dfgPass::VERBO:       - for.body
dfgPass::VERBO:         - memlocal of :i:0
dfgPass::VERBO:         - memlocal of :i:0
dfgPass::VERBO:         - memlocal of :i:0
dfgPass::VERBO:       - AFTER BREAK
dfgPass::VERBO:       - for.inc
dfgPass::VERBO:         - memlocal of :i:0
dfgPass::VERBO:         - memlocal of :i:1
dfgPass::VERBO:       - AFTER BREAK
dfgPass::VERBO:     +0 is not a loop
dfgPass::VERBO:     +0 is not a loop
dfgPass::VERBO:     +0 is not a loop
dfgPass::VERBO:     +0 is not a loop
dfgPass::VERBO:     +0 is not a loop
dfgPass::VERBO:     +0 is not a loop
dfgPass::VERBO:     +0 is not a loop
dfgPass::VERBO:     +1 is not an innermost loop
dfgPass::VERBO:       - BEFORE BREAK
dfgPass::VERBO:       - for.cond4
dfgPass::VERBO:         - memlocal of :i:0
dfgPass::VERBO:         - LCV conditional branch 6:48
dfgPass::VERBO:       - AFTER BREAK
dfgPass::VERBO:       - for.body6
dfgPass::VERBO:         - memlocal of :i:0
dfgPass::VERBO:         - memlocal of :j:0
dfgPass::VERBO:         - memlocal of :unnamed:1
dfgPass::VERBO:         - memlocal of :unnamed:0
dfgPass::VERBO:         - memlocal of :idx:1
dfgPass::VERBO:         - memlocal of :idx:0
dfgPass::VERBO:         - memlocal of :c:1
dfgPass::VERBO:         - memlocal of :idx:0
dfgPass::VERBO:         - memlocal of :s:1
dfgPass::VERBO:         - memlocal of :rs:0
dfgPass::VERBO:         - memlocal of :c:0
dfgPass::VERBO:         - memlocal of :t1:1
dfgPass::VERBO:         - memlocal of :is:0
dfgPass::VERBO:         - memlocal of :s:0
dfgPass::VERBO:         - memlocal of :t2:1
dfgPass::VERBO:         - memlocal of :rs:0
dfgPass::VERBO:         - memlocal of :s:0
dfgPass::VERBO:         - memlocal of :t3:1
dfgPass::VERBO:         - memlocal of :is:0
dfgPass::VERBO:         - memlocal of :c:0
dfgPass::VERBO:         - memlocal of :t4:1
dfgPass::VERBO:         - memlocal of :t1:0
dfgPass::VERBO:         - memlocal of :t2:0
dfgPass::VERBO:         - memlocal of :real_result:1
dfgPass::VERBO:         - memlocal of :t3:0
dfgPass::VERBO:         - memlocal of :t4:0
dfgPass::VERBO:         - memlocal of :imag_result:1
dfgPass::VERBO:         - memlocal of :real_result:0
dfgPass::VERBO:         - memlocal of :real_op:0
dfgPass::VERBO:         - memlocal of :i:0
dfgPass::VERBO:         - memlocal of :imag_result:0
dfgPass::VERBO:         - memlocal of :imag_op:0
dfgPass::VERBO:         - memlocal of :i:0
dfgPass::VERBO:       - AFTER BREAK
dfgPass::VERBO:       - for.inc
dfgPass::VERBO:         - memlocal of :i:0
dfgPass::VERBO:         - memlocal of :i:1
dfgPass::VERBO:         - memlocal of :unnamed:1
dfgPass::VERBO:       - AFTER BREAK
dfgPass::INFOR:     Parsing trace...
dfgPass::INFOR:     End of the trace parse
