Fri Nov  7 18:34:19 2025: Running xcd server. This server was built by gradle.
Fri Nov  7 18:34:19 2025: Server was asked to start on port: '48217'
Fri Nov  7 18:34:19 2025: Server is using token UUID: '6c2c1648-bc4b-11f0-8669-5452803643ae'
Fri Nov  7 18:34:19 2025: SESSION_MGR: creating session with session uuid: '6d04a3e9-ade5-4ab9-8d63-1f78fcd2ec76' and name 'default'
Fri Nov  7 18:34:19 2025: Attempting to start server on port '48217'
Fri Nov  7 18:34:19 2025: XCD main fifo: created main fifo '/tmp/xcdmain6c2c1648-bc4b-11f0-8669-5452803643ae', fd read = 11
Fri Nov  7 18:34:19 2025: Running Dispatch Server
Fri Nov  7 18:34:19 2025: Version 2.2.0
Fri Nov  7 18:34:20 2025: Dispatch Server: Accepted socket connection from client
Fri Nov  7 18:34:20 2025: Starting Socket connection
Fri Nov  7 18:34:20 2025: EXCHANGE_TOKEN received, server token: 6c2c1648-bc4b-11f0-8669-5452803643ae, passed token: 6c2c1648-bc4b-11f0-8669-5452803643ae
Fri Nov  7 18:34:20 2025: SESSION_MGR: creating session with session uuid: '26dc797f-d60a-4a4d-901c-1f6f7c0e3b3a' and name 'Code Analyzer'
Fri Nov  7 18:34:20 2025: KERNEL_SVC: creating session with uuid: '26dc797f-d60a-4a4d-901c-1f6f7c0e3b3a' and name 'Code Analyzer'
Fri Nov  7 18:34:20 2025: GUIDANCE_SMGR: creating guidance session with uuid: '26dc797f-d60a-4a4d-901c-1f6f7c0e3b3a' and name 'Code Analyzer'
Fri Nov  7 18:34:20 2025: SESSION_MGR: closing session for UUID '26dc797f-d60a-4a4d-901c-1f6f7c0e3b3a' with name ''
Fri Nov  7 18:34:20 2025: KERNEL_SVC: closing session for UUID '26dc797f-d60a-4a4d-901c-1f6f7c0e3b3a' with name ''
Fri Nov  7 18:34:20 2025: GUIDANCE_SMGR: closing session for UUID '26dc797f-d60a-4a4d-901c-1f6f7c0e3b3a' with name ''
Fri Nov  7 18:34:20 2025: STOP_SERVER received, server token: 6c2c1648-bc4b-11f0-8669-5452803643ae, passed token: 6c2c1648-bc4b-11f0-8669-5452803643ae
Fri Nov  7 18:34:20 2025: Socket received request to stop server.
Fri Nov  7 18:34:20 2025: Dispatch Server: do_await_stop
Fri Nov  7 18:34:20 2025: Dispatch Server: stopping mainFifo_
Fri Nov  7 18:34:20 2025: XCD main fifo: Stopping
Fri Nov  7 18:34:20 2025: XCD main fifo: do_read error code: Operation canceled
Fri Nov  7 18:34:20 2025: XCD main fifo: bytes_transferred: 0
Fri Nov  7 18:34:20 2025: SERVER: destructor for server bound to port 48217
Fri Nov  7 18:34:20 2025: XCD main fifo: Good unlink of /tmp/xcdmain6c2c1648-bc4b-11f0-8669-5452803643ae
Fri Nov  7 18:34:20 2025: Server exiting with status 0.
Fri Nov  7 18:34:20 2025: Closing log file.
Fri Nov  7 18:35:22 2025: Running xcd server. This server was built by gradle.
Fri Nov  7 18:35:22 2025: Server was asked to start on port: '37173'
Fri Nov  7 18:35:22 2025: Server is using token UUID: '920ec2d4-bc4b-11f0-8669-5452803643ae'
Fri Nov  7 18:35:22 2025: SESSION_MGR: creating session with session uuid: '6d04a3e9-ade5-4ab9-8d63-1f78fcd2ec76' and name 'default'
Fri Nov  7 18:35:22 2025: Attempting to start server on port '37173'
Fri Nov  7 18:35:22 2025: XCD main fifo: created main fifo '/tmp/xcdmain920ec2d4-bc4b-11f0-8669-5452803643ae', fd read = 11
Fri Nov  7 18:35:22 2025: Running Dispatch Server
Fri Nov  7 18:35:22 2025: Version 2.2.0
Fri Nov  7 18:35:23 2025: Dispatch Server: Accepted socket connection from client
Fri Nov  7 18:35:23 2025: Starting Socket connection
Fri Nov  7 18:35:23 2025: EXCHANGE_TOKEN received, server token: 920ec2d4-bc4b-11f0-8669-5452803643ae, passed token: 920ec2d4-bc4b-11f0-8669-5452803643ae
Fri Nov  7 18:35:23 2025: SESSION_MGR: creating session with session uuid: 'd3a244b9-10f4-4821-9533-2b62025d4a7c' and name 'Code Analyzer'
Fri Nov  7 18:35:23 2025: KERNEL_SVC: creating session with uuid: 'd3a244b9-10f4-4821-9533-2b62025d4a7c' and name 'Code Analyzer'
Fri Nov  7 18:35:23 2025: GUIDANCE_SMGR: creating guidance session with uuid: 'd3a244b9-10f4-4821-9533-2b62025d4a7c' and name 'Code Analyzer'
Fri Nov  7 18:35:31 2025: SESSION_MGR: closing session for UUID 'd3a244b9-10f4-4821-9533-2b62025d4a7c' with name ''
Fri Nov  7 18:35:31 2025: KERNEL_SVC: closing session for UUID 'd3a244b9-10f4-4821-9533-2b62025d4a7c' with name ''
Fri Nov  7 18:35:31 2025: GUIDANCE_SMGR: closing session for UUID 'd3a244b9-10f4-4821-9533-2b62025d4a7c' with name ''
Fri Nov  7 18:35:31 2025: STOP_SERVER received, server token: 920ec2d4-bc4b-11f0-8669-5452803643ae, passed token: 920ec2d4-bc4b-11f0-8669-5452803643ae
Fri Nov  7 18:35:31 2025: Socket received request to stop server.
Fri Nov  7 18:35:31 2025: Dispatch Server: do_await_stop
Fri Nov  7 18:35:31 2025: Dispatch Server: stopping mainFifo_
Fri Nov  7 18:35:31 2025: XCD main fifo: Stopping
Fri Nov  7 18:35:31 2025: XCD main fifo: do_read error code: Operation canceled
Fri Nov  7 18:35:31 2025: XCD main fifo: bytes_transferred: 0
Fri Nov  7 18:35:31 2025: SERVER: destructor for server bound to port 37173
Fri Nov  7 18:35:31 2025: XCD main fifo: Good unlink of /tmp/xcdmain920ec2d4-bc4b-11f0-8669-5452803643ae
Fri Nov  7 18:35:31 2025: Server exiting with status 0.
Fri Nov  7 18:35:31 2025: Closing log file.
Fri Nov  7 18:36:47 2025: Running xcd server. This server was built by gradle.
Fri Nov  7 18:36:47 2025: Server was asked to start on port: '39569'
Fri Nov  7 18:36:47 2025: Server is using token UUID: 'c47b6aba-bc4b-11f0-8669-5452803643ae'
Fri Nov  7 18:36:47 2025: SESSION_MGR: creating session with session uuid: '6d04a3e9-ade5-4ab9-8d63-1f78fcd2ec76' and name 'default'
Fri Nov  7 18:36:47 2025: Attempting to start server on port '39569'
Fri Nov  7 18:36:47 2025: XCD main fifo: created main fifo '/tmp/xcdmainc47b6aba-bc4b-11f0-8669-5452803643ae', fd read = 11
Fri Nov  7 18:36:47 2025: Running Dispatch Server
Fri Nov  7 18:36:47 2025: Version 2.2.0
Fri Nov  7 18:36:48 2025: Dispatch Server: Accepted socket connection from client
Fri Nov  7 18:36:48 2025: Starting Socket connection
Fri Nov  7 18:36:48 2025: EXCHANGE_TOKEN received, server token: c47b6aba-bc4b-11f0-8669-5452803643ae, passed token: c47b6aba-bc4b-11f0-8669-5452803643ae
Fri Nov  7 18:36:48 2025: SESSION_MGR: creating session with session uuid: '73fe4299-3db8-45fc-9f9b-3a564368299d' and name 'Code Analyzer'
Fri Nov  7 18:36:48 2025: KERNEL_SVC: creating session with uuid: '73fe4299-3db8-45fc-9f9b-3a564368299d' and name 'Code Analyzer'
Fri Nov  7 18:36:48 2025: GUIDANCE_SMGR: creating guidance session with uuid: '73fe4299-3db8-45fc-9f9b-3a564368299d' and name 'Code Analyzer'
Fri Nov  7 18:36:51 2025: SESSION_MGR: closing session for UUID '73fe4299-3db8-45fc-9f9b-3a564368299d' with name ''
Fri Nov  7 18:36:51 2025: KERNEL_SVC: closing session for UUID '73fe4299-3db8-45fc-9f9b-3a564368299d' with name ''
Fri Nov  7 18:36:51 2025: GUIDANCE_SMGR: closing session for UUID '73fe4299-3db8-45fc-9f9b-3a564368299d' with name ''
Fri Nov  7 18:36:51 2025: STOP_SERVER received, server token: c47b6aba-bc4b-11f0-8669-5452803643ae, passed token: c47b6aba-bc4b-11f0-8669-5452803643ae
Fri Nov  7 18:36:51 2025: Socket received request to stop server.
Fri Nov  7 18:36:51 2025: Dispatch Server: do_await_stop
Fri Nov  7 18:36:51 2025: Dispatch Server: stopping mainFifo_
Fri Nov  7 18:36:51 2025: XCD main fifo: Stopping
Fri Nov  7 18:36:51 2025: XCD main fifo: do_read error code: Operation canceled
Fri Nov  7 18:36:51 2025: XCD main fifo: bytes_transferred: 0
Fri Nov  7 18:36:51 2025: SERVER: destructor for server bound to port 39569
Fri Nov  7 18:36:51 2025: XCD main fifo: Good unlink of /tmp/xcdmainc47b6aba-bc4b-11f0-8669-5452803643ae
Fri Nov  7 18:36:51 2025: Server exiting with status 0.
Fri Nov  7 18:36:51 2025: Closing log file.
Fri Nov  7 18:53:03 2025: Running xcd server. This server was built by gradle.
Fri Nov  7 18:53:03 2025: Server was asked to start on port: '51779'
Fri Nov  7 18:53:03 2025: Server is using token UUID: '0a356630-bc4e-11f0-8669-5452803643ae'
Fri Nov  7 18:53:03 2025: SESSION_MGR: creating session with session uuid: '6d04a3e9-ade5-4ab9-8d63-1f78fcd2ec76' and name 'default'
Fri Nov  7 18:53:03 2025: Attempting to start server on port '51779'
Fri Nov  7 18:53:03 2025: XCD main fifo: created main fifo '/tmp/xcdmain0a356630-bc4e-11f0-8669-5452803643ae', fd read = 11
Fri Nov  7 18:53:03 2025: Running Dispatch Server
Fri Nov  7 18:53:03 2025: Version 2.2.0
Fri Nov  7 18:53:04 2025: Dispatch Server: Accepted socket connection from client
Fri Nov  7 18:53:04 2025: Starting Socket connection
Fri Nov  7 18:53:04 2025: EXCHANGE_TOKEN received, server token: 0a356630-bc4e-11f0-8669-5452803643ae, passed token: 0a356630-bc4e-11f0-8669-5452803643ae
Fri Nov  7 18:53:04 2025: SESSION_MGR: creating session with session uuid: '900dd2cd-cd63-447e-8550-f58e9bef43a6' and name 'Code Analyzer'
Fri Nov  7 18:53:04 2025: KERNEL_SVC: creating session with uuid: '900dd2cd-cd63-447e-8550-f58e9bef43a6' and name 'Code Analyzer'
Fri Nov  7 18:53:04 2025: GUIDANCE_SMGR: creating guidance session with uuid: '900dd2cd-cd63-447e-8550-f58e9bef43a6' and name 'Code Analyzer'
Fri Nov  7 18:53:04 2025: SESSION_MGR: closing session for UUID '900dd2cd-cd63-447e-8550-f58e9bef43a6' with name ''
Fri Nov  7 18:53:04 2025: KERNEL_SVC: closing session for UUID '900dd2cd-cd63-447e-8550-f58e9bef43a6' with name ''
Fri Nov  7 18:53:04 2025: GUIDANCE_SMGR: closing session for UUID '900dd2cd-cd63-447e-8550-f58e9bef43a6' with name ''
Fri Nov  7 18:53:04 2025: STOP_SERVER received, server token: 0a356630-bc4e-11f0-8669-5452803643ae, passed token: 0a356630-bc4e-11f0-8669-5452803643ae
Fri Nov  7 18:53:04 2025: Socket received request to stop server.
Fri Nov  7 18:53:04 2025: Dispatch Server: do_await_stop
Fri Nov  7 18:53:04 2025: Dispatch Server: stopping mainFifo_
Fri Nov  7 18:53:04 2025: XCD main fifo: Stopping
Fri Nov  7 18:53:04 2025: XCD main fifo: do_read error code: Operation canceled
Fri Nov  7 18:53:04 2025: XCD main fifo: bytes_transferred: 0
Fri Nov  7 18:53:04 2025: SERVER: destructor for server bound to port 51779
Fri Nov  7 18:53:04 2025: XCD main fifo: Good unlink of /tmp/xcdmain0a356630-bc4e-11f0-8669-5452803643ae
Fri Nov  7 18:53:04 2025: Server exiting with status 0.
Fri Nov  7 18:53:04 2025: Closing log file.
