

================================================================
== Vitis HLS Report for 'dft'
================================================================
* Date:           Fri Nov  7 20:22:19 2025

* Version:        2024.2 (Build 5238294 on Nov  8 2024)
* Project:        dft_1024_opt
* Solution:       hls (Vivado IP Flow Target)
* Product family: zynq
* Target device:  xc7z020-clg400-1


================================================================
== Performance Estimates
================================================================
+ Timing: 
    * Summary: 
    +--------+----------+----------+------------+
    |  Clock |  Target  | Estimated| Uncertainty|
    +--------+----------+----------+------------+
    |ap_clk  |  10.00 ns|  7.256 ns|     2.70 ns|
    +--------+----------+----------+------------+

+ Latency: 
    * Summary: 
    +---------+---------+----------+----------+--------+--------+---------+
    |  Latency (cycles) |  Latency (absolute) |     Interval    | Pipeline|
    |   min   |   max   |    min   |    max   |   min  |   max  |   Type  |
    +---------+---------+----------+----------+--------+--------+---------+
    |   152577|   152577|  1.526 ms|  1.526 ms|  152578|  152578|       no|
    +---------+---------+----------+----------+--------+--------+---------+

    + Detail: 
        * Instance: 
        N/A

        * Loop: 
        +--------------+---------+---------+----------+-----------+-----------+------+----------+
        |              |  Latency (cycles) | Iteration|  Initiation Interval  | Trip |          |
        |   Loop Name  |   min   |   max   |  Latency |  achieved |   target  | Count| Pipelined|
        +--------------+---------+---------+----------+-----------+-----------+------+----------+
        |- OUTER_LOOP  |   152576|   152576|       298|          -|          -|   512|        no|
        +--------------+---------+---------+----------+-----------+-----------+------+----------+

============================================================
+ Verbose Summary: Synthesis Manager
============================================================
InlineROM: 1
ExposeGlobal: 0
============================================================
+ Verbose Summary: CDFG Model
============================================================
IsTopModel: 1
ResetActiveHigh: 1
IsCombinational: 0
IsDatapathOnly: 0
HasWiredReturn: 1
HasMFsm: 0
HasVarLatency: 1
IsPipeline: 0
IsRtlPipelined: 0
IsInstanceOverlapped: 0
IsDontTouch: 0
HasImplIP: 0
IsGatedGlobalClock: 0


============================================================
+ Verbose Summary: Schedule
============================================================
* Number of FSM states : 7
* Pipeline : 0
* Dataflow Pipeline: 0

* FSM state transitions: 
1 --> 2 
2 --> 3 
3 --> 4 
4 --> 5 
5 --> 6 
6 --> 7 
7 --> 2 

* FSM state operations: 

State 1 <SV = 0> <Delay = 1.58>
ST_1 : Operation 8 [1/1] (0.00ns)   --->   "%j = alloca i32 1" [../dft.cpp:14]   --->   Operation 8 'alloca' 'j' <Predicate = true> <Delay = 0.00>
ST_1 : Operation 9 [1/1] (0.00ns)   --->   "%spectopmodule_ln5 = spectopmodule void @_ssdm_op_SpecTopModule, void @empty_1" [../dft.cpp:5]   --->   Operation 9 'spectopmodule' 'spectopmodule_ln5' <Predicate = true> <Delay = 0.00>
ST_1 : Operation 10 [1/1] (0.00ns)   --->   "%specinterface_ln0 = specinterface void @_ssdm_op_SpecInterface, i32 %real_sample_0, void @empty, i32 0, i32 0, void @empty_0, i32 4294967295, i32 0, void @empty_0, void @empty_0, void @empty_0, i32 0, i32 0, i32 0, i32 0, void @empty_0, void @empty_0, i32 4294967295, i32 0, i32 0"   --->   Operation 10 'specinterface' 'specinterface_ln0' <Predicate = true> <Delay = 0.00>
ST_1 : Operation 11 [1/1] (0.00ns)   --->   "%specbitsmap_ln0 = specbitsmap void @_ssdm_op_SpecBitsMap, i32 %real_sample_0"   --->   Operation 11 'specbitsmap' 'specbitsmap_ln0' <Predicate = true> <Delay = 0.00>
ST_1 : Operation 12 [1/1] (0.00ns)   --->   "%specinterface_ln0 = specinterface void @_ssdm_op_SpecInterface, i32 %real_sample_1, void @empty, i32 0, i32 0, void @empty_0, i32 4294967295, i32 0, void @empty_0, void @empty_0, void @empty_0, i32 0, i32 0, i32 0, i32 0, void @empty_0, void @empty_0, i32 4294967295, i32 0, i32 0"   --->   Operation 12 'specinterface' 'specinterface_ln0' <Predicate = true> <Delay = 0.00>
ST_1 : Operation 13 [1/1] (0.00ns)   --->   "%specbitsmap_ln0 = specbitsmap void @_ssdm_op_SpecBitsMap, i32 %real_sample_1"   --->   Operation 13 'specbitsmap' 'specbitsmap_ln0' <Predicate = true> <Delay = 0.00>
ST_1 : Operation 14 [1/1] (0.00ns)   --->   "%specinterface_ln0 = specinterface void @_ssdm_op_SpecInterface, i32 %imag_sample_0, void @empty, i32 0, i32 0, void @empty_0, i32 4294967295, i32 0, void @empty_0, void @empty_0, void @empty_0, i32 0, i32 0, i32 0, i32 0, void @empty_0, void @empty_0, i32 4294967295, i32 0, i32 0"   --->   Operation 14 'specinterface' 'specinterface_ln0' <Predicate = true> <Delay = 0.00>
ST_1 : Operation 15 [1/1] (0.00ns)   --->   "%specbitsmap_ln0 = specbitsmap void @_ssdm_op_SpecBitsMap, i32 %imag_sample_0"   --->   Operation 15 'specbitsmap' 'specbitsmap_ln0' <Predicate = true> <Delay = 0.00>
ST_1 : Operation 16 [1/1] (0.00ns)   --->   "%specinterface_ln0 = specinterface void @_ssdm_op_SpecInterface, i32 %imag_sample_1, void @empty, i32 0, i32 0, void @empty_0, i32 4294967295, i32 0, void @empty_0, void @empty_0, void @empty_0, i32 0, i32 0, i32 0, i32 0, void @empty_0, void @empty_0, i32 4294967295, i32 0, i32 0"   --->   Operation 16 'specinterface' 'specinterface_ln0' <Predicate = true> <Delay = 0.00>
ST_1 : Operation 17 [1/1] (0.00ns)   --->   "%specbitsmap_ln0 = specbitsmap void @_ssdm_op_SpecBitsMap, i32 %imag_sample_1"   --->   Operation 17 'specbitsmap' 'specbitsmap_ln0' <Predicate = true> <Delay = 0.00>
ST_1 : Operation 18 [1/1] (0.00ns)   --->   "%specinterface_ln0 = specinterface void @_ssdm_op_SpecInterface, i32 %real_op_0, void @empty, i32 0, i32 0, void @empty_0, i32 4294967295, i32 0, void @empty_0, void @empty_0, void @empty_0, i32 0, i32 0, i32 0, i32 0, void @empty_0, void @empty_0, i32 4294967295, i32 0, i32 0"   --->   Operation 18 'specinterface' 'specinterface_ln0' <Predicate = true> <Delay = 0.00>
ST_1 : Operation 19 [1/1] (0.00ns)   --->   "%specbitsmap_ln0 = specbitsmap void @_ssdm_op_SpecBitsMap, i32 %real_op_0"   --->   Operation 19 'specbitsmap' 'specbitsmap_ln0' <Predicate = true> <Delay = 0.00>
ST_1 : Operation 20 [1/1] (0.00ns)   --->   "%specinterface_ln0 = specinterface void @_ssdm_op_SpecInterface, i32 %real_op_1, void @empty, i32 0, i32 0, void @empty_0, i32 4294967295, i32 0, void @empty_0, void @empty_0, void @empty_0, i32 0, i32 0, i32 0, i32 0, void @empty_0, void @empty_0, i32 4294967295, i32 0, i32 0"   --->   Operation 20 'specinterface' 'specinterface_ln0' <Predicate = true> <Delay = 0.00>
ST_1 : Operation 21 [1/1] (0.00ns)   --->   "%specbitsmap_ln0 = specbitsmap void @_ssdm_op_SpecBitsMap, i32 %real_op_1"   --->   Operation 21 'specbitsmap' 'specbitsmap_ln0' <Predicate = true> <Delay = 0.00>
ST_1 : Operation 22 [1/1] (0.00ns)   --->   "%specinterface_ln0 = specinterface void @_ssdm_op_SpecInterface, i32 %real_op_2, void @empty, i32 0, i32 0, void @empty_0, i32 4294967295, i32 0, void @empty_0, void @empty_0, void @empty_0, i32 0, i32 0, i32 0, i32 0, void @empty_0, void @empty_0, i32 4294967295, i32 0, i32 0"   --->   Operation 22 'specinterface' 'specinterface_ln0' <Predicate = true> <Delay = 0.00>
ST_1 : Operation 23 [1/1] (0.00ns)   --->   "%specbitsmap_ln0 = specbitsmap void @_ssdm_op_SpecBitsMap, i32 %real_op_2"   --->   Operation 23 'specbitsmap' 'specbitsmap_ln0' <Predicate = true> <Delay = 0.00>
ST_1 : Operation 24 [1/1] (0.00ns)   --->   "%specinterface_ln0 = specinterface void @_ssdm_op_SpecInterface, i32 %real_op_3, void @empty, i32 0, i32 0, void @empty_0, i32 4294967295, i32 0, void @empty_0, void @empty_0, void @empty_0, i32 0, i32 0, i32 0, i32 0, void @empty_0, void @empty_0, i32 4294967295, i32 0, i32 0"   --->   Operation 24 'specinterface' 'specinterface_ln0' <Predicate = true> <Delay = 0.00>
ST_1 : Operation 25 [1/1] (0.00ns)   --->   "%specbitsmap_ln0 = specbitsmap void @_ssdm_op_SpecBitsMap, i32 %real_op_3"   --->   Operation 25 'specbitsmap' 'specbitsmap_ln0' <Predicate = true> <Delay = 0.00>
ST_1 : Operation 26 [1/1] (0.00ns)   --->   "%specinterface_ln0 = specinterface void @_ssdm_op_SpecInterface, i32 %real_op_4, void @empty, i32 0, i32 0, void @empty_0, i32 4294967295, i32 0, void @empty_0, void @empty_0, void @empty_0, i32 0, i32 0, i32 0, i32 0, void @empty_0, void @empty_0, i32 4294967295, i32 0, i32 0"   --->   Operation 26 'specinterface' 'specinterface_ln0' <Predicate = true> <Delay = 0.00>
ST_1 : Operation 27 [1/1] (0.00ns)   --->   "%specbitsmap_ln0 = specbitsmap void @_ssdm_op_SpecBitsMap, i32 %real_op_4"   --->   Operation 27 'specbitsmap' 'specbitsmap_ln0' <Predicate = true> <Delay = 0.00>
ST_1 : Operation 28 [1/1] (0.00ns)   --->   "%specinterface_ln0 = specinterface void @_ssdm_op_SpecInterface, i32 %real_op_5, void @empty, i32 0, i32 0, void @empty_0, i32 4294967295, i32 0, void @empty_0, void @empty_0, void @empty_0, i32 0, i32 0, i32 0, i32 0, void @empty_0, void @empty_0, i32 4294967295, i32 0, i32 0"   --->   Operation 28 'specinterface' 'specinterface_ln0' <Predicate = true> <Delay = 0.00>
ST_1 : Operation 29 [1/1] (0.00ns)   --->   "%specbitsmap_ln0 = specbitsmap void @_ssdm_op_SpecBitsMap, i32 %real_op_5"   --->   Operation 29 'specbitsmap' 'specbitsmap_ln0' <Predicate = true> <Delay = 0.00>
ST_1 : Operation 30 [1/1] (0.00ns)   --->   "%specinterface_ln0 = specinterface void @_ssdm_op_SpecInterface, i32 %real_op_6, void @empty, i32 0, i32 0, void @empty_0, i32 4294967295, i32 0, void @empty_0, void @empty_0, void @empty_0, i32 0, i32 0, i32 0, i32 0, void @empty_0, void @empty_0, i32 4294967295, i32 0, i32 0"   --->   Operation 30 'specinterface' 'specinterface_ln0' <Predicate = true> <Delay = 0.00>
ST_1 : Operation 31 [1/1] (0.00ns)   --->   "%specbitsmap_ln0 = specbitsmap void @_ssdm_op_SpecBitsMap, i32 %real_op_6"   --->   Operation 31 'specbitsmap' 'specbitsmap_ln0' <Predicate = true> <Delay = 0.00>
ST_1 : Operation 32 [1/1] (0.00ns)   --->   "%specinterface_ln0 = specinterface void @_ssdm_op_SpecInterface, i32 %real_op_7, void @empty, i32 0, i32 0, void @empty_0, i32 4294967295, i32 0, void @empty_0, void @empty_0, void @empty_0, i32 0, i32 0, i32 0, i32 0, void @empty_0, void @empty_0, i32 4294967295, i32 0, i32 0"   --->   Operation 32 'specinterface' 'specinterface_ln0' <Predicate = true> <Delay = 0.00>
ST_1 : Operation 33 [1/1] (0.00ns)   --->   "%specbitsmap_ln0 = specbitsmap void @_ssdm_op_SpecBitsMap, i32 %real_op_7"   --->   Operation 33 'specbitsmap' 'specbitsmap_ln0' <Predicate = true> <Delay = 0.00>
ST_1 : Operation 34 [1/1] (0.00ns)   --->   "%specinterface_ln0 = specinterface void @_ssdm_op_SpecInterface, i32 %imag_op_0, void @empty, i32 0, i32 0, void @empty_0, i32 4294967295, i32 0, void @empty_0, void @empty_0, void @empty_0, i32 0, i32 0, i32 0, i32 0, void @empty_0, void @empty_0, i32 4294967295, i32 0, i32 0"   --->   Operation 34 'specinterface' 'specinterface_ln0' <Predicate = true> <Delay = 0.00>
ST_1 : Operation 35 [1/1] (0.00ns)   --->   "%specbitsmap_ln0 = specbitsmap void @_ssdm_op_SpecBitsMap, i32 %imag_op_0"   --->   Operation 35 'specbitsmap' 'specbitsmap_ln0' <Predicate = true> <Delay = 0.00>
ST_1 : Operation 36 [1/1] (0.00ns)   --->   "%specinterface_ln0 = specinterface void @_ssdm_op_SpecInterface, i32 %imag_op_1, void @empty, i32 0, i32 0, void @empty_0, i32 4294967295, i32 0, void @empty_0, void @empty_0, void @empty_0, i32 0, i32 0, i32 0, i32 0, void @empty_0, void @empty_0, i32 4294967295, i32 0, i32 0"   --->   Operation 36 'specinterface' 'specinterface_ln0' <Predicate = true> <Delay = 0.00>
ST_1 : Operation 37 [1/1] (0.00ns)   --->   "%specbitsmap_ln0 = specbitsmap void @_ssdm_op_SpecBitsMap, i32 %imag_op_1"   --->   Operation 37 'specbitsmap' 'specbitsmap_ln0' <Predicate = true> <Delay = 0.00>
ST_1 : Operation 38 [1/1] (0.00ns)   --->   "%specinterface_ln0 = specinterface void @_ssdm_op_SpecInterface, i32 %imag_op_2, void @empty, i32 0, i32 0, void @empty_0, i32 4294967295, i32 0, void @empty_0, void @empty_0, void @empty_0, i32 0, i32 0, i32 0, i32 0, void @empty_0, void @empty_0, i32 4294967295, i32 0, i32 0"   --->   Operation 38 'specinterface' 'specinterface_ln0' <Predicate = true> <Delay = 0.00>
ST_1 : Operation 39 [1/1] (0.00ns)   --->   "%specbitsmap_ln0 = specbitsmap void @_ssdm_op_SpecBitsMap, i32 %imag_op_2"   --->   Operation 39 'specbitsmap' 'specbitsmap_ln0' <Predicate = true> <Delay = 0.00>
ST_1 : Operation 40 [1/1] (0.00ns)   --->   "%specinterface_ln0 = specinterface void @_ssdm_op_SpecInterface, i32 %imag_op_3, void @empty, i32 0, i32 0, void @empty_0, i32 4294967295, i32 0, void @empty_0, void @empty_0, void @empty_0, i32 0, i32 0, i32 0, i32 0, void @empty_0, void @empty_0, i32 4294967295, i32 0, i32 0"   --->   Operation 40 'specinterface' 'specinterface_ln0' <Predicate = true> <Delay = 0.00>
ST_1 : Operation 41 [1/1] (0.00ns)   --->   "%specbitsmap_ln0 = specbitsmap void @_ssdm_op_SpecBitsMap, i32 %imag_op_3"   --->   Operation 41 'specbitsmap' 'specbitsmap_ln0' <Predicate = true> <Delay = 0.00>
ST_1 : Operation 42 [1/1] (0.00ns)   --->   "%specinterface_ln0 = specinterface void @_ssdm_op_SpecInterface, i32 %imag_op_4, void @empty, i32 0, i32 0, void @empty_0, i32 4294967295, i32 0, void @empty_0, void @empty_0, void @empty_0, i32 0, i32 0, i32 0, i32 0, void @empty_0, void @empty_0, i32 4294967295, i32 0, i32 0"   --->   Operation 42 'specinterface' 'specinterface_ln0' <Predicate = true> <Delay = 0.00>
ST_1 : Operation 43 [1/1] (0.00ns)   --->   "%specbitsmap_ln0 = specbitsmap void @_ssdm_op_SpecBitsMap, i32 %imag_op_4"   --->   Operation 43 'specbitsmap' 'specbitsmap_ln0' <Predicate = true> <Delay = 0.00>
ST_1 : Operation 44 [1/1] (0.00ns)   --->   "%specinterface_ln0 = specinterface void @_ssdm_op_SpecInterface, i32 %imag_op_5, void @empty, i32 0, i32 0, void @empty_0, i32 4294967295, i32 0, void @empty_0, void @empty_0, void @empty_0, i32 0, i32 0, i32 0, i32 0, void @empty_0, void @empty_0, i32 4294967295, i32 0, i32 0"   --->   Operation 44 'specinterface' 'specinterface_ln0' <Predicate = true> <Delay = 0.00>
ST_1 : Operation 45 [1/1] (0.00ns)   --->   "%specbitsmap_ln0 = specbitsmap void @_ssdm_op_SpecBitsMap, i32 %imag_op_5"   --->   Operation 45 'specbitsmap' 'specbitsmap_ln0' <Predicate = true> <Delay = 0.00>
ST_1 : Operation 46 [1/1] (0.00ns)   --->   "%specinterface_ln0 = specinterface void @_ssdm_op_SpecInterface, i32 %imag_op_6, void @empty, i32 0, i32 0, void @empty_0, i32 4294967295, i32 0, void @empty_0, void @empty_0, void @empty_0, i32 0, i32 0, i32 0, i32 0, void @empty_0, void @empty_0, i32 4294967295, i32 0, i32 0"   --->   Operation 46 'specinterface' 'specinterface_ln0' <Predicate = true> <Delay = 0.00>
ST_1 : Operation 47 [1/1] (0.00ns)   --->   "%specbitsmap_ln0 = specbitsmap void @_ssdm_op_SpecBitsMap, i32 %imag_op_6"   --->   Operation 47 'specbitsmap' 'specbitsmap_ln0' <Predicate = true> <Delay = 0.00>
ST_1 : Operation 48 [1/1] (0.00ns)   --->   "%specinterface_ln0 = specinterface void @_ssdm_op_SpecInterface, i32 %imag_op_7, void @empty, i32 0, i32 0, void @empty_0, i32 4294967295, i32 0, void @empty_0, void @empty_0, void @empty_0, i32 0, i32 0, i32 0, i32 0, void @empty_0, void @empty_0, i32 4294967295, i32 0, i32 0"   --->   Operation 48 'specinterface' 'specinterface_ln0' <Predicate = true> <Delay = 0.00>
ST_1 : Operation 49 [1/1] (0.00ns)   --->   "%specbitsmap_ln0 = specbitsmap void @_ssdm_op_SpecBitsMap, i32 %imag_op_7"   --->   Operation 49 'specbitsmap' 'specbitsmap_ln0' <Predicate = true> <Delay = 0.00>
ST_1 : Operation 50 [1/1] (1.58ns)   --->   "%store_ln14 = store i11 0, i11 %j" [../dft.cpp:14]   --->   Operation 50 'store' 'store_ln14' <Predicate = true> <Delay = 1.58>
ST_1 : Operation 51 [1/1] (0.00ns)   --->   "%br_ln14 = br void %INNER_LOOP" [../dft.cpp:14]   --->   Operation 51 'br' 'br_ln14' <Predicate = true> <Delay = 0.00>

State 2 <SV = 1> <Delay = 3.25>
ST_2 : Operation 52 [1/1] (0.00ns)   --->   "%j_1 = load i11 %j" [../dft.cpp:14]   --->   Operation 52 'load' 'j_1' <Predicate = true> <Delay = 0.00>
ST_2 : Operation 53 [1/1] (0.00ns)   --->   "%tmp = bitselect i1 @_ssdm_op_BitSelect.i1.i11.i32, i11 %j_1, i32 10" [../dft.cpp:14]   --->   Operation 53 'bitselect' 'tmp' <Predicate = true> <Delay = 0.00>
ST_2 : Operation 54 [1/1] (0.00ns)   --->   "%br_ln14 = br i1 %tmp, void %INNER_LOOP.split, void %for.end23" [../dft.cpp:14]   --->   Operation 54 'br' 'br_ln14' <Predicate = true> <Delay = 0.00>
ST_2 : Operation 55 [1/1] (0.00ns)   --->   "%trunc_ln14 = trunc i11 %j_1" [../dft.cpp:14]   --->   Operation 55 'trunc' 'trunc_ln14' <Predicate = (!tmp)> <Delay = 0.00>
ST_2 : Operation 56 [1/1] (0.00ns)   --->   "%lshr_ln = partselect i9 @_ssdm_op_PartSelect.i9.i11.i32.i32, i11 %j_1, i32 1, i32 9" [../dft.cpp:14]   --->   Operation 56 'partselect' 'lshr_ln' <Predicate = (!tmp)> <Delay = 0.00>
ST_2 : Operation 57 [1/1] (0.00ns)   --->   "%zext_ln14 = zext i9 %lshr_ln" [../dft.cpp:14]   --->   Operation 57 'zext' 'zext_ln14' <Predicate = (!tmp)> <Delay = 0.00>
ST_2 : Operation 58 [1/1] (0.00ns)   --->   "%real_sample_0_addr = getelementptr i32 %real_sample_0, i64 0, i64 %zext_ln14" [../dft.cpp:18]   --->   Operation 58 'getelementptr' 'real_sample_0_addr' <Predicate = (!tmp)> <Delay = 0.00>
ST_2 : Operation 59 [2/2] (3.25ns)   --->   "%real_sample_0_load = load i9 %real_sample_0_addr" [../dft.cpp:18]   --->   Operation 59 'load' 'real_sample_0_load' <Predicate = (!tmp)> <Delay = 3.25> <CoreInst = "RAM">   --->   Core 81 'RAM' <Latency = 1> <II = 1> <Delay = 3.25> <Storage> <Opcode : 'load' 'store'> <Ports = 2> <Width = 32> <Depth = 512> <RAM>
ST_2 : Operation 60 [1/1] (0.00ns)   --->   "%imag_sample_0_addr = getelementptr i32 %imag_sample_0, i64 0, i64 %zext_ln14" [../dft.cpp:19]   --->   Operation 60 'getelementptr' 'imag_sample_0_addr' <Predicate = (!tmp)> <Delay = 0.00>
ST_2 : Operation 61 [2/2] (3.25ns)   --->   "%imag_sample_0_load = load i9 %imag_sample_0_addr" [../dft.cpp:19]   --->   Operation 61 'load' 'imag_sample_0_load' <Predicate = (!tmp)> <Delay = 3.25> <CoreInst = "RAM">   --->   Core 81 'RAM' <Latency = 1> <II = 1> <Delay = 3.25> <Storage> <Opcode : 'load' 'store'> <Ports = 2> <Width = 32> <Depth = 512> <RAM>
ST_2 : Operation 62 [1/1] (1.63ns)   --->   "%add_ln14 = add i11 %j_1, i11 2" [../dft.cpp:14]   --->   Operation 62 'add' 'add_ln14' <Predicate = (!tmp)> <Delay = 1.63> <CoreInst = "Adder">   --->   Core 1 'Adder' <Latency = 0> <II = 1> <Delay = 1.63> <FuncUnit> <Opcode : 'add' 'sub'> <InPorts = 2> <OutPorts = 1>
ST_2 : Operation 63 [1/1] (1.58ns)   --->   "%store_ln14 = store i11 %add_ln14, i11 %j" [../dft.cpp:14]   --->   Operation 63 'store' 'store_ln14' <Predicate = (!tmp)> <Delay = 1.58>
ST_2 : Operation 64 [1/1] (0.00ns)   --->   "%ret_ln75 = ret" [../dft.cpp:75]   --->   Operation 64 'ret' 'ret_ln75' <Predicate = (tmp)> <Delay = 0.00>

State 3 <SV = 2> <Delay = 3.25>
ST_3 : Operation 65 [1/2] ( I:3.25ns O:3.25ns )   --->   "%real_sample_0_load = load i9 %real_sample_0_addr" [../dft.cpp:18]   --->   Operation 65 'load' 'real_sample_0_load' <Predicate = true> <Delay = 3.25> <CoreInst = "RAM">   --->   Core 81 'RAM' <Latency = 1> <II = 1> <Delay = 3.25> <Storage> <Opcode : 'load' 'store'> <Ports = 2> <Width = 32> <Depth = 512> <RAM>
ST_3 : Operation 66 [1/2] ( I:3.25ns O:3.25ns )   --->   "%imag_sample_0_load = load i9 %imag_sample_0_addr" [../dft.cpp:19]   --->   Operation 66 'load' 'imag_sample_0_load' <Predicate = true> <Delay = 3.25> <CoreInst = "RAM">   --->   Core 81 'RAM' <Latency = 1> <II = 1> <Delay = 3.25> <Storage> <Opcode : 'load' 'store'> <Ports = 2> <Width = 32> <Depth = 512> <RAM>

State 4 <SV = 3> <Delay = 4.52>
ST_4 : Operation 67 [1/1] (0.00ns)   --->   "%rs = bitcast i32 %real_sample_0_load" [../dft.cpp:18]   --->   Operation 67 'bitcast' 'rs' <Predicate = true> <Delay = 0.00>
ST_4 : Operation 68 [1/1] (0.00ns)   --->   "%is = bitcast i32 %imag_sample_0_load" [../dft.cpp:19]   --->   Operation 68 'bitcast' 'is' <Predicate = true> <Delay = 0.00>
ST_4 : Operation 69 [2/2] (4.52ns)   --->   "%call_ln14 = call void @dft_Pipeline_INNER_LOOP, i32 %imag_op_7, i32 %imag_op_6, i32 %imag_op_5, i32 %imag_op_4, i32 %imag_op_3, i32 %imag_op_2, i32 %imag_op_1, i32 %imag_op_0, i32 %real_op_7, i32 %real_op_6, i32 %real_op_5, i32 %real_op_4, i32 %real_op_3, i32 %real_op_2, i32 %real_op_1, i32 %real_op_0, i10 %trunc_ln14, i32 %rs, i32 %is, i32 %cos_coefficients_table, i32 %sin_coefficients_table" [../dft.cpp:14]   --->   Operation 69 'call' 'call_ln14' <Predicate = true> <Delay = 4.52> <CoreType = "Generic">   --->   Generic Core
ST_4 : Operation 70 [1/1] (0.00ns)   --->   "%real_sample_1_addr = getelementptr i32 %real_sample_1, i64 0, i64 %zext_ln14" [../dft.cpp:18]   --->   Operation 70 'getelementptr' 'real_sample_1_addr' <Predicate = true> <Delay = 0.00>
ST_4 : Operation 71 [2/2] (3.25ns)   --->   "%real_sample_1_load = load i9 %real_sample_1_addr" [../dft.cpp:18]   --->   Operation 71 'load' 'real_sample_1_load' <Predicate = true> <Delay = 3.25> <CoreInst = "RAM">   --->   Core 81 'RAM' <Latency = 1> <II = 1> <Delay = 3.25> <Storage> <Opcode : 'load' 'store'> <Ports = 2> <Width = 32> <Depth = 512> <RAM>
ST_4 : Operation 72 [1/1] (0.00ns)   --->   "%imag_sample_1_addr = getelementptr i32 %imag_sample_1, i64 0, i64 %zext_ln14" [../dft.cpp:19]   --->   Operation 72 'getelementptr' 'imag_sample_1_addr' <Predicate = true> <Delay = 0.00>
ST_4 : Operation 73 [2/2] (3.25ns)   --->   "%imag_sample_1_load = load i9 %imag_sample_1_addr" [../dft.cpp:19]   --->   Operation 73 'load' 'imag_sample_1_load' <Predicate = true> <Delay = 3.25> <CoreInst = "RAM">   --->   Core 81 'RAM' <Latency = 1> <II = 1> <Delay = 3.25> <Storage> <Opcode : 'load' 'store'> <Ports = 2> <Width = 32> <Depth = 512> <RAM>

State 5 <SV = 4> <Delay = 3.25>
ST_5 : Operation 74 [1/2] (0.00ns)   --->   "%call_ln14 = call void @dft_Pipeline_INNER_LOOP, i32 %imag_op_7, i32 %imag_op_6, i32 %imag_op_5, i32 %imag_op_4, i32 %imag_op_3, i32 %imag_op_2, i32 %imag_op_1, i32 %imag_op_0, i32 %real_op_7, i32 %real_op_6, i32 %real_op_5, i32 %real_op_4, i32 %real_op_3, i32 %real_op_2, i32 %real_op_1, i32 %real_op_0, i10 %trunc_ln14, i32 %rs, i32 %is, i32 %cos_coefficients_table, i32 %sin_coefficients_table" [../dft.cpp:14]   --->   Operation 74 'call' 'call_ln14' <Predicate = true> <Delay = 0.00> <CoreType = "Generic">   --->   Generic Core
ST_5 : Operation 75 [1/2] ( I:3.25ns O:3.25ns )   --->   "%real_sample_1_load = load i9 %real_sample_1_addr" [../dft.cpp:18]   --->   Operation 75 'load' 'real_sample_1_load' <Predicate = true> <Delay = 3.25> <CoreInst = "RAM">   --->   Core 81 'RAM' <Latency = 1> <II = 1> <Delay = 3.25> <Storage> <Opcode : 'load' 'store'> <Ports = 2> <Width = 32> <Depth = 512> <RAM>
ST_5 : Operation 76 [1/2] ( I:3.25ns O:3.25ns )   --->   "%imag_sample_1_load = load i9 %imag_sample_1_addr" [../dft.cpp:19]   --->   Operation 76 'load' 'imag_sample_1_load' <Predicate = true> <Delay = 3.25> <CoreInst = "RAM">   --->   Core 81 'RAM' <Latency = 1> <II = 1> <Delay = 3.25> <Storage> <Opcode : 'load' 'store'> <Ports = 2> <Width = 32> <Depth = 512> <RAM>

State 6 <SV = 5> <Delay = 4.52>
ST_6 : Operation 77 [1/1] (0.00ns)   --->   "%rs_1 = bitcast i32 %real_sample_1_load" [../dft.cpp:18]   --->   Operation 77 'bitcast' 'rs_1' <Predicate = true> <Delay = 0.00>
ST_6 : Operation 78 [1/1] (0.00ns)   --->   "%is_1 = bitcast i32 %imag_sample_1_load" [../dft.cpp:19]   --->   Operation 78 'bitcast' 'is_1' <Predicate = true> <Delay = 0.00>
ST_6 : Operation 79 [1/1] (0.00ns)   --->   "%or_ln29_7 = bitconcatenate i10 @_ssdm_op_BitConcatenate.i10.i9.i1, i9 %lshr_ln, i1 1" [../dft.cpp:29]   --->   Operation 79 'bitconcatenate' 'or_ln29_7' <Predicate = true> <Delay = 0.00>
ST_6 : Operation 80 [2/2] (4.52ns)   --->   "%call_ln29 = call void @dft_Pipeline_INNER_LOOP1, i32 %imag_op_7, i32 %imag_op_6, i32 %imag_op_5, i32 %imag_op_4, i32 %imag_op_3, i32 %imag_op_2, i32 %imag_op_1, i32 %imag_op_0, i32 %real_op_7, i32 %real_op_6, i32 %real_op_5, i32 %real_op_4, i32 %real_op_3, i32 %real_op_2, i32 %real_op_1, i32 %real_op_0, i10 %or_ln29_7, i32 %rs_1, i32 %is_1, i32 %cos_coefficients_table, i32 %sin_coefficients_table" [../dft.cpp:29]   --->   Operation 80 'call' 'call_ln29' <Predicate = true> <Delay = 4.52> <CoreType = "Generic">   --->   Generic Core

State 7 <SV = 6> <Delay = 0.00>
ST_7 : Operation 81 [1/1] (0.00ns)   --->   "%speclooptripcount_ln15 = speclooptripcount void @_ssdm_op_SpecLoopTripCount, i64 512, i64 512, i64 512" [../dft.cpp:15]   --->   Operation 81 'speclooptripcount' 'speclooptripcount_ln15' <Predicate = true> <Delay = 0.00>
ST_7 : Operation 82 [1/1] (0.00ns)   --->   "%specloopname_ln14 = specloopname void @_ssdm_op_SpecLoopName, void @empty_3" [../dft.cpp:14]   --->   Operation 82 'specloopname' 'specloopname_ln14' <Predicate = true> <Delay = 0.00>
ST_7 : Operation 83 [1/2] (0.00ns)   --->   "%call_ln29 = call void @dft_Pipeline_INNER_LOOP1, i32 %imag_op_7, i32 %imag_op_6, i32 %imag_op_5, i32 %imag_op_4, i32 %imag_op_3, i32 %imag_op_2, i32 %imag_op_1, i32 %imag_op_0, i32 %real_op_7, i32 %real_op_6, i32 %real_op_5, i32 %real_op_4, i32 %real_op_3, i32 %real_op_2, i32 %real_op_1, i32 %real_op_0, i10 %or_ln29_7, i32 %rs_1, i32 %is_1, i32 %cos_coefficients_table, i32 %sin_coefficients_table" [../dft.cpp:29]   --->   Operation 83 'call' 'call_ln29' <Predicate = true> <Delay = 0.00> <CoreType = "Generic">   --->   Generic Core
ST_7 : Operation 84 [1/1] (0.00ns)   --->   "%br_ln14 = br void %INNER_LOOP" [../dft.cpp:14]   --->   Operation 84 'br' 'br_ln14' <Predicate = true> <Delay = 0.00>


============================================================
+ Verbose Summary: Timing violations
============================================================
Target clock period: 10.000ns, clock uncertainty: 2.700ns.

 <State 1>: 1.588ns
The critical path consists of the following:
	'alloca' operation 11 bit ('j', ../dft.cpp:14) [23]  (0.000 ns)
	'store' operation 0 bit ('store_ln14', ../dft.cpp:14) of constant 0 on local variable 'j', ../dft.cpp:14 [65]  (1.588 ns)

 <State 2>: 3.254ns
The critical path consists of the following:
	'load' operation 11 bit ('j', ../dft.cpp:14) on local variable 'j', ../dft.cpp:14 [68]  (0.000 ns)
	'getelementptr' operation 9 bit ('real_sample_0_addr', ../dft.cpp:18) [77]  (0.000 ns)
	'load' operation 32 bit ('real_sample_0_load', ../dft.cpp:18) on array 'real_sample_0' [78]  (3.254 ns)

 <State 3>: 3.254ns
The critical path consists of the following:
	'load' operation 32 bit ('real_sample_0_load', ../dft.cpp:18) on array 'real_sample_0' [78]  (3.254 ns)

 <State 4>: 4.520ns
The critical path consists of the following:
	'call' operation 0 bit ('call_ln14', ../dft.cpp:14) to 'dft_Pipeline_INNER_LOOP' [83]  (4.520 ns)

 <State 5>: 3.254ns
The critical path consists of the following:
	'load' operation 32 bit ('real_sample_1_load', ../dft.cpp:18) on array 'real_sample_1' [85]  (3.254 ns)

 <State 6>: 4.520ns
The critical path consists of the following:
	'call' operation 0 bit ('call_ln29', ../dft.cpp:29) to 'dft_Pipeline_INNER_LOOP1' [91]  (4.520 ns)

 <State 7>: 0.000ns
The critical path consists of the following:


============================================================
+ Verbose Summary: Binding
============================================================
N/A
* FSMD analyzer results:
  - Output states:
 - Input state : 
  - Chain level:
	State 1
	State 2
	State 3
	State 4
	State 5
	State 6
	State 7


============================================================
+ Verbose Summary: Datapath Resource usage 
============================================================
N/A
