/home/linux/ieng6/students/162/mak025/chole_bhature/project_files/project3/Q8/dft_1024_opt/dft_1024_opt/hls/.autopilot/db/dft.pp.0.cpp:8911:5: warning: Added loop label VITIS_LOOP_676_1:   [xilinx-label-all-loops]
    for (unsigned i = low; i != high+1; ++i) {
    ^~~
    VITIS_LOOP_676_1: 
/home/linux/ieng6/students/162/mak025/chole_bhature/project_files/project3/Q8/dft_1024_opt/dft_1024_opt/hls/.autopilot/db/dft.pp.0.cpp:8911:5: note: FIX-IT applied suggested code changes
/home/linux/ieng6/students/162/mak025/chole_bhature/project_files/project3/Q8/dft_1024_opt/dft_1024_opt/hls/.autopilot/db/dft.pp.0.cpp:8925:5: warning: Added loop label VITIS_LOOP_690_1:   [xilinx-label-all-loops]
    for (unsigned i = low; i != high+1; ++i) {
    ^~~
    VITIS_LOOP_690_1: 
/home/linux/ieng6/students/162/mak025/chole_bhature/project_files/project3/Q8/dft_1024_opt/dft_1024_opt/hls/.autopilot/db/dft.pp.0.cpp:8925:5: note: FIX-IT applied suggested code changes
/home/linux/ieng6/students/162/mak025/chole_bhature/project_files/project3/Q8/dft_1024_opt/dft_1024_opt/hls/.autopilot/db/dft.pp.0.cpp:8939:5: warning: Added loop label VITIS_LOOP_704_1:   [xilinx-label-all-loops]
    for (unsigned i = low; i != high+1; ++i) {
    ^~~
    VITIS_LOOP_704_1: 
/home/linux/ieng6/students/162/mak025/chole_bhature/project_files/project3/Q8/dft_1024_opt/dft_1024_opt/hls/.autopilot/db/dft.pp.0.cpp:8939:5: note: FIX-IT applied suggested code changes
/home/linux/ieng6/students/162/mak025/chole_bhature/project_files/project3/Q8/dft_1024_opt/dft_1024_opt/hls/.autopilot/db/dft.pp.0.cpp:10573:7: warning: Added loop label VITIS_LOOP_1248_1:   [xilinx-label-all-loops]
      for (i = 0; i < __N - 1; ++i) {
      ^~~
      VITIS_LOOP_1248_1: 
/home/linux/ieng6/students/162/mak025/chole_bhature/project_files/project3/Q8/dft_1024_opt/dft_1024_opt/hls/.autopilot/db/dft.pp.0.cpp:10573:7: note: FIX-IT applied suggested code changes
