

================================================================
== Vitis HLS Report for 'dft'
================================================================
* Date:           Fri Nov  7 20:22:19 2025

* Version:        2024.2 (Build 5238294 on Nov  8 2024)
* Project:        dft_1024_opt
* Solution:       hls (Vivado IP Flow Target)
* Product family: zynq
* Target device:  xc7z020-clg400-1


================================================================
== Performance Estimates
================================================================
+ Timing: 
    * Summary: 
    +--------+----------+----------+------------+
    |  Clock |  Target  | Estimated| Uncertainty|
    +--------+----------+----------+------------+
    |ap_clk  |  10.00 ns|  7.256 ns|     2.70 ns|
    +--------+----------+----------+------------+

+ Latency: 
    * Summary: 
    +---------+---------+----------+----------+--------+--------+---------+
    |  Latency (cycles) |  Latency (absolute) |     Interval    | Pipeline|
    |   min   |   max   |    min   |    max   |   min  |   max  |   Type  |
    +---------+---------+----------+----------+--------+--------+---------+
    |   152577|   152577|  1.526 ms|  1.526 ms|  152578|  152578|       no|
    +---------+---------+----------+----------+--------+--------+---------+

    + Detail: 
        * Instance: 
        +-------------------------------------+--------------------------+---------+---------+----------+----------+-----+-----+------------------------------------------------+
        |                                     |                          |  Latency (cycles) |  Latency (absolute) |  Interval |                    Pipeline                    |
        |               Instance              |          Module          |   min   |   max   |    min   |    max   | min | max |                      Type                      |
        +-------------------------------------+--------------------------+---------+---------+----------+----------+-----+-----+------------------------------------------------+
        |grp_dft_Pipeline_INNER_LOOP_fu_148   |dft_Pipeline_INNER_LOOP   |      146|      146|  1.460 us|  1.460 us|  129|  129|  loop auto-rewind stp (delay=0 clock cycles(s))|
        |grp_dft_Pipeline_INNER_LOOP1_fu_191  |dft_Pipeline_INNER_LOOP1  |      146|      146|  1.460 us|  1.460 us|  129|  129|  loop auto-rewind stp (delay=0 clock cycles(s))|
        +-------------------------------------+--------------------------+---------+---------+----------+----------+-----+-----+------------------------------------------------+

        * Loop: 
        +--------------+---------+---------+----------+-----------+-----------+------+----------+
        |              |  Latency (cycles) | Iteration|  Initiation Interval  | Trip |          |
        |   Loop Name  |   min   |   max   |  Latency |  achieved |   target  | Count| Pipelined|
        +--------------+---------+---------+----------+-----------+-----------+------+----------+
        |- OUTER_LOOP  |   152576|   152576|       298|          -|          -|   512|        no|
        +--------------+---------+---------+----------+-----------+-----------+------+----------+

============================================================
+ Verbose Summary: Synthesis Manager
============================================================
InlineROM: 1
ExposeGlobal: 0
============================================================
+ Verbose Summary: CDFG Model
============================================================
IsTopModel: 1
ResetActiveHigh: 1
IsCombinational: 0
IsDatapathOnly: 0
HasWiredReturn: 1
HasMFsm: 0
HasVarLatency: 1
IsPipeline: 0
IsRtlPipelined: 0
IsInstanceOverlapped: 0
IsDontTouch: 0
HasImplIP: 0
IsGatedGlobalClock: 0


============================================================
+ Verbose Summary: Schedule
============================================================
* Number of FSM states : 7
* Pipeline : 0
* Dataflow Pipeline: 0

* FSM state transitions: 
1 --> 2 
2 --> 3 
3 --> 4 
4 --> 5 
5 --> 6 
6 --> 7 
7 --> 2 

* FSM state operations: 

State 1 <SV = 0> <Delay = 1.58>
ST_1 : Operation 8 [1/1] (0.00ns)   --->   "%j = alloca i32 1" [../dft.cpp:14]   --->   Operation 8 'alloca' 'j' <Predicate = true> <Delay = 0.00>
ST_1 : Operation 9 [1/1] (0.00ns)   --->   "%spectopmodule_ln5 = spectopmodule void @_ssdm_op_SpecTopModule, void @empty_1" [../dft.cpp:5]   --->   Operation 9 'spectopmodule' 'spectopmodule_ln5' <Predicate = true> <Delay = 0.00>
ST_1 : Operation 10 [1/1] (0.00ns)   --->   "%specinterface_ln0 = specinterface void @_ssdm_op_SpecInterface, i32 %real_sample_0, void @empty, i32 0, i32 0, void @empty_0, i32 4294967295, i32 0, void @empty_0, void @empty_0, void @empty_0, i32 0, i32 0, i32 0, i32 0, void @empty_0, void @empty_0, i32 4294967295, i32 0, i32 0"   --->   Operation 10 'specinterface' 'specinterface_ln0' <Predicate = true> <Delay = 0.00>
ST_1 : Operation 11 [1/1] (0.00ns)   --->   "%specbitsmap_ln0 = specbitsmap void @_ssdm_op_SpecBitsMap, i32 %real_sample_0"   --->   Operation 11 'specbitsmap' 'specbitsmap_ln0' <Predicate = true> <Delay = 0.00>
ST_1 : Operation 12 [1/1] (0.00ns)   --->   "%specinterface_ln0 = specinterface void @_ssdm_op_SpecInterface, i32 %real_sample_1, void @empty, i32 0, i32 0, void @empty_0, i32 4294967295, i32 0, void @empty_0, void @empty_0, void @empty_0, i32 0, i32 0, i32 0, i32 0, void @empty_0, void @empty_0, i32 4294967295, i32 0, i32 0"   --->   Operation 12 'specinterface' 'specinterface_ln0' <Predicate = true> <Delay = 0.00>
ST_1 : Operation 13 [1/1] (0.00ns)   --->   "%specbitsmap_ln0 = specbitsmap void @_ssdm_op_SpecBitsMap, i32 %real_sample_1"   --->   Operation 13 'specbitsmap' 'specbitsmap_ln0' <Predicate = true> <Delay = 0.00>
ST_1 : Operation 14 [1/1] (0.00ns)   --->   "%specinterface_ln0 = specinterface void @_ssdm_op_SpecInterface, i32 %imag_sample_0, void @empty, i32 0, i32 0, void @empty_0, i32 4294967295, i32 0, void @empty_0, void @empty_0, void @empty_0, i32 0, i32 0, i32 0, i32 0, void @empty_0, void @empty_0, i32 4294967295, i32 0, i32 0"   --->   Operation 14 'specinterface' 'specinterface_ln0' <Predicate = true> <Delay = 0.00>
ST_1 : Operation 15 [1/1] (0.00ns)   --->   "%specbitsmap_ln0 = specbitsmap void @_ssdm_op_SpecBitsMap, i32 %imag_sample_0"   --->   Operation 15 'specbitsmap' 'specbitsmap_ln0' <Predicate = true> <Delay = 0.00>
ST_1 : Operation 16 [1/1] (0.00ns)   --->   "%specinterface_ln0 = specinterface void @_ssdm_op_SpecInterface, i32 %imag_sample_1, void @empty, i32 0, i32 0, void @empty_0, i32 4294967295, i32 0, void @empty_0, void @empty_0, void @empty_0, i32 0, i32 0, i32 0, i32 0, void @empty_0, void @empty_0, i32 4294967295, i32 0, i32 0"   --->   Operation 16 'specinterface' 'specinterface_ln0' <Predicate = true> <Delay = 0.00>
ST_1 : Operation 17 [1/1] (0.00ns)   --->   "%specbitsmap_ln0 = specbitsmap void @_ssdm_op_SpecBitsMap, i32 %imag_sample_1"   --->   Operation 17 'specbitsmap' 'specbitsmap_ln0' <Predicate = true> <Delay = 0.00>
ST_1 : Operation 18 [1/1] (0.00ns)   --->   "%specinterface_ln0 = specinterface void @_ssdm_op_SpecInterface, i32 %real_op_0, void @empty, i32 0, i32 0, void @empty_0, i32 4294967295, i32 0, void @empty_0, void @empty_0, void @empty_0, i32 0, i32 0, i32 0, i32 0, void @empty_0, void @empty_0, i32 4294967295, i32 0, i32 0"   --->   Operation 18 'specinterface' 'specinterface_ln0' <Predicate = true> <Delay = 0.00>
ST_1 : Operation 19 [1/1] (0.00ns)   --->   "%specbitsmap_ln0 = specbitsmap void @_ssdm_op_SpecBitsMap, i32 %real_op_0"   --->   Operation 19 'specbitsmap' 'specbitsmap_ln0' <Predicate = true> <Delay = 0.00>
ST_1 : Operation 20 [1/1] (0.00ns)   --->   "%specinterface_ln0 = specinterface void @_ssdm_op_SpecInterface, i32 %real_op_1, void @empty, i32 0, i32 0, void @empty_0, i32 4294967295, i32 0, void @empty_0, void @empty_0, void @empty_0, i32 0, i32 0, i32 0, i32 0, void @empty_0, void @empty_0, i32 4294967295, i32 0, i32 0"   --->   Operation 20 'specinterface' 'specinterface_ln0' <Predicate = true> <Delay = 0.00>
ST_1 : Operation 21 [1/1] (0.00ns)   --->   "%specbitsmap_ln0 = specbitsmap void @_ssdm_op_SpecBitsMap, i32 %real_op_1"   --->   Operation 21 'specbitsmap' 'specbitsmap_ln0' <Predicate = true> <Delay = 0.00>
ST_1 : Operation 22 [1/1] (0.00ns)   --->   "%specinterface_ln0 = specinterface void @_ssdm_op_SpecInterface, i32 %real_op_2, void @empty, i32 0, i32 0, void @empty_0, i32 4294967295, i32 0, void @empty_0, void @empty_0, void @empty_0, i32 0, i32 0, i32 0, i32 0, void @empty_0, void @empty_0, i32 4294967295, i32 0, i32 0"   --->   Operation 22 'specinterface' 'specinterface_ln0' <Predicate = true> <Delay = 0.00>
ST_1 : Operation 23 [1/1] (0.00ns)   --->   "%specbitsmap_ln0 = specbitsmap void @_ssdm_op_SpecBitsMap, i32 %real_op_2"   --->   Operation 23 'specbitsmap' 'specbitsmap_ln0' <Predicate = true> <Delay = 0.00>
ST_1 : Operation 24 [1/1] (0.00ns)   --->   "%specinterface_ln0 = specinterface void @_ssdm_op_SpecInterface, i32 %real_op_3, void @empty, i32 0, i32 0, void @empty_0, i32 4294967295, i32 0, void @empty_0, void @empty_0, void @empty_0, i32 0, i32 0, i32 0, i32 0, void @empty_0, void @empty_0, i32 4294967295, i32 0, i32 0"   --->   Operation 24 'specinterface' 'specinterface_ln0' <Predicate = true> <Delay = 0.00>
ST_1 : Operation 25 [1/1] (0.00ns)   --->   "%specbitsmap_ln0 = specbitsmap void @_ssdm_op_SpecBitsMap, i32 %real_op_3"   --->   Operation 25 'specbitsmap' 'specbitsmap_ln0' <Predicate = true> <Delay = 0.00>
ST_1 : Operation 26 [1/1] (0.00ns)   --->   "%specinterface_ln0 = specinterface void @_ssdm_op_SpecInterface, i32 %real_op_4, void @empty, i32 0, i32 0, void @empty_0, i32 4294967295, i32 0, void @empty_0, void @empty_0, void @empty_0, i32 0, i32 0, i32 0, i32 0, void @empty_0, void @empty_0, i32 4294967295, i32 0, i32 0"   --->   Operation 26 'specinterface' 'specinterface_ln0' <Predicate = true> <Delay = 0.00>
ST_1 : Operation 27 [1/1] (0.00ns)   --->   "%specbitsmap_ln0 = specbitsmap void @_ssdm_op_SpecBitsMap, i32 %real_op_4"   --->   Operation 27 'specbitsmap' 'specbitsmap_ln0' <Predicate = true> <Delay = 0.00>
ST_1 : Operation 28 [1/1] (0.00ns)   --->   "%specinterface_ln0 = specinterface void @_ssdm_op_SpecInterface, i32 %real_op_5, void @empty, i32 0, i32 0, void @empty_0, i32 4294967295, i32 0, void @empty_0, void @empty_0, void @empty_0, i32 0, i32 0, i32 0, i32 0, void @empty_0, void @empty_0, i32 4294967295, i32 0, i32 0"   --->   Operation 28 'specinterface' 'specinterface_ln0' <Predicate = true> <Delay = 0.00>
ST_1 : Operation 29 [1/1] (0.00ns)   --->   "%specbitsmap_ln0 = specbitsmap void @_ssdm_op_SpecBitsMap, i32 %real_op_5"   --->   Operation 29 'specbitsmap' 'specbitsmap_ln0' <Predicate = true> <Delay = 0.00>
ST_1 : Operation 30 [1/1] (0.00ns)   --->   "%specinterface_ln0 = specinterface void @_ssdm_op_SpecInterface, i32 %real_op_6, void @empty, i32 0, i32 0, void @empty_0, i32 4294967295, i32 0, void @empty_0, void @empty_0, void @empty_0, i32 0, i32 0, i32 0, i32 0, void @empty_0, void @empty_0, i32 4294967295, i32 0, i32 0"   --->   Operation 30 'specinterface' 'specinterface_ln0' <Predicate = true> <Delay = 0.00>
ST_1 : Operation 31 [1/1] (0.00ns)   --->   "%specbitsmap_ln0 = specbitsmap void @_ssdm_op_SpecBitsMap, i32 %real_op_6"   --->   Operation 31 'specbitsmap' 'specbitsmap_ln0' <Predicate = true> <Delay = 0.00>
ST_1 : Operation 32 [1/1] (0.00ns)   --->   "%specinterface_ln0 = specinterface void @_ssdm_op_SpecInterface, i32 %real_op_7, void @empty, i32 0, i32 0, void @empty_0, i32 4294967295, i32 0, void @empty_0, void @empty_0, void @empty_0, i32 0, i32 0, i32 0, i32 0, void @empty_0, void @empty_0, i32 4294967295, i32 0, i32 0"   --->   Operation 32 'specinterface' 'specinterface_ln0' <Predicate = true> <Delay = 0.00>
ST_1 : Operation 33 [1/1] (0.00ns)   --->   "%specbitsmap_ln0 = specbitsmap void @_ssdm_op_SpecBitsMap, i32 %real_op_7"   --->   Operation 33 'specbitsmap' 'specbitsmap_ln0' <Predicate = true> <Delay = 0.00>
ST_1 : Operation 34 [1/1] (0.00ns)   --->   "%specinterface_ln0 = specinterface void @_ssdm_op_SpecInterface, i32 %imag_op_0, void @empty, i32 0, i32 0, void @empty_0, i32 4294967295, i32 0, void @empty_0, void @empty_0, void @empty_0, i32 0, i32 0, i32 0, i32 0, void @empty_0, void @empty_0, i32 4294967295, i32 0, i32 0"   --->   Operation 34 'specinterface' 'specinterface_ln0' <Predicate = true> <Delay = 0.00>
ST_1 : Operation 35 [1/1] (0.00ns)   --->   "%specbitsmap_ln0 = specbitsmap void @_ssdm_op_SpecBitsMap, i32 %imag_op_0"   --->   Operation 35 'specbitsmap' 'specbitsmap_ln0' <Predicate = true> <Delay = 0.00>
ST_1 : Operation 36 [1/1] (0.00ns)   --->   "%specinterface_ln0 = specinterface void @_ssdm_op_SpecInterface, i32 %imag_op_1, void @empty, i32 0, i32 0, void @empty_0, i32 4294967295, i32 0, void @empty_0, void @empty_0, void @empty_0, i32 0, i32 0, i32 0, i32 0, void @empty_0, void @empty_0, i32 4294967295, i32 0, i32 0"   --->   Operation 36 'specinterface' 'specinterface_ln0' <Predicate = true> <Delay = 0.00>
ST_1 : Operation 37 [1/1] (0.00ns)   --->   "%specbitsmap_ln0 = specbitsmap void @_ssdm_op_SpecBitsMap, i32 %imag_op_1"   --->   Operation 37 'specbitsmap' 'specbitsmap_ln0' <Predicate = true> <Delay = 0.00>
ST_1 : Operation 38 [1/1] (0.00ns)   --->   "%specinterface_ln0 = specinterface void @_ssdm_op_SpecInterface, i32 %imag_op_2, void @empty, i32 0, i32 0, void @empty_0, i32 4294967295, i32 0, void @empty_0, void @empty_0, void @empty_0, i32 0, i32 0, i32 0, i32 0, void @empty_0, void @empty_0, i32 4294967295, i32 0, i32 0"   --->   Operation 38 'specinterface' 'specinterface_ln0' <Predicate = true> <Delay = 0.00>
ST_1 : Operation 39 [1/1] (0.00ns)   --->   "%specbitsmap_ln0 = specbitsmap void @_ssdm_op_SpecBitsMap, i32 %imag_op_2"   --->   Operation 39 'specbitsmap' 'specbitsmap_ln0' <Predicate = true> <Delay = 0.00>
ST_1 : Operation 40 [1/1] (0.00ns)   --->   "%specinterface_ln0 = specinterface void @_ssdm_op_SpecInterface, i32 %imag_op_3, void @empty, i32 0, i32 0, void @empty_0, i32 4294967295, i32 0, void @empty_0, void @empty_0, void @empty_0, i32 0, i32 0, i32 0, i32 0, void @empty_0, void @empty_0, i32 4294967295, i32 0, i32 0"   --->   Operation 40 'specinterface' 'specinterface_ln0' <Predicate = true> <Delay = 0.00>
ST_1 : Operation 41 [1/1] (0.00ns)   --->   "%specbitsmap_ln0 = specbitsmap void @_ssdm_op_SpecBitsMap, i32 %imag_op_3"   --->   Operation 41 'specbitsmap' 'specbitsmap_ln0' <Predicate = true> <Delay = 0.00>
ST_1 : Operation 42 [1/1] (0.00ns)   --->   "%specinterface_ln0 = specinterface void @_ssdm_op_SpecInterface, i32 %imag_op_4, void @empty, i32 0, i32 0, void @empty_0, i32 4294967295, i32 0, void @empty_0, void @empty_0, void @empty_0, i32 0, i32 0, i32 0, i32 0, void @empty_0, void @empty_0, i32 4294967295, i32 0, i32 0"   --->   Operation 42 'specinterface' 'specinterface_ln0' <Predicate = true> <Delay = 0.00>
ST_1 : Operation 43 [1/1] (0.00ns)   --->   "%specbitsmap_ln0 = specbitsmap void @_ssdm_op_SpecBitsMap, i32 %imag_op_4"   --->   Operation 43 'specbitsmap' 'specbitsmap_ln0' <Predicate = true> <Delay = 0.00>
ST_1 : Operation 44 [1/1] (0.00ns)   --->   "%specinterface_ln0 = specinterface void @_ssdm_op_SpecInterface, i32 %imag_op_5, void @empty, i32 0, i32 0, void @empty_0, i32 4294967295, i32 0, void @empty_0, void @empty_0, void @empty_0, i32 0, i32 0, i32 0, i32 0, void @empty_0, void @empty_0, i32 4294967295, i32 0, i32 0"   --->   Operation 44 'specinterface' 'specinterface_ln0' <Predicate = true> <Delay = 0.00>
ST_1 : Operation 45 [1/1] (0.00ns)   --->   "%specbitsmap_ln0 = specbitsmap void @_ssdm_op_SpecBitsMap, i32 %imag_op_5"   --->   Operation 45 'specbitsmap' 'specbitsmap_ln0' <Predicate = true> <Delay = 0.00>
ST_1 : Operation 46 [1/1] (0.00ns)   --->   "%specinterface_ln0 = specinterface void @_ssdm_op_SpecInterface, i32 %imag_op_6, void @empty, i32 0, i32 0, void @empty_0, i32 4294967295, i32 0, void @empty_0, void @empty_0, void @empty_0, i32 0, i32 0, i32 0, i32 0, void @empty_0, void @empty_0, i32 4294967295, i32 0, i32 0"   --->   Operation 46 'specinterface' 'specinterface_ln0' <Predicate = true> <Delay = 0.00>
ST_1 : Operation 47 [1/1] (0.00ns)   --->   "%specbitsmap_ln0 = specbitsmap void @_ssdm_op_SpecBitsMap, i32 %imag_op_6"   --->   Operation 47 'specbitsmap' 'specbitsmap_ln0' <Predicate = true> <Delay = 0.00>
ST_1 : Operation 48 [1/1] (0.00ns)   --->   "%specinterface_ln0 = specinterface void @_ssdm_op_SpecInterface, i32 %imag_op_7, void @empty, i32 0, i32 0, void @empty_0, i32 4294967295, i32 0, void @empty_0, void @empty_0, void @empty_0, i32 0, i32 0, i32 0, i32 0, void @empty_0, void @empty_0, i32 4294967295, i32 0, i32 0"   --->   Operation 48 'specinterface' 'specinterface_ln0' <Predicate = true> <Delay = 0.00>
ST_1 : Operation 49 [1/1] (0.00ns)   --->   "%specbitsmap_ln0 = specbitsmap void @_ssdm_op_SpecBitsMap, i32 %imag_op_7"   --->   Operation 49 'specbitsmap' 'specbitsmap_ln0' <Predicate = true> <Delay = 0.00>
ST_1 : Operation 50 [1/1] (1.58ns)   --->   "%store_ln14 = store i11 0, i11 %j" [../dft.cpp:14]   --->   Operation 50 'store' 'store_ln14' <Predicate = true> <Delay = 1.58>
ST_1 : Operation 51 [1/1] (0.00ns)   --->   "%br_ln14 = br void %INNER_LOOP" [../dft.cpp:14]   --->   Operation 51 'br' 'br_ln14' <Predicate = true> <Delay = 0.00>

State 2 <SV = 1> <Delay = 3.25>
ST_2 : Operation 52 [1/1] (0.00ns)   --->   "%j_1 = load i11 %j" [../dft.cpp:14]   --->   Operation 52 'load' 'j_1' <Predicate = true> <Delay = 0.00>
ST_2 : Operation 53 [1/1] (0.00ns)   --->   "%tmp = bitselect i1 @_ssdm_op_BitSelect.i1.i11.i32, i11 %j_1, i32 10" [../dft.cpp:14]   --->   Operation 53 'bitselect' 'tmp' <Predicate = true> <Delay = 0.00>
ST_2 : Operation 54 [1/1] (0.00ns)   --->   "%br_ln14 = br i1 %tmp, void %INNER_LOOP.split, void %for.end23" [../dft.cpp:14]   --->   Operation 54 'br' 'br_ln14' <Predicate = true> <Delay = 0.00>
ST_2 : Operation 55 [1/1] (0.00ns)   --->   "%trunc_ln14 = trunc i11 %j_1" [../dft.cpp:14]   --->   Operation 55 'trunc' 'trunc_ln14' <Predicate = (!tmp)> <Delay = 0.00>
ST_2 : Operation 56 [1/1] (0.00ns)   --->   "%lshr_ln = partselect i9 @_ssdm_op_PartSelect.i9.i11.i32.i32, i11 %j_1, i32 1, i32 9" [../dft.cpp:14]   --->   Operation 56 'partselect' 'lshr_ln' <Predicate = (!tmp)> <Delay = 0.00>
ST_2 : Operation 57 [1/1] (0.00ns)   --->   "%zext_ln14 = zext i9 %lshr_ln" [../dft.cpp:14]   --->   Operation 57 'zext' 'zext_ln14' <Predicate = (!tmp)> <Delay = 0.00>
ST_2 : Operation 58 [1/1] (0.00ns)   --->   "%real_sample_0_addr = getelementptr i32 %real_sample_0, i64 0, i64 %zext_ln14" [../dft.cpp:18]   --->   Operation 58 'getelementptr' 'real_sample_0_addr' <Predicate = (!tmp)> <Delay = 0.00>
ST_2 : Operation 59 [2/2] (3.25ns)   --->   "%real_sample_0_load = load i9 %real_sample_0_addr" [../dft.cpp:18]   --->   Operation 59 'load' 'real_sample_0_load' <Predicate = (!tmp)> <Delay = 3.25> <CoreInst = "RAM">   --->   Core 81 'RAM' <Latency = 1> <II = 1> <Delay = 3.25> <Storage> <Opcode : 'load' 'store'> <Ports = 2> <Width = 32> <Depth = 512> <RAM>
ST_2 : Operation 60 [1/1] (0.00ns)   --->   "%imag_sample_0_addr = getelementptr i32 %imag_sample_0, i64 0, i64 %zext_ln14" [../dft.cpp:19]   --->   Operation 60 'getelementptr' 'imag_sample_0_addr' <Predicate = (!tmp)> <Delay = 0.00>
ST_2 : Operation 61 [2/2] (3.25ns)   --->   "%imag_sample_0_load = load i9 %imag_sample_0_addr" [../dft.cpp:19]   --->   Operation 61 'load' 'imag_sample_0_load' <Predicate = (!tmp)> <Delay = 3.25> <CoreInst = "RAM">   --->   Core 81 'RAM' <Latency = 1> <II = 1> <Delay = 3.25> <Storage> <Opcode : 'load' 'store'> <Ports = 2> <Width = 32> <Depth = 512> <RAM>
ST_2 : Operation 62 [1/1] (1.63ns)   --->   "%add_ln14 = add i11 %j_1, i11 2" [../dft.cpp:14]   --->   Operation 62 'add' 'add_ln14' <Predicate = (!tmp)> <Delay = 1.63> <CoreInst = "Adder">   --->   Core 1 'Adder' <Latency = 0> <II = 1> <Delay = 1.63> <FuncUnit> <Opcode : 'add' 'sub'> <InPorts = 2> <OutPorts = 1>
ST_2 : Operation 63 [1/1] (1.58ns)   --->   "%store_ln14 = store i11 %add_ln14, i11 %j" [../dft.cpp:14]   --->   Operation 63 'store' 'store_ln14' <Predicate = (!tmp)> <Delay = 1.58>
ST_2 : Operation 64 [1/1] (0.00ns)   --->   "%ret_ln75 = ret" [../dft.cpp:75]   --->   Operation 64 'ret' 'ret_ln75' <Predicate = (tmp)> <Delay = 0.00>

State 3 <SV = 2> <Delay = 3.25>
ST_3 : Operation 65 [1/2] ( I:3.25ns O:3.25ns )   --->   "%real_sample_0_load = load i9 %real_sample_0_addr" [../dft.cpp:18]   --->   Operation 65 'load' 'real_sample_0_load' <Predicate = true> <Delay = 3.25> <CoreInst = "RAM">   --->   Core 81 'RAM' <Latency = 1> <II = 1> <Delay = 3.25> <Storage> <Opcode : 'load' 'store'> <Ports = 2> <Width = 32> <Depth = 512> <RAM>
ST_3 : Operation 66 [1/2] ( I:3.25ns O:3.25ns )   --->   "%imag_sample_0_load = load i9 %imag_sample_0_addr" [../dft.cpp:19]   --->   Operation 66 'load' 'imag_sample_0_load' <Predicate = true> <Delay = 3.25> <CoreInst = "RAM">   --->   Core 81 'RAM' <Latency = 1> <II = 1> <Delay = 3.25> <Storage> <Opcode : 'load' 'store'> <Ports = 2> <Width = 32> <Depth = 512> <RAM>

State 4 <SV = 3> <Delay = 4.52>
ST_4 : Operation 67 [1/1] (0.00ns)   --->   "%rs = bitcast i32 %real_sample_0_load" [../dft.cpp:18]   --->   Operation 67 'bitcast' 'rs' <Predicate = true> <Delay = 0.00>
ST_4 : Operation 68 [1/1] (0.00ns)   --->   "%is = bitcast i32 %imag_sample_0_load" [../dft.cpp:19]   --->   Operation 68 'bitcast' 'is' <Predicate = true> <Delay = 0.00>
ST_4 : Operation 69 [2/2] (4.52ns)   --->   "%call_ln14 = call void @dft_Pipeline_INNER_LOOP, i32 %imag_op_7, i32 %imag_op_6, i32 %imag_op_5, i32 %imag_op_4, i32 %imag_op_3, i32 %imag_op_2, i32 %imag_op_1, i32 %imag_op_0, i32 %real_op_7, i32 %real_op_6, i32 %real_op_5, i32 %real_op_4, i32 %real_op_3, i32 %real_op_2, i32 %real_op_1, i32 %real_op_0, i10 %trunc_ln14, i32 %rs, i32 %is, i32 %cos_coefficients_table, i32 %sin_coefficients_table" [../dft.cpp:14]   --->   Operation 69 'call' 'call_ln14' <Predicate = true> <Delay = 4.52> <CoreType = "Generic">   --->   Generic Core
ST_4 : Operation 70 [1/1] (0.00ns)   --->   "%real_sample_1_addr = getelementptr i32 %real_sample_1, i64 0, i64 %zext_ln14" [../dft.cpp:18]   --->   Operation 70 'getelementptr' 'real_sample_1_addr' <Predicate = true> <Delay = 0.00>
ST_4 : Operation 71 [2/2] (3.25ns)   --->   "%real_sample_1_load = load i9 %real_sample_1_addr" [../dft.cpp:18]   --->   Operation 71 'load' 'real_sample_1_load' <Predicate = true> <Delay = 3.25> <CoreInst = "RAM">   --->   Core 81 'RAM' <Latency = 1> <II = 1> <Delay = 3.25> <Storage> <Opcode : 'load' 'store'> <Ports = 2> <Width = 32> <Depth = 512> <RAM>
ST_4 : Operation 72 [1/1] (0.00ns)   --->   "%imag_sample_1_addr = getelementptr i32 %imag_sample_1, i64 0, i64 %zext_ln14" [../dft.cpp:19]   --->   Operation 72 'getelementptr' 'imag_sample_1_addr' <Predicate = true> <Delay = 0.00>
ST_4 : Operation 73 [2/2] (3.25ns)   --->   "%imag_sample_1_load = load i9 %imag_sample_1_addr" [../dft.cpp:19]   --->   Operation 73 'load' 'imag_sample_1_load' <Predicate = true> <Delay = 3.25> <CoreInst = "RAM">   --->   Core 81 'RAM' <Latency = 1> <II = 1> <Delay = 3.25> <Storage> <Opcode : 'load' 'store'> <Ports = 2> <Width = 32> <Depth = 512> <RAM>

State 5 <SV = 4> <Delay = 3.25>
ST_5 : Operation 74 [1/2] (0.00ns)   --->   "%call_ln14 = call void @dft_Pipeline_INNER_LOOP, i32 %imag_op_7, i32 %imag_op_6, i32 %imag_op_5, i32 %imag_op_4, i32 %imag_op_3, i32 %imag_op_2, i32 %imag_op_1, i32 %imag_op_0, i32 %real_op_7, i32 %real_op_6, i32 %real_op_5, i32 %real_op_4, i32 %real_op_3, i32 %real_op_2, i32 %real_op_1, i32 %real_op_0, i10 %trunc_ln14, i32 %rs, i32 %is, i32 %cos_coefficients_table, i32 %sin_coefficients_table" [../dft.cpp:14]   --->   Operation 74 'call' 'call_ln14' <Predicate = true> <Delay = 0.00> <CoreType = "Generic">   --->   Generic Core
ST_5 : Operation 75 [1/2] ( I:3.25ns O:3.25ns )   --->   "%real_sample_1_load = load i9 %real_sample_1_addr" [../dft.cpp:18]   --->   Operation 75 'load' 'real_sample_1_load' <Predicate = true> <Delay = 3.25> <CoreInst = "RAM">   --->   Core 81 'RAM' <Latency = 1> <II = 1> <Delay = 3.25> <Storage> <Opcode : 'load' 'store'> <Ports = 2> <Width = 32> <Depth = 512> <RAM>
ST_5 : Operation 76 [1/2] ( I:3.25ns O:3.25ns )   --->   "%imag_sample_1_load = load i9 %imag_sample_1_addr" [../dft.cpp:19]   --->   Operation 76 'load' 'imag_sample_1_load' <Predicate = true> <Delay = 3.25> <CoreInst = "RAM">   --->   Core 81 'RAM' <Latency = 1> <II = 1> <Delay = 3.25> <Storage> <Opcode : 'load' 'store'> <Ports = 2> <Width = 32> <Depth = 512> <RAM>

State 6 <SV = 5> <Delay = 4.52>
ST_6 : Operation 77 [1/1] (0.00ns)   --->   "%rs_1 = bitcast i32 %real_sample_1_load" [../dft.cpp:18]   --->   Operation 77 'bitcast' 'rs_1' <Predicate = true> <Delay = 0.00>
ST_6 : Operation 78 [1/1] (0.00ns)   --->   "%is_1 = bitcast i32 %imag_sample_1_load" [../dft.cpp:19]   --->   Operation 78 'bitcast' 'is_1' <Predicate = true> <Delay = 0.00>
ST_6 : Operation 79 [1/1] (0.00ns)   --->   "%or_ln29_7 = bitconcatenate i10 @_ssdm_op_BitConcatenate.i10.i9.i1, i9 %lshr_ln, i1 1" [../dft.cpp:29]   --->   Operation 79 'bitconcatenate' 'or_ln29_7' <Predicate = true> <Delay = 0.00>
ST_6 : Operation 80 [2/2] (4.52ns)   --->   "%call_ln29 = call void @dft_Pipeline_INNER_LOOP1, i32 %imag_op_7, i32 %imag_op_6, i32 %imag_op_5, i32 %imag_op_4, i32 %imag_op_3, i32 %imag_op_2, i32 %imag_op_1, i32 %imag_op_0, i32 %real_op_7, i32 %real_op_6, i32 %real_op_5, i32 %real_op_4, i32 %real_op_3, i32 %real_op_2, i32 %real_op_1, i32 %real_op_0, i10 %or_ln29_7, i32 %rs_1, i32 %is_1, i32 %cos_coefficients_table, i32 %sin_coefficients_table" [../dft.cpp:29]   --->   Operation 80 'call' 'call_ln29' <Predicate = true> <Delay = 4.52> <CoreType = "Generic">   --->   Generic Core

State 7 <SV = 6> <Delay = 0.00>
ST_7 : Operation 81 [1/1] (0.00ns)   --->   "%speclooptripcount_ln15 = speclooptripcount void @_ssdm_op_SpecLoopTripCount, i64 512, i64 512, i64 512" [../dft.cpp:15]   --->   Operation 81 'speclooptripcount' 'speclooptripcount_ln15' <Predicate = true> <Delay = 0.00>
ST_7 : Operation 82 [1/1] (0.00ns)   --->   "%specloopname_ln14 = specloopname void @_ssdm_op_SpecLoopName, void @empty_3" [../dft.cpp:14]   --->   Operation 82 'specloopname' 'specloopname_ln14' <Predicate = true> <Delay = 0.00>
ST_7 : Operation 83 [1/2] (0.00ns)   --->   "%call_ln29 = call void @dft_Pipeline_INNER_LOOP1, i32 %imag_op_7, i32 %imag_op_6, i32 %imag_op_5, i32 %imag_op_4, i32 %imag_op_3, i32 %imag_op_2, i32 %imag_op_1, i32 %imag_op_0, i32 %real_op_7, i32 %real_op_6, i32 %real_op_5, i32 %real_op_4, i32 %real_op_3, i32 %real_op_2, i32 %real_op_1, i32 %real_op_0, i10 %or_ln29_7, i32 %rs_1, i32 %is_1, i32 %cos_coefficients_table, i32 %sin_coefficients_table" [../dft.cpp:29]   --->   Operation 83 'call' 'call_ln29' <Predicate = true> <Delay = 0.00> <CoreType = "Generic">   --->   Generic Core
ST_7 : Operation 84 [1/1] (0.00ns)   --->   "%br_ln14 = br void %INNER_LOOP" [../dft.cpp:14]   --->   Operation 84 'br' 'br_ln14' <Predicate = true> <Delay = 0.00>


============================================================
+ Verbose Summary: Binding
============================================================
STG Binding: 
---------------- STG Properties BEGIN ----------------
- Is combinational: 0
- Is one-state seq: 0
- Is datapath-only: 0
- Is pipelined: 0
- Is top level: 1
Port [ Return ] is wired: 1; IO mode=ap_ctrl_hs:ce=0
Port [ real_sample_0]:  wired=1; compound=1; hidden=0; nouse=0; global=0; static=0; extern=0; dir=0; type=1; pingpong=0; private_global=0; MemPort=[13]; IO mode=ap_memory:ce=0
Port [ real_sample_1]:  wired=1; compound=1; hidden=0; nouse=0; global=0; static=0; extern=0; dir=0; type=1; pingpong=0; private_global=0; MemPort=[13]; IO mode=ap_memory:ce=0
Port [ imag_sample_0]:  wired=1; compound=1; hidden=0; nouse=0; global=0; static=0; extern=0; dir=0; type=1; pingpong=0; private_global=0; MemPort=[13]; IO mode=ap_memory:ce=0
Port [ imag_sample_1]:  wired=1; compound=1; hidden=0; nouse=0; global=0; static=0; extern=0; dir=0; type=1; pingpong=0; private_global=0; MemPort=[13]; IO mode=ap_memory:ce=0
Port [ real_op_0]:  wired=1; compound=1; hidden=0; nouse=0; global=0; static=0; extern=0; dir=2; type=1; pingpong=0; private_global=0; MemPort=[01]; IO mode=ap_memory:ce=0
Port [ real_op_1]:  wired=1; compound=1; hidden=0; nouse=0; global=0; static=0; extern=0; dir=2; type=1; pingpong=0; private_global=0; MemPort=[01]; IO mode=ap_memory:ce=0
Port [ real_op_2]:  wired=1; compound=1; hidden=0; nouse=0; global=0; static=0; extern=0; dir=2; type=1; pingpong=0; private_global=0; MemPort=[01]; IO mode=ap_memory:ce=0
Port [ real_op_3]:  wired=1; compound=1; hidden=0; nouse=0; global=0; static=0; extern=0; dir=2; type=1; pingpong=0; private_global=0; MemPort=[01]; IO mode=ap_memory:ce=0
Port [ real_op_4]:  wired=1; compound=1; hidden=0; nouse=0; global=0; static=0; extern=0; dir=2; type=1; pingpong=0; private_global=0; MemPort=[01]; IO mode=ap_memory:ce=0
Port [ real_op_5]:  wired=1; compound=1; hidden=0; nouse=0; global=0; static=0; extern=0; dir=2; type=1; pingpong=0; private_global=0; MemPort=[01]; IO mode=ap_memory:ce=0
Port [ real_op_6]:  wired=1; compound=1; hidden=0; nouse=0; global=0; static=0; extern=0; dir=2; type=1; pingpong=0; private_global=0; MemPort=[01]; IO mode=ap_memory:ce=0
Port [ real_op_7]:  wired=1; compound=1; hidden=0; nouse=0; global=0; static=0; extern=0; dir=2; type=1; pingpong=0; private_global=0; MemPort=[01]; IO mode=ap_memory:ce=0
Port [ imag_op_0]:  wired=1; compound=1; hidden=0; nouse=0; global=0; static=0; extern=0; dir=2; type=1; pingpong=0; private_global=0; MemPort=[01]; IO mode=ap_memory:ce=0
Port [ imag_op_1]:  wired=1; compound=1; hidden=0; nouse=0; global=0; static=0; extern=0; dir=2; type=1; pingpong=0; private_global=0; MemPort=[01]; IO mode=ap_memory:ce=0
Port [ imag_op_2]:  wired=1; compound=1; hidden=0; nouse=0; global=0; static=0; extern=0; dir=2; type=1; pingpong=0; private_global=0; MemPort=[01]; IO mode=ap_memory:ce=0
Port [ imag_op_3]:  wired=1; compound=1; hidden=0; nouse=0; global=0; static=0; extern=0; dir=2; type=1; pingpong=0; private_global=0; MemPort=[01]; IO mode=ap_memory:ce=0
Port [ imag_op_4]:  wired=1; compound=1; hidden=0; nouse=0; global=0; static=0; extern=0; dir=2; type=1; pingpong=0; private_global=0; MemPort=[01]; IO mode=ap_memory:ce=0
Port [ imag_op_5]:  wired=1; compound=1; hidden=0; nouse=0; global=0; static=0; extern=0; dir=2; type=1; pingpong=0; private_global=0; MemPort=[01]; IO mode=ap_memory:ce=0
Port [ imag_op_6]:  wired=1; compound=1; hidden=0; nouse=0; global=0; static=0; extern=0; dir=2; type=1; pingpong=0; private_global=0; MemPort=[01]; IO mode=ap_memory:ce=0
Port [ imag_op_7]:  wired=1; compound=1; hidden=0; nouse=0; global=0; static=0; extern=0; dir=2; type=1; pingpong=0; private_global=0; MemPort=[01]; IO mode=ap_memory:ce=0
Port [ cos_coefficients_table]:  wired=0; compound=1; hidden=1; nouse=0; global=1; static=1; extern=0; dir=0; type=1; pingpong=0; private_global=1; MemPort=[11111111]; IO mode=ap_memory:ce=0
Port [ sin_coefficients_table]:  wired=0; compound=1; hidden=1; nouse=0; global=1; static=1; extern=0; dir=0; type=1; pingpong=0; private_global=1; MemPort=[11111111]; IO mode=ap_memory:ce=0
---------------- STG Properties END ------------------

---------------- Datapath Model BEGIN ----------------

<LifeTime>
<method=bitvector/>
j                      (alloca           ) [ 01111111]
spectopmodule_ln5      (spectopmodule    ) [ 00000000]
specinterface_ln0      (specinterface    ) [ 00000000]
specbitsmap_ln0        (specbitsmap      ) [ 00000000]
specinterface_ln0      (specinterface    ) [ 00000000]
specbitsmap_ln0        (specbitsmap      ) [ 00000000]
specinterface_ln0      (specinterface    ) [ 00000000]
specbitsmap_ln0        (specbitsmap      ) [ 00000000]
specinterface_ln0      (specinterface    ) [ 00000000]
specbitsmap_ln0        (specbitsmap      ) [ 00000000]
specinterface_ln0      (specinterface    ) [ 00000000]
specbitsmap_ln0        (specbitsmap      ) [ 00000000]
specinterface_ln0      (specinterface    ) [ 00000000]
specbitsmap_ln0        (specbitsmap      ) [ 00000000]
specinterface_ln0      (specinterface    ) [ 00000000]
specbitsmap_ln0        (specbitsmap      ) [ 00000000]
specinterface_ln0      (specinterface    ) [ 00000000]
specbitsmap_ln0        (specbitsmap      ) [ 00000000]
specinterface_ln0      (specinterface    ) [ 00000000]
specbitsmap_ln0        (specbitsmap      ) [ 00000000]
specinterface_ln0      (specinterface    ) [ 00000000]
specbitsmap_ln0        (specbitsmap      ) [ 00000000]
specinterface_ln0      (specinterface    ) [ 00000000]
specbitsmap_ln0        (specbitsmap      ) [ 00000000]
specinterface_ln0      (specinterface    ) [ 00000000]
specbitsmap_ln0        (specbitsmap      ) [ 00000000]
specinterface_ln0      (specinterface    ) [ 00000000]
specbitsmap_ln0        (specbitsmap      ) [ 00000000]
specinterface_ln0      (specinterface    ) [ 00000000]
specbitsmap_ln0        (specbitsmap      ) [ 00000000]
specinterface_ln0      (specinterface    ) [ 00000000]
specbitsmap_ln0        (specbitsmap      ) [ 00000000]
specinterface_ln0      (specinterface    ) [ 00000000]
specbitsmap_ln0        (specbitsmap      ) [ 00000000]
specinterface_ln0      (specinterface    ) [ 00000000]
specbitsmap_ln0        (specbitsmap      ) [ 00000000]
specinterface_ln0      (specinterface    ) [ 00000000]
specbitsmap_ln0        (specbitsmap      ) [ 00000000]
specinterface_ln0      (specinterface    ) [ 00000000]
specbitsmap_ln0        (specbitsmap      ) [ 00000000]
specinterface_ln0      (specinterface    ) [ 00000000]
specbitsmap_ln0        (specbitsmap      ) [ 00000000]
store_ln14             (store            ) [ 00000000]
br_ln14                (br               ) [ 00000000]
j_1                    (load             ) [ 00000000]
tmp                    (bitselect        ) [ 00111111]
br_ln14                (br               ) [ 00000000]
trunc_ln14             (trunc            ) [ 00011100]
lshr_ln                (partselect       ) [ 00011110]
zext_ln14              (zext             ) [ 00011000]
real_sample_0_addr     (getelementptr    ) [ 00010000]
imag_sample_0_addr     (getelementptr    ) [ 00010000]
add_ln14               (add              ) [ 00000000]
store_ln14             (store            ) [ 00000000]
ret_ln75               (ret              ) [ 00000000]
real_sample_0_load     (load             ) [ 00001000]
imag_sample_0_load     (load             ) [ 00001000]
rs                     (bitcast          ) [ 00000100]
is                     (bitcast          ) [ 00000100]
real_sample_1_addr     (getelementptr    ) [ 00000100]
imag_sample_1_addr     (getelementptr    ) [ 00000100]
call_ln14              (call             ) [ 00000000]
real_sample_1_load     (load             ) [ 00000010]
imag_sample_1_load     (load             ) [ 00000010]
rs_1                   (bitcast          ) [ 00000001]
is_1                   (bitcast          ) [ 00000001]
or_ln29_7              (bitconcatenate   ) [ 00000001]
speclooptripcount_ln15 (speclooptripcount) [ 00000000]
specloopname_ln14      (specloopname     ) [ 00000000]
call_ln29              (call             ) [ 00000000]
br_ln14                (br               ) [ 00000000]
</LifeTime>

<model>

<comp_list>
<comp id="0" class="1000" name="real_sample_0">
<pin_list>
<pin id="1" dir="1" index="0" bw="1" slack="0"/>
</pin_list>
<bind>
<StgValue><ssdm name="real_sample_0"/><MemPortTyVec>1 3 </MemPortTyVec>
</StgValue>
</bind>
</comp>

<comp id="2" class="1000" name="real_sample_1">
<pin_list>
<pin id="3" dir="1" index="0" bw="1" slack="0"/>
</pin_list>
<bind>
<StgValue><ssdm name="real_sample_1"/><MemPortTyVec>1 3 </MemPortTyVec>
</StgValue>
</bind>
</comp>

<comp id="4" class="1000" name="imag_sample_0">
<pin_list>
<pin id="5" dir="1" index="0" bw="1" slack="0"/>
</pin_list>
<bind>
<StgValue><ssdm name="imag_sample_0"/><MemPortTyVec>1 3 </MemPortTyVec>
</StgValue>
</bind>
</comp>

<comp id="6" class="1000" name="imag_sample_1">
<pin_list>
<pin id="7" dir="1" index="0" bw="1" slack="0"/>
</pin_list>
<bind>
<StgValue><ssdm name="imag_sample_1"/><MemPortTyVec>1 3 </MemPortTyVec>
</StgValue>
</bind>
</comp>

<comp id="8" class="1000" name="real_op_0">
<pin_list>
<pin id="9" dir="1" index="0" bw="1" slack="0"/>
</pin_list>
<bind>
<StgValue><ssdm name="real_op_0"/><MemPortTyVec>0 1 </MemPortTyVec>
</StgValue>
</bind>
</comp>

<comp id="10" class="1000" name="real_op_1">
<pin_list>
<pin id="11" dir="1" index="0" bw="1" slack="0"/>
</pin_list>
<bind>
<StgValue><ssdm name="real_op_1"/><MemPortTyVec>0 1 </MemPortTyVec>
</StgValue>
</bind>
</comp>

<comp id="12" class="1000" name="real_op_2">
<pin_list>
<pin id="13" dir="1" index="0" bw="1" slack="0"/>
</pin_list>
<bind>
<StgValue><ssdm name="real_op_2"/><MemPortTyVec>0 1 </MemPortTyVec>
</StgValue>
</bind>
</comp>

<comp id="14" class="1000" name="real_op_3">
<pin_list>
<pin id="15" dir="1" index="0" bw="1" slack="0"/>
</pin_list>
<bind>
<StgValue><ssdm name="real_op_3"/><MemPortTyVec>0 1 </MemPortTyVec>
</StgValue>
</bind>
</comp>

<comp id="16" class="1000" name="real_op_4">
<pin_list>
<pin id="17" dir="1" index="0" bw="1" slack="0"/>
</pin_list>
<bind>
<StgValue><ssdm name="real_op_4"/><MemPortTyVec>0 1 </MemPortTyVec>
</StgValue>
</bind>
</comp>

<comp id="18" class="1000" name="real_op_5">
<pin_list>
<pin id="19" dir="1" index="0" bw="1" slack="0"/>
</pin_list>
<bind>
<StgValue><ssdm name="real_op_5"/><MemPortTyVec>0 1 </MemPortTyVec>
</StgValue>
</bind>
</comp>

<comp id="20" class="1000" name="real_op_6">
<pin_list>
<pin id="21" dir="1" index="0" bw="1" slack="0"/>
</pin_list>
<bind>
<StgValue><ssdm name="real_op_6"/><MemPortTyVec>0 1 </MemPortTyVec>
</StgValue>
</bind>
</comp>

<comp id="22" class="1000" name="real_op_7">
<pin_list>
<pin id="23" dir="1" index="0" bw="1" slack="0"/>
</pin_list>
<bind>
<StgValue><ssdm name="real_op_7"/><MemPortTyVec>0 1 </MemPortTyVec>
</StgValue>
</bind>
</comp>

<comp id="24" class="1000" name="imag_op_0">
<pin_list>
<pin id="25" dir="1" index="0" bw="1" slack="0"/>
</pin_list>
<bind>
<StgValue><ssdm name="imag_op_0"/><MemPortTyVec>0 1 </MemPortTyVec>
</StgValue>
</bind>
</comp>

<comp id="26" class="1000" name="imag_op_1">
<pin_list>
<pin id="27" dir="1" index="0" bw="1" slack="0"/>
</pin_list>
<bind>
<StgValue><ssdm name="imag_op_1"/><MemPortTyVec>0 1 </MemPortTyVec>
</StgValue>
</bind>
</comp>

<comp id="28" class="1000" name="imag_op_2">
<pin_list>
<pin id="29" dir="1" index="0" bw="1" slack="0"/>
</pin_list>
<bind>
<StgValue><ssdm name="imag_op_2"/><MemPortTyVec>0 1 </MemPortTyVec>
</StgValue>
</bind>
</comp>

<comp id="30" class="1000" name="imag_op_3">
<pin_list>
<pin id="31" dir="1" index="0" bw="1" slack="0"/>
</pin_list>
<bind>
<StgValue><ssdm name="imag_op_3"/><MemPortTyVec>0 1 </MemPortTyVec>
</StgValue>
</bind>
</comp>

<comp id="32" class="1000" name="imag_op_4">
<pin_list>
<pin id="33" dir="1" index="0" bw="1" slack="0"/>
</pin_list>
<bind>
<StgValue><ssdm name="imag_op_4"/><MemPortTyVec>0 1 </MemPortTyVec>
</StgValue>
</bind>
</comp>

<comp id="34" class="1000" name="imag_op_5">
<pin_list>
<pin id="35" dir="1" index="0" bw="1" slack="0"/>
</pin_list>
<bind>
<StgValue><ssdm name="imag_op_5"/><MemPortTyVec>0 1 </MemPortTyVec>
</StgValue>
</bind>
</comp>

<comp id="36" class="1000" name="imag_op_6">
<pin_list>
<pin id="37" dir="1" index="0" bw="1" slack="0"/>
</pin_list>
<bind>
<StgValue><ssdm name="imag_op_6"/><MemPortTyVec>0 1 </MemPortTyVec>
</StgValue>
</bind>
</comp>

<comp id="38" class="1000" name="imag_op_7">
<pin_list>
<pin id="39" dir="1" index="0" bw="1" slack="0"/>
</pin_list>
<bind>
<StgValue><ssdm name="imag_op_7"/><MemPortTyVec>0 1 </MemPortTyVec>
</StgValue>
</bind>
</comp>

<comp id="40" class="1000" name="cos_coefficients_table">
<pin_list>
<pin id="41" dir="1" index="0" bw="1" slack="0"/>
</pin_list>
<bind>
<StgValue><ssdm name="cos_coefficients_table"/><MemPortTyVec>1 1 1 1 1 1 1 1 </MemPortTyVec>
</StgValue>
</bind>
</comp>

<comp id="42" class="1000" name="sin_coefficients_table">
<pin_list>
<pin id="43" dir="1" index="0" bw="1" slack="0"/>
</pin_list>
<bind>
<StgValue><ssdm name="sin_coefficients_table"/><MemPortTyVec>1 1 1 1 1 1 1 1 </MemPortTyVec>
</StgValue>
</bind>
</comp>

<comp id="44" class="1001" name="const_44">
<pin_list>
<pin id="45" dir="1" index="0" bw="1" slack="0"/>
</pin_list>
<bind>
<StgValue><ssdm name=""/></StgValue>
</bind>
</comp>

<comp id="46" class="1001" name="const_46">
<pin_list>
<pin id="47" dir="1" index="0" bw="1" slack="2147483647"/>
</pin_list>
<bind>
<StgValue><ssdm name="_ssdm_op_SpecTopModule"/></StgValue>
</bind>
</comp>

<comp id="48" class="1001" name="const_48">
<pin_list>
<pin id="49" dir="1" index="0" bw="1" slack="2147483647"/>
</pin_list>
<bind>
<StgValue><ssdm name="empty_1"/></StgValue>
</bind>
</comp>

<comp id="50" class="1001" name="const_50">
<pin_list>
<pin id="51" dir="1" index="0" bw="1" slack="2147483647"/>
</pin_list>
<bind>
<StgValue><ssdm name="_ssdm_op_SpecInterface"/></StgValue>
</bind>
</comp>

<comp id="52" class="1001" name="const_52">
<pin_list>
<pin id="53" dir="1" index="0" bw="1" slack="2147483647"/>
</pin_list>
<bind>
<StgValue><ssdm name="empty"/></StgValue>
</bind>
</comp>

<comp id="54" class="1001" name="const_54">
<pin_list>
<pin id="55" dir="1" index="0" bw="1" slack="2147483647"/>
</pin_list>
<bind>
<StgValue><ssdm name=""/></StgValue>
</bind>
</comp>

<comp id="56" class="1001" name="const_56">
<pin_list>
<pin id="57" dir="1" index="0" bw="1" slack="2147483647"/>
</pin_list>
<bind>
<StgValue><ssdm name="empty_0"/></StgValue>
</bind>
</comp>

<comp id="58" class="1001" name="const_58">
<pin_list>
<pin id="59" dir="1" index="0" bw="1" slack="2147483647"/>
</pin_list>
<bind>
<StgValue><ssdm name=""/></StgValue>
</bind>
</comp>

<comp id="60" class="1001" name="const_60">
<pin_list>
<pin id="61" dir="1" index="0" bw="1" slack="2147483647"/>
</pin_list>
<bind>
<StgValue><ssdm name="_ssdm_op_SpecBitsMap"/></StgValue>
</bind>
</comp>

<comp id="62" class="1001" name="const_62">
<pin_list>
<pin id="63" dir="1" index="0" bw="1" slack="0"/>
</pin_list>
<bind>
<StgValue><ssdm name=""/></StgValue>
</bind>
</comp>

<comp id="64" class="1001" name="const_64">
<pin_list>
<pin id="65" dir="1" index="0" bw="1" slack="0"/>
</pin_list>
<bind>
<StgValue><ssdm name="_ssdm_op_BitSelect.i1.i11.i32"/></StgValue>
</bind>
</comp>

<comp id="66" class="1001" name="const_66">
<pin_list>
<pin id="67" dir="1" index="0" bw="1" slack="0"/>
</pin_list>
<bind>
<StgValue><ssdm name=""/></StgValue>
</bind>
</comp>

<comp id="68" class="1001" name="const_68">
<pin_list>
<pin id="69" dir="1" index="0" bw="1" slack="0"/>
</pin_list>
<bind>
<StgValue><ssdm name="_ssdm_op_PartSelect.i9.i11.i32.i32"/></StgValue>
</bind>
</comp>

<comp id="70" class="1001" name="const_70">
<pin_list>
<pin id="71" dir="1" index="0" bw="1" slack="0"/>
</pin_list>
<bind>
<StgValue><ssdm name=""/></StgValue>
</bind>
</comp>

<comp id="72" class="1001" name="const_72">
<pin_list>
<pin id="73" dir="1" index="0" bw="1" slack="0"/>
</pin_list>
<bind>
<StgValue><ssdm name=""/></StgValue>
</bind>
</comp>

<comp id="74" class="1001" name="const_74">
<pin_list>
<pin id="75" dir="1" index="0" bw="1" slack="0"/>
</pin_list>
<bind>
<StgValue><ssdm name=""/></StgValue>
</bind>
</comp>

<comp id="76" class="1001" name="const_76">
<pin_list>
<pin id="77" dir="1" index="0" bw="1" slack="0"/>
</pin_list>
<bind>
<StgValue><ssdm name="dft_Pipeline_INNER_LOOP"/></StgValue>
</bind>
</comp>

<comp id="78" class="1001" name="const_78">
<pin_list>
<pin id="79" dir="1" index="0" bw="1" slack="0"/>
</pin_list>
<bind>
<StgValue><ssdm name="_ssdm_op_BitConcatenate.i10.i9.i1"/></StgValue>
</bind>
</comp>

<comp id="80" class="1001" name="const_80">
<pin_list>
<pin id="81" dir="1" index="0" bw="1" slack="0"/>
</pin_list>
<bind>
<StgValue><ssdm name=""/></StgValue>
</bind>
</comp>

<comp id="82" class="1001" name="const_82">
<pin_list>
<pin id="83" dir="1" index="0" bw="1" slack="0"/>
</pin_list>
<bind>
<StgValue><ssdm name="dft_Pipeline_INNER_LOOP1"/></StgValue>
</bind>
</comp>

<comp id="84" class="1001" name="const_84">
<pin_list>
<pin id="85" dir="1" index="0" bw="1" slack="2147483647"/>
</pin_list>
<bind>
<StgValue><ssdm name="_ssdm_op_SpecLoopTripCount"/></StgValue>
</bind>
</comp>

<comp id="86" class="1001" name="const_86">
<pin_list>
<pin id="87" dir="1" index="0" bw="1" slack="2147483647"/>
</pin_list>
<bind>
<StgValue><ssdm name=""/></StgValue>
</bind>
</comp>

<comp id="88" class="1001" name="const_88">
<pin_list>
<pin id="89" dir="1" index="0" bw="1" slack="2147483647"/>
</pin_list>
<bind>
<StgValue><ssdm name="_ssdm_op_SpecLoopName"/></StgValue>
</bind>
</comp>

<comp id="90" class="1001" name="const_90">
<pin_list>
<pin id="91" dir="1" index="0" bw="1" slack="2147483647"/>
</pin_list>
<bind>
<StgValue><ssdm name="empty_3"/></StgValue>
</bind>
</comp>

<comp id="92" class="1004" name="j_fu_92">
<pin_list>
<pin id="93" dir="0" index="0" bw="1" slack="0"/>
<pin id="94" dir="1" index="1" bw="11" slack="0"/>
</pin_list>
<bind>
<opcode="alloca(26) " fcode="alloca"/>
<opset="j/1 "/>
</bind>
</comp>

<comp id="96" class="1004" name="real_sample_0_addr_gep_fu_96">
<pin_list>
<pin id="97" dir="0" index="0" bw="32" slack="0"/>
<pin id="98" dir="0" index="1" bw="1" slack="0"/>
<pin id="99" dir="0" index="2" bw="9" slack="0"/>
<pin id="100" dir="1" index="3" bw="9" slack="0"/>
</pin_list>
<bind>
<opcode="getelementptr(29) " fcode="getelementptr"/>
<opset="real_sample_0_addr/2 "/>
</bind>
</comp>

<comp id="103" class="1004" name="grp_access_fu_103">
<pin_list>
<pin id="104" dir="0" index="0" bw="9" slack="0"/>
<pin id="105" dir="0" index="1" bw="32" slack="2147483647"/>
<pin id="106" dir="0" index="2" bw="0" slack="2147483647"/>
<pin id="107" dir="1" index="3" bw="32" slack="1"/>
</pin_list>
<bind>
<opcode="load(27) " fcode="load"/>
<opset="real_sample_0_load/2 "/>
</bind>
</comp>

<comp id="109" class="1004" name="imag_sample_0_addr_gep_fu_109">
<pin_list>
<pin id="110" dir="0" index="0" bw="32" slack="0"/>
<pin id="111" dir="0" index="1" bw="1" slack="0"/>
<pin id="112" dir="0" index="2" bw="9" slack="0"/>
<pin id="113" dir="1" index="3" bw="9" slack="0"/>
</pin_list>
<bind>
<opcode="getelementptr(29) " fcode="getelementptr"/>
<opset="imag_sample_0_addr/2 "/>
</bind>
</comp>

<comp id="116" class="1004" name="grp_access_fu_116">
<pin_list>
<pin id="117" dir="0" index="0" bw="9" slack="0"/>
<pin id="118" dir="0" index="1" bw="32" slack="2147483647"/>
<pin id="119" dir="0" index="2" bw="0" slack="2147483647"/>
<pin id="120" dir="1" index="3" bw="32" slack="1"/>
</pin_list>
<bind>
<opcode="load(27) " fcode="load"/>
<opset="imag_sample_0_load/2 "/>
</bind>
</comp>

<comp id="122" class="1004" name="real_sample_1_addr_gep_fu_122">
<pin_list>
<pin id="123" dir="0" index="0" bw="32" slack="0"/>
<pin id="124" dir="0" index="1" bw="1" slack="0"/>
<pin id="125" dir="0" index="2" bw="9" slack="2"/>
<pin id="126" dir="1" index="3" bw="9" slack="0"/>
</pin_list>
<bind>
<opcode="getelementptr(29) " fcode="getelementptr"/>
<opset="real_sample_1_addr/4 "/>
</bind>
</comp>

<comp id="129" class="1004" name="grp_access_fu_129">
<pin_list>
<pin id="130" dir="0" index="0" bw="9" slack="0"/>
<pin id="131" dir="0" index="1" bw="32" slack="2147483647"/>
<pin id="132" dir="0" index="2" bw="0" slack="2147483647"/>
<pin id="133" dir="1" index="3" bw="32" slack="1"/>
</pin_list>
<bind>
<opcode="load(27) " fcode="load"/>
<opset="real_sample_1_load/4 "/>
</bind>
</comp>

<comp id="135" class="1004" name="imag_sample_1_addr_gep_fu_135">
<pin_list>
<pin id="136" dir="0" index="0" bw="32" slack="0"/>
<pin id="137" dir="0" index="1" bw="1" slack="0"/>
<pin id="138" dir="0" index="2" bw="9" slack="2"/>
<pin id="139" dir="1" index="3" bw="9" slack="0"/>
</pin_list>
<bind>
<opcode="getelementptr(29) " fcode="getelementptr"/>
<opset="imag_sample_1_addr/4 "/>
</bind>
</comp>

<comp id="142" class="1004" name="grp_access_fu_142">
<pin_list>
<pin id="143" dir="0" index="0" bw="9" slack="0"/>
<pin id="144" dir="0" index="1" bw="32" slack="2147483647"/>
<pin id="145" dir="0" index="2" bw="0" slack="2147483647"/>
<pin id="146" dir="1" index="3" bw="32" slack="1"/>
</pin_list>
<bind>
<opcode="load(27) " fcode="load"/>
<opset="imag_sample_1_load/4 "/>
</bind>
</comp>

<comp id="148" class="1004" name="grp_dft_Pipeline_INNER_LOOP_fu_148">
<pin_list>
<pin id="149" dir="0" index="0" bw="0" slack="0"/>
<pin id="150" dir="0" index="1" bw="32" slack="0"/>
<pin id="151" dir="0" index="2" bw="32" slack="0"/>
<pin id="152" dir="0" index="3" bw="32" slack="0"/>
<pin id="153" dir="0" index="4" bw="32" slack="0"/>
<pin id="154" dir="0" index="5" bw="32" slack="0"/>
<pin id="155" dir="0" index="6" bw="32" slack="0"/>
<pin id="156" dir="0" index="7" bw="32" slack="0"/>
<pin id="157" dir="0" index="8" bw="32" slack="0"/>
<pin id="158" dir="0" index="9" bw="32" slack="0"/>
<pin id="159" dir="0" index="10" bw="32" slack="0"/>
<pin id="160" dir="0" index="11" bw="32" slack="0"/>
<pin id="161" dir="0" index="12" bw="32" slack="0"/>
<pin id="162" dir="0" index="13" bw="32" slack="0"/>
<pin id="163" dir="0" index="14" bw="32" slack="0"/>
<pin id="164" dir="0" index="15" bw="32" slack="0"/>
<pin id="165" dir="0" index="16" bw="32" slack="0"/>
<pin id="166" dir="0" index="17" bw="10" slack="2"/>
<pin id="167" dir="0" index="18" bw="32" slack="0"/>
<pin id="168" dir="0" index="19" bw="32" slack="0"/>
<pin id="169" dir="0" index="20" bw="32" slack="0"/>
<pin id="170" dir="0" index="21" bw="32" slack="0"/>
<pin id="171" dir="1" index="22" bw="0" slack="2147483647"/>
</pin_list>
<bind>
<opcode="call(48) " fcode="call"/>
<opset="call_ln14/4 "/>
</bind>
</comp>

<comp id="191" class="1004" name="grp_dft_Pipeline_INNER_LOOP1_fu_191">
<pin_list>
<pin id="192" dir="0" index="0" bw="0" slack="0"/>
<pin id="193" dir="0" index="1" bw="32" slack="0"/>
<pin id="194" dir="0" index="2" bw="32" slack="0"/>
<pin id="195" dir="0" index="3" bw="32" slack="0"/>
<pin id="196" dir="0" index="4" bw="32" slack="0"/>
<pin id="197" dir="0" index="5" bw="32" slack="0"/>
<pin id="198" dir="0" index="6" bw="32" slack="0"/>
<pin id="199" dir="0" index="7" bw="32" slack="0"/>
<pin id="200" dir="0" index="8" bw="32" slack="0"/>
<pin id="201" dir="0" index="9" bw="32" slack="0"/>
<pin id="202" dir="0" index="10" bw="32" slack="0"/>
<pin id="203" dir="0" index="11" bw="32" slack="0"/>
<pin id="204" dir="0" index="12" bw="32" slack="0"/>
<pin id="205" dir="0" index="13" bw="32" slack="0"/>
<pin id="206" dir="0" index="14" bw="32" slack="0"/>
<pin id="207" dir="0" index="15" bw="32" slack="0"/>
<pin id="208" dir="0" index="16" bw="32" slack="0"/>
<pin id="209" dir="0" index="17" bw="10" slack="0"/>
<pin id="210" dir="0" index="18" bw="32" slack="0"/>
<pin id="211" dir="0" index="19" bw="32" slack="0"/>
<pin id="212" dir="0" index="20" bw="32" slack="0"/>
<pin id="213" dir="0" index="21" bw="32" slack="0"/>
<pin id="214" dir="1" index="22" bw="0" slack="2147483647"/>
</pin_list>
<bind>
<opcode="call(48) " fcode="call"/>
<opset="call_ln29/6 "/>
</bind>
</comp>

<comp id="234" class="1004" name="store_ln14_store_fu_234">
<pin_list>
<pin id="235" dir="0" index="0" bw="1" slack="0"/>
<pin id="236" dir="0" index="1" bw="11" slack="0"/>
<pin id="237" dir="1" index="2" bw="0" slack="2147483647"/>
</pin_list>
<bind>
<opcode="store(28) " fcode="store"/>
<opset="store_ln14/1 "/>
</bind>
</comp>

<comp id="239" class="1004" name="j_1_load_fu_239">
<pin_list>
<pin id="240" dir="0" index="0" bw="11" slack="1"/>
<pin id="241" dir="1" index="1" bw="11" slack="0"/>
</pin_list>
<bind>
<opcode="load(27) " fcode="load"/>
<opset="j_1/2 "/>
</bind>
</comp>

<comp id="242" class="1004" name="tmp_fu_242">
<pin_list>
<pin id="243" dir="0" index="0" bw="1" slack="0"/>
<pin id="244" dir="0" index="1" bw="11" slack="0"/>
<pin id="245" dir="0" index="2" bw="5" slack="0"/>
<pin id="246" dir="1" index="3" bw="1" slack="2147483647"/>
</pin_list>
<bind>
<opcode="bitselect(1000) " fcode="bitselect"/>
<opset="tmp/2 "/>
</bind>
</comp>

<comp id="250" class="1004" name="trunc_ln14_fu_250">
<pin_list>
<pin id="251" dir="0" index="0" bw="11" slack="0"/>
<pin id="252" dir="1" index="1" bw="10" slack="2"/>
</pin_list>
<bind>
<opcode="trunc(33) " fcode="trunc"/>
<opset="trunc_ln14/2 "/>
</bind>
</comp>

<comp id="254" class="1004" name="lshr_ln_fu_254">
<pin_list>
<pin id="255" dir="0" index="0" bw="9" slack="0"/>
<pin id="256" dir="0" index="1" bw="11" slack="0"/>
<pin id="257" dir="0" index="2" bw="1" slack="0"/>
<pin id="258" dir="0" index="3" bw="5" slack="0"/>
<pin id="259" dir="1" index="4" bw="9" slack="0"/>
</pin_list>
<bind>
<opcode="partselect(1002) " fcode="partselect"/>
<opset="lshr_ln/2 "/>
</bind>
</comp>

<comp id="264" class="1004" name="zext_ln14_fu_264">
<pin_list>
<pin id="265" dir="0" index="0" bw="9" slack="0"/>
<pin id="266" dir="1" index="1" bw="64" slack="0"/>
</pin_list>
<bind>
<opcode="zext(34) " fcode="zext"/>
<opset="zext_ln14/2 "/>
</bind>
</comp>

<comp id="270" class="1004" name="add_ln14_fu_270">
<pin_list>
<pin id="271" dir="0" index="0" bw="11" slack="0"/>
<pin id="272" dir="0" index="1" bw="3" slack="0"/>
<pin id="273" dir="1" index="2" bw="11" slack="0"/>
</pin_list>
<bind>
<opcode="add(8) " fcode="add"/>
<opset="add_ln14/2 "/>
</bind>
</comp>

<comp id="276" class="1004" name="store_ln14_store_fu_276">
<pin_list>
<pin id="277" dir="0" index="0" bw="11" slack="0"/>
<pin id="278" dir="0" index="1" bw="11" slack="1"/>
<pin id="279" dir="1" index="2" bw="0" slack="2147483647"/>
</pin_list>
<bind>
<opcode="store(28) " fcode="store"/>
<opset="store_ln14/2 "/>
</bind>
</comp>

<comp id="281" class="1004" name="rs_fu_281">
<pin_list>
<pin id="282" dir="0" index="0" bw="32" slack="1"/>
<pin id="283" dir="1" index="1" bw="32" slack="0"/>
</pin_list>
<bind>
<opcode="bitcast(44) " fcode="bitcast"/>
<opset="rs/4 "/>
</bind>
</comp>

<comp id="285" class="1004" name="is_fu_285">
<pin_list>
<pin id="286" dir="0" index="0" bw="32" slack="1"/>
<pin id="287" dir="1" index="1" bw="32" slack="0"/>
</pin_list>
<bind>
<opcode="bitcast(44) " fcode="bitcast"/>
<opset="is/4 "/>
</bind>
</comp>

<comp id="289" class="1004" name="rs_1_fu_289">
<pin_list>
<pin id="290" dir="0" index="0" bw="32" slack="1"/>
<pin id="291" dir="1" index="1" bw="32" slack="0"/>
</pin_list>
<bind>
<opcode="bitcast(44) " fcode="bitcast"/>
<opset="rs_1/6 "/>
</bind>
</comp>

<comp id="293" class="1004" name="is_1_fu_293">
<pin_list>
<pin id="294" dir="0" index="0" bw="32" slack="1"/>
<pin id="295" dir="1" index="1" bw="32" slack="0"/>
</pin_list>
<bind>
<opcode="bitcast(44) " fcode="bitcast"/>
<opset="is_1/6 "/>
</bind>
</comp>

<comp id="297" class="1004" name="or_ln29_7_fu_297">
<pin_list>
<pin id="298" dir="0" index="0" bw="10" slack="0"/>
<pin id="299" dir="0" index="1" bw="9" slack="4"/>
<pin id="300" dir="0" index="2" bw="1" slack="0"/>
<pin id="301" dir="1" index="3" bw="10" slack="0"/>
</pin_list>
<bind>
<opcode="bitconcatenate(1004) " fcode="bitconcatenate"/>
<opset="or_ln29_7/6 "/>
</bind>
</comp>

<comp id="305" class="1005" name="j_reg_305">
<pin_list>
<pin id="306" dir="0" index="0" bw="11" slack="0"/>
<pin id="307" dir="1" index="1" bw="11" slack="0"/>
</pin_list>
<bind>
<opset="j "/>
</bind>
</comp>

<comp id="315" class="1005" name="trunc_ln14_reg_315">
<pin_list>
<pin id="316" dir="0" index="0" bw="10" slack="2"/>
<pin id="317" dir="1" index="1" bw="10" slack="2"/>
</pin_list>
<bind>
<opset="trunc_ln14 "/>
</bind>
</comp>

<comp id="320" class="1005" name="lshr_ln_reg_320">
<pin_list>
<pin id="321" dir="0" index="0" bw="9" slack="4"/>
<pin id="322" dir="1" index="1" bw="9" slack="4"/>
</pin_list>
<bind>
<opset="lshr_ln "/>
</bind>
</comp>

<comp id="325" class="1005" name="zext_ln14_reg_325">
<pin_list>
<pin id="326" dir="0" index="0" bw="64" slack="2"/>
<pin id="327" dir="1" index="1" bw="64" slack="2"/>
</pin_list>
<bind>
<opset="zext_ln14 "/>
</bind>
</comp>

<comp id="331" class="1005" name="real_sample_0_addr_reg_331">
<pin_list>
<pin id="332" dir="0" index="0" bw="9" slack="1"/>
<pin id="333" dir="1" index="1" bw="9" slack="1"/>
</pin_list>
<bind>
<opset="real_sample_0_addr "/>
</bind>
</comp>

<comp id="336" class="1005" name="imag_sample_0_addr_reg_336">
<pin_list>
<pin id="337" dir="0" index="0" bw="9" slack="1"/>
<pin id="338" dir="1" index="1" bw="9" slack="1"/>
</pin_list>
<bind>
<opset="imag_sample_0_addr "/>
</bind>
</comp>

<comp id="341" class="1005" name="real_sample_0_load_reg_341">
<pin_list>
<pin id="342" dir="0" index="0" bw="32" slack="1"/>
<pin id="343" dir="1" index="1" bw="32" slack="1"/>
</pin_list>
<bind>
<opset="real_sample_0_load "/>
</bind>
</comp>

<comp id="346" class="1005" name="imag_sample_0_load_reg_346">
<pin_list>
<pin id="347" dir="0" index="0" bw="32" slack="1"/>
<pin id="348" dir="1" index="1" bw="32" slack="1"/>
</pin_list>
<bind>
<opset="imag_sample_0_load "/>
</bind>
</comp>

<comp id="351" class="1005" name="rs_reg_351">
<pin_list>
<pin id="352" dir="0" index="0" bw="32" slack="1"/>
<pin id="353" dir="1" index="1" bw="32" slack="1"/>
</pin_list>
<bind>
<opset="rs "/>
</bind>
</comp>

<comp id="356" class="1005" name="is_reg_356">
<pin_list>
<pin id="357" dir="0" index="0" bw="32" slack="1"/>
<pin id="358" dir="1" index="1" bw="32" slack="1"/>
</pin_list>
<bind>
<opset="is "/>
</bind>
</comp>

<comp id="361" class="1005" name="real_sample_1_addr_reg_361">
<pin_list>
<pin id="362" dir="0" index="0" bw="9" slack="1"/>
<pin id="363" dir="1" index="1" bw="9" slack="1"/>
</pin_list>
<bind>
<opset="real_sample_1_addr "/>
</bind>
</comp>

<comp id="366" class="1005" name="imag_sample_1_addr_reg_366">
<pin_list>
<pin id="367" dir="0" index="0" bw="9" slack="1"/>
<pin id="368" dir="1" index="1" bw="9" slack="1"/>
</pin_list>
<bind>
<opset="imag_sample_1_addr "/>
</bind>
</comp>

<comp id="371" class="1005" name="real_sample_1_load_reg_371">
<pin_list>
<pin id="372" dir="0" index="0" bw="32" slack="1"/>
<pin id="373" dir="1" index="1" bw="32" slack="1"/>
</pin_list>
<bind>
<opset="real_sample_1_load "/>
</bind>
</comp>

<comp id="376" class="1005" name="imag_sample_1_load_reg_376">
<pin_list>
<pin id="377" dir="0" index="0" bw="32" slack="1"/>
<pin id="378" dir="1" index="1" bw="32" slack="1"/>
</pin_list>
<bind>
<opset="imag_sample_1_load "/>
</bind>
</comp>

<comp id="381" class="1005" name="rs_1_reg_381">
<pin_list>
<pin id="382" dir="0" index="0" bw="32" slack="1"/>
<pin id="383" dir="1" index="1" bw="32" slack="1"/>
</pin_list>
<bind>
<opset="rs_1 "/>
</bind>
</comp>

<comp id="386" class="1005" name="is_1_reg_386">
<pin_list>
<pin id="387" dir="0" index="0" bw="32" slack="1"/>
<pin id="388" dir="1" index="1" bw="32" slack="1"/>
</pin_list>
<bind>
<opset="is_1 "/>
</bind>
</comp>

<comp id="391" class="1005" name="or_ln29_7_reg_391">
<pin_list>
<pin id="392" dir="0" index="0" bw="10" slack="1"/>
<pin id="393" dir="1" index="1" bw="10" slack="1"/>
</pin_list>
<bind>
<opset="or_ln29_7 "/>
</bind>
</comp>

</comp_list>

<net_list>
<net id="95"><net_src comp="44" pin="0"/><net_sink comp="92" pin=0"/></net>

<net id="101"><net_src comp="0" pin="0"/><net_sink comp="96" pin=0"/></net>

<net id="102"><net_src comp="72" pin="0"/><net_sink comp="96" pin=1"/></net>

<net id="108"><net_src comp="96" pin="3"/><net_sink comp="103" pin=0"/></net>

<net id="114"><net_src comp="4" pin="0"/><net_sink comp="109" pin=0"/></net>

<net id="115"><net_src comp="72" pin="0"/><net_sink comp="109" pin=1"/></net>

<net id="121"><net_src comp="109" pin="3"/><net_sink comp="116" pin=0"/></net>

<net id="127"><net_src comp="2" pin="0"/><net_sink comp="122" pin=0"/></net>

<net id="128"><net_src comp="72" pin="0"/><net_sink comp="122" pin=1"/></net>

<net id="134"><net_src comp="122" pin="3"/><net_sink comp="129" pin=0"/></net>

<net id="140"><net_src comp="6" pin="0"/><net_sink comp="135" pin=0"/></net>

<net id="141"><net_src comp="72" pin="0"/><net_sink comp="135" pin=1"/></net>

<net id="147"><net_src comp="135" pin="3"/><net_sink comp="142" pin=0"/></net>

<net id="172"><net_src comp="76" pin="0"/><net_sink comp="148" pin=0"/></net>

<net id="173"><net_src comp="38" pin="0"/><net_sink comp="148" pin=1"/></net>

<net id="174"><net_src comp="36" pin="0"/><net_sink comp="148" pin=2"/></net>

<net id="175"><net_src comp="34" pin="0"/><net_sink comp="148" pin=3"/></net>

<net id="176"><net_src comp="32" pin="0"/><net_sink comp="148" pin=4"/></net>

<net id="177"><net_src comp="30" pin="0"/><net_sink comp="148" pin=5"/></net>

<net id="178"><net_src comp="28" pin="0"/><net_sink comp="148" pin=6"/></net>

<net id="179"><net_src comp="26" pin="0"/><net_sink comp="148" pin=7"/></net>

<net id="180"><net_src comp="24" pin="0"/><net_sink comp="148" pin=8"/></net>

<net id="181"><net_src comp="22" pin="0"/><net_sink comp="148" pin=9"/></net>

<net id="182"><net_src comp="20" pin="0"/><net_sink comp="148" pin=10"/></net>

<net id="183"><net_src comp="18" pin="0"/><net_sink comp="148" pin=11"/></net>

<net id="184"><net_src comp="16" pin="0"/><net_sink comp="148" pin=12"/></net>

<net id="185"><net_src comp="14" pin="0"/><net_sink comp="148" pin=13"/></net>

<net id="186"><net_src comp="12" pin="0"/><net_sink comp="148" pin=14"/></net>

<net id="187"><net_src comp="10" pin="0"/><net_sink comp="148" pin=15"/></net>

<net id="188"><net_src comp="8" pin="0"/><net_sink comp="148" pin=16"/></net>

<net id="189"><net_src comp="40" pin="0"/><net_sink comp="148" pin=20"/></net>

<net id="190"><net_src comp="42" pin="0"/><net_sink comp="148" pin=21"/></net>

<net id="215"><net_src comp="82" pin="0"/><net_sink comp="191" pin=0"/></net>

<net id="216"><net_src comp="38" pin="0"/><net_sink comp="191" pin=1"/></net>

<net id="217"><net_src comp="36" pin="0"/><net_sink comp="191" pin=2"/></net>

<net id="218"><net_src comp="34" pin="0"/><net_sink comp="191" pin=3"/></net>

<net id="219"><net_src comp="32" pin="0"/><net_sink comp="191" pin=4"/></net>

<net id="220"><net_src comp="30" pin="0"/><net_sink comp="191" pin=5"/></net>

<net id="221"><net_src comp="28" pin="0"/><net_sink comp="191" pin=6"/></net>

<net id="222"><net_src comp="26" pin="0"/><net_sink comp="191" pin=7"/></net>

<net id="223"><net_src comp="24" pin="0"/><net_sink comp="191" pin=8"/></net>

<net id="224"><net_src comp="22" pin="0"/><net_sink comp="191" pin=9"/></net>

<net id="225"><net_src comp="20" pin="0"/><net_sink comp="191" pin=10"/></net>

<net id="226"><net_src comp="18" pin="0"/><net_sink comp="191" pin=11"/></net>

<net id="227"><net_src comp="16" pin="0"/><net_sink comp="191" pin=12"/></net>

<net id="228"><net_src comp="14" pin="0"/><net_sink comp="191" pin=13"/></net>

<net id="229"><net_src comp="12" pin="0"/><net_sink comp="191" pin=14"/></net>

<net id="230"><net_src comp="10" pin="0"/><net_sink comp="191" pin=15"/></net>

<net id="231"><net_src comp="8" pin="0"/><net_sink comp="191" pin=16"/></net>

<net id="232"><net_src comp="40" pin="0"/><net_sink comp="191" pin=20"/></net>

<net id="233"><net_src comp="42" pin="0"/><net_sink comp="191" pin=21"/></net>

<net id="238"><net_src comp="62" pin="0"/><net_sink comp="234" pin=0"/></net>

<net id="247"><net_src comp="64" pin="0"/><net_sink comp="242" pin=0"/></net>

<net id="248"><net_src comp="239" pin="1"/><net_sink comp="242" pin=1"/></net>

<net id="249"><net_src comp="66" pin="0"/><net_sink comp="242" pin=2"/></net>

<net id="253"><net_src comp="239" pin="1"/><net_sink comp="250" pin=0"/></net>

<net id="260"><net_src comp="68" pin="0"/><net_sink comp="254" pin=0"/></net>

<net id="261"><net_src comp="239" pin="1"/><net_sink comp="254" pin=1"/></net>

<net id="262"><net_src comp="44" pin="0"/><net_sink comp="254" pin=2"/></net>

<net id="263"><net_src comp="70" pin="0"/><net_sink comp="254" pin=3"/></net>

<net id="267"><net_src comp="254" pin="4"/><net_sink comp="264" pin=0"/></net>

<net id="268"><net_src comp="264" pin="1"/><net_sink comp="96" pin=2"/></net>

<net id="269"><net_src comp="264" pin="1"/><net_sink comp="109" pin=2"/></net>

<net id="274"><net_src comp="239" pin="1"/><net_sink comp="270" pin=0"/></net>

<net id="275"><net_src comp="74" pin="0"/><net_sink comp="270" pin=1"/></net>

<net id="280"><net_src comp="270" pin="2"/><net_sink comp="276" pin=0"/></net>

<net id="284"><net_src comp="281" pin="1"/><net_sink comp="148" pin=18"/></net>

<net id="288"><net_src comp="285" pin="1"/><net_sink comp="148" pin=19"/></net>

<net id="292"><net_src comp="289" pin="1"/><net_sink comp="191" pin=18"/></net>

<net id="296"><net_src comp="293" pin="1"/><net_sink comp="191" pin=19"/></net>

<net id="302"><net_src comp="78" pin="0"/><net_sink comp="297" pin=0"/></net>

<net id="303"><net_src comp="80" pin="0"/><net_sink comp="297" pin=2"/></net>

<net id="304"><net_src comp="297" pin="3"/><net_sink comp="191" pin=17"/></net>

<net id="308"><net_src comp="92" pin="1"/><net_sink comp="305" pin=0"/></net>

<net id="309"><net_src comp="305" pin="1"/><net_sink comp="234" pin=1"/></net>

<net id="310"><net_src comp="305" pin="1"/><net_sink comp="239" pin=0"/></net>

<net id="311"><net_src comp="305" pin="1"/><net_sink comp="276" pin=1"/></net>

<net id="318"><net_src comp="250" pin="1"/><net_sink comp="315" pin=0"/></net>

<net id="319"><net_src comp="315" pin="1"/><net_sink comp="148" pin=17"/></net>

<net id="323"><net_src comp="254" pin="4"/><net_sink comp="320" pin=0"/></net>

<net id="324"><net_src comp="320" pin="1"/><net_sink comp="297" pin=1"/></net>

<net id="328"><net_src comp="264" pin="1"/><net_sink comp="325" pin=0"/></net>

<net id="329"><net_src comp="325" pin="1"/><net_sink comp="122" pin=2"/></net>

<net id="330"><net_src comp="325" pin="1"/><net_sink comp="135" pin=2"/></net>

<net id="334"><net_src comp="96" pin="3"/><net_sink comp="331" pin=0"/></net>

<net id="335"><net_src comp="331" pin="1"/><net_sink comp="103" pin=0"/></net>

<net id="339"><net_src comp="109" pin="3"/><net_sink comp="336" pin=0"/></net>

<net id="340"><net_src comp="336" pin="1"/><net_sink comp="116" pin=0"/></net>

<net id="344"><net_src comp="103" pin="3"/><net_sink comp="341" pin=0"/></net>

<net id="345"><net_src comp="341" pin="1"/><net_sink comp="281" pin=0"/></net>

<net id="349"><net_src comp="116" pin="3"/><net_sink comp="346" pin=0"/></net>

<net id="350"><net_src comp="346" pin="1"/><net_sink comp="285" pin=0"/></net>

<net id="354"><net_src comp="281" pin="1"/><net_sink comp="351" pin=0"/></net>

<net id="355"><net_src comp="351" pin="1"/><net_sink comp="148" pin=18"/></net>

<net id="359"><net_src comp="285" pin="1"/><net_sink comp="356" pin=0"/></net>

<net id="360"><net_src comp="356" pin="1"/><net_sink comp="148" pin=19"/></net>

<net id="364"><net_src comp="122" pin="3"/><net_sink comp="361" pin=0"/></net>

<net id="365"><net_src comp="361" pin="1"/><net_sink comp="129" pin=0"/></net>

<net id="369"><net_src comp="135" pin="3"/><net_sink comp="366" pin=0"/></net>

<net id="370"><net_src comp="366" pin="1"/><net_sink comp="142" pin=0"/></net>

<net id="374"><net_src comp="129" pin="3"/><net_sink comp="371" pin=0"/></net>

<net id="375"><net_src comp="371" pin="1"/><net_sink comp="289" pin=0"/></net>

<net id="379"><net_src comp="142" pin="3"/><net_sink comp="376" pin=0"/></net>

<net id="380"><net_src comp="376" pin="1"/><net_sink comp="293" pin=0"/></net>

<net id="384"><net_src comp="289" pin="1"/><net_sink comp="381" pin=0"/></net>

<net id="385"><net_src comp="381" pin="1"/><net_sink comp="191" pin=18"/></net>

<net id="389"><net_src comp="293" pin="1"/><net_sink comp="386" pin=0"/></net>

<net id="390"><net_src comp="386" pin="1"/><net_sink comp="191" pin=19"/></net>

<net id="394"><net_src comp="297" pin="3"/><net_sink comp="391" pin=0"/></net>

<net id="395"><net_src comp="391" pin="1"/><net_sink comp="191" pin=17"/></net>

</net_list>

</model> 
---------------- Datapath Model END ------------------

* FSMD analyzer results:
  - Output states:
	Port: real_op_0 | {4 5 6 7 }
	Port: real_op_1 | {4 5 6 7 }
	Port: real_op_2 | {4 5 6 7 }
	Port: real_op_3 | {4 5 6 7 }
	Port: real_op_4 | {4 5 6 7 }
	Port: real_op_5 | {4 5 6 7 }
	Port: real_op_6 | {4 5 6 7 }
	Port: real_op_7 | {4 5 6 7 }
	Port: imag_op_0 | {4 5 6 7 }
	Port: imag_op_1 | {4 5 6 7 }
	Port: imag_op_2 | {4 5 6 7 }
	Port: imag_op_3 | {4 5 6 7 }
	Port: imag_op_4 | {4 5 6 7 }
	Port: imag_op_5 | {4 5 6 7 }
	Port: imag_op_6 | {4 5 6 7 }
	Port: imag_op_7 | {4 5 6 7 }
 - Input state : 
	Port: dft : real_sample_0 | {2 3 }
	Port: dft : real_sample_1 | {4 5 }
	Port: dft : imag_sample_0 | {2 3 }
	Port: dft : imag_sample_1 | {4 5 }
	Port: dft : real_op_0 | {4 5 6 7 }
	Port: dft : real_op_1 | {4 5 6 7 }
	Port: dft : real_op_2 | {4 5 6 7 }
	Port: dft : real_op_3 | {4 5 6 7 }
	Port: dft : real_op_4 | {4 5 6 7 }
	Port: dft : real_op_5 | {4 5 6 7 }
	Port: dft : real_op_6 | {4 5 6 7 }
	Port: dft : real_op_7 | {4 5 6 7 }
	Port: dft : imag_op_0 | {4 5 6 7 }
	Port: dft : imag_op_1 | {4 5 6 7 }
	Port: dft : imag_op_2 | {4 5 6 7 }
	Port: dft : imag_op_3 | {4 5 6 7 }
	Port: dft : imag_op_4 | {4 5 6 7 }
	Port: dft : imag_op_5 | {4 5 6 7 }
	Port: dft : imag_op_6 | {4 5 6 7 }
	Port: dft : imag_op_7 | {4 5 6 7 }
	Port: dft : cos_coefficients_table | {4 5 6 7 }
	Port: dft : sin_coefficients_table | {4 5 6 7 }
  - Chain level:
	State 1
		store_ln14 : 1
	State 2
		tmp : 1
		br_ln14 : 2
		trunc_ln14 : 1
		lshr_ln : 1
		zext_ln14 : 2
		real_sample_0_addr : 3
		real_sample_0_load : 4
		imag_sample_0_addr : 3
		imag_sample_0_load : 4
		add_ln14 : 1
		store_ln14 : 2
	State 3
	State 4
		call_ln14 : 1
		real_sample_1_load : 1
		imag_sample_1_load : 1
	State 5
	State 6
		call_ln29 : 1
	State 7


============================================================
+ Verbose Summary: Datapath Resource usage 
============================================================

* Functional unit list:
|----------|-------------------------------------|---------|---------|---------|---------|
| Operation|           Functional Unit           |   DSP   |  Delay  |    FF   |   LUT   |
|----------|-------------------------------------|---------|---------|---------|---------|
|   call   |  grp_dft_Pipeline_INNER_LOOP_fu_148 |   160   |  76.224 |  15155  |  23700  |
|          | grp_dft_Pipeline_INNER_LOOP1_fu_191 |   160   |  76.224 |  15155  |  23700  |
|----------|-------------------------------------|---------|---------|---------|---------|
|    add   |           add_ln14_fu_270           |    0    |    0    |    0    |    12   |
|----------|-------------------------------------|---------|---------|---------|---------|
| bitselect|              tmp_fu_242             |    0    |    0    |    0    |    0    |
|----------|-------------------------------------|---------|---------|---------|---------|
|   trunc  |          trunc_ln14_fu_250          |    0    |    0    |    0    |    0    |
|----------|-------------------------------------|---------|---------|---------|---------|
|partselect|            lshr_ln_fu_254           |    0    |    0    |    0    |    0    |
|----------|-------------------------------------|---------|---------|---------|---------|
|   zext   |           zext_ln14_fu_264          |    0    |    0    |    0    |    0    |
|----------|-------------------------------------|---------|---------|---------|---------|
|bitconcatenate|           or_ln29_7_fu_297          |    0    |    0    |    0    |    0    |
|----------|-------------------------------------|---------|---------|---------|---------|
|   Total  |                                     |   320   | 152.448 |  30310  |  47412  |
|----------|-------------------------------------|---------|---------|---------|---------|

Memories:
+----------------------+--------+--------+--------+
|                      |  BRAM  |   FF   |   LUT  |
+----------------------+--------+--------+--------+
|cos_coefficients_table|    8   |    0   |    0   |
|sin_coefficients_table|    8   |    0   |    0   |
+----------------------+--------+--------+--------+
|         Total        |   16   |    0   |    0   |
+----------------------+--------+--------+--------+

* Register list:
+--------------------------+--------+
|                          |   FF   |
+--------------------------+--------+
|imag_sample_0_addr_reg_336|    9   |
|imag_sample_0_load_reg_346|   32   |
|imag_sample_1_addr_reg_366|    9   |
|imag_sample_1_load_reg_376|   32   |
|       is_1_reg_386       |   32   |
|        is_reg_356        |   32   |
|         j_reg_305        |   11   |
|      lshr_ln_reg_320     |    9   |
|     or_ln29_7_reg_391    |   10   |
|real_sample_0_addr_reg_331|    9   |
|real_sample_0_load_reg_341|   32   |
|real_sample_1_addr_reg_361|    9   |
|real_sample_1_load_reg_371|   32   |
|       rs_1_reg_381       |   32   |
|        rs_reg_351        |   32   |
|    trunc_ln14_reg_315    |   10   |
|     zext_ln14_reg_325    |   64   |
+--------------------------+--------+
|           Total          |   396  |
+--------------------------+--------+

* Multiplexer (MUX) list: 
|-------------------------------------|------|------|------|--------||---------||---------||---------|
|                 Comp                |  Pin | Size |  BW  | S x BW ||  Delay  ||    FF   ||   LUT   |
|-------------------------------------|------|------|------|--------||---------||---------||---------|
|          grp_access_fu_103          |  p0  |   2  |   9  |   18   ||    0    ||    9    |
|          grp_access_fu_116          |  p0  |   2  |   9  |   18   ||    0    ||    9    |
|          grp_access_fu_129          |  p0  |   2  |   9  |   18   ||    0    ||    9    |
|          grp_access_fu_142          |  p0  |   2  |   9  |   18   ||    0    ||    9    |
|  grp_dft_Pipeline_INNER_LOOP_fu_148 |  p18 |   2  |  32  |   64   ||    0    ||    9    |
|  grp_dft_Pipeline_INNER_LOOP_fu_148 |  p19 |   2  |  32  |   64   ||    0    ||    9    |
| grp_dft_Pipeline_INNER_LOOP1_fu_191 |  p17 |   2  |  10  |   20   ||    0    ||    9    |
| grp_dft_Pipeline_INNER_LOOP1_fu_191 |  p18 |   2  |  32  |   64   ||    0    ||    9    |
| grp_dft_Pipeline_INNER_LOOP1_fu_191 |  p19 |   2  |  32  |   64   ||    0    ||    9    |
|-------------------------------------|------|------|------|--------||---------||---------||---------|
|                Total                |      |      |      |   348  ||  14.292 ||    0    ||    81   |
|-------------------------------------|------|------|------|--------||---------||---------||---------|



* Summary:
+-----------+--------+--------+--------+--------+--------+
|           |  BRAM  |   DSP  |  Delay |   FF   |   LUT  |
+-----------+--------+--------+--------+--------+--------+
|  Function |    -   |   320  |   152  |  30310 |  47412 |
|   Memory  |   16   |    -   |    -   |    0   |    0   |
|Multiplexer|    -   |    -   |   14   |    0   |   81   |
|  Register |    -   |    -   |    -   |   396  |    -   |
+-----------+--------+--------+--------+--------+--------+
|   Total   |   16   |   320  |   166  |  30706 |  47493 |
+-----------+--------+--------+--------+--------+--------+
