directive:1:9: warning: HLS pragma dump _XLX_SEP_ PragmaIsValid=1_XLX_SEP_ PragmaType=top_XLX_SEP_ PragmaContext=directive_XLX_SEP_ PragmaFunction=dft_XLX_SEP_ PragmaOptions=name=dft_XLX_SEP_ [-Wdump-hls-pragmas]
#pragma HLSDIRECTIVE TOP name=dft
        ^
../dft.cpp:8:9: warning: HLS pragma dump _XLX_SEP_ PragmaIsValid=1_XLX_SEP_ PragmaType=array_partition_XLX_SEP_ PragmaContext=_XLX_SEP_ PragmaFunction=dft_XLX_SEP_ PragmaOptions=variable=real_op cyclic factor=8_XLX_SEP_ [-Wdump-hls-pragmas]
#pragma HLS array_partition variable=real_op cyclic factor=8
        ^
../dft.cpp:9:9: warning: HLS pragma dump _XLX_SEP_ PragmaIsValid=1_XLX_SEP_ PragmaType=array_partition_XLX_SEP_ PragmaContext=_XLX_SEP_ PragmaFunction=dft_XLX_SEP_ PragmaOptions=variable=imag_op cyclic factor=8_XLX_SEP_ [-Wdump-hls-pragmas]
#pragma HLS array_partition variable=imag_op cyclic factor=8
        ^
../dft.cpp:10:9: warning: HLS pragma dump _XLX_SEP_ PragmaIsValid=1_XLX_SEP_ PragmaType=array_partition_XLX_SEP_ PragmaContext=_XLX_SEP_ PragmaFunction=dft_XLX_SEP_ PragmaOptions=variable=real_sample cyclic factor=2_XLX_SEP_ [-Wdump-hls-pragmas]
#pragma HLS array_partition variable=real_sample cyclic factor=2
        ^
../dft.cpp:11:9: warning: HLS pragma dump _XLX_SEP_ PragmaIsValid=1_XLX_SEP_ PragmaType=array_partition_XLX_SEP_ PragmaContext=_XLX_SEP_ PragmaFunction=dft_XLX_SEP_ PragmaOptions=variable=imag_sample cyclic factor=2_XLX_SEP_ [-Wdump-hls-pragmas]
#pragma HLS array_partition variable=imag_sample cyclic factor=2
        ^
../dft.cpp:15:9: warning: HLS pragma dump _XLX_SEP_ PragmaIsValid=1_XLX_SEP_ PragmaType=loop_tripcount_XLX_SEP_ PragmaContext=_XLX_SEP_ PragmaFunction=dft_XLX_SEP_ PragmaOptions=min=1024 max=1024_XLX_SEP_ [-Wdump-hls-pragmas]
#pragma HLS loop_tripcount min=1024 max=1024
        ^
../dft.cpp:16:9: warning: HLS pragma dump _XLX_SEP_ PragmaIsValid=1_XLX_SEP_ PragmaType=unroll_XLX_SEP_ PragmaContext=_XLX_SEP_ PragmaFunction=dft_XLX_SEP_ PragmaOptions=factor=2 skip_exit_check_XLX_SEP_ [-Wdump-hls-pragmas]
#pragma HLS unroll factor=2 skip_exit_check
        ^
../dft.cpp:23:9: warning: HLS pragma dump _XLX_SEP_ PragmaIsValid=1_XLX_SEP_ PragmaType=loop_tripcount_XLX_SEP_ PragmaContext=_XLX_SEP_ PragmaFunction=dft_XLX_SEP_ PragmaOptions=min=1024 max=1024_XLX_SEP_ [-Wdump-hls-pragmas]
#pragma HLS loop_tripcount min=1024 max=1024
        ^
../dft.cpp:24:9: warning: HLS pragma dump _XLX_SEP_ PragmaIsValid=1_XLX_SEP_ PragmaType=dependence_XLX_SEP_ PragmaContext=_XLX_SEP_ PragmaFunction=dft_XLX_SEP_ PragmaOptions=variable=real_op intra direction=RAW true_XLX_SEP_ [-Wdump-hls-pragmas]
#pragma HLS dependence variable=real_op intra direction=RAW true
        ^
../dft.cpp:25:9: warning: HLS pragma dump _XLX_SEP_ PragmaIsValid=1_XLX_SEP_ PragmaType=dependence_XLX_SEP_ PragmaContext=_XLX_SEP_ PragmaFunction=dft_XLX_SEP_ PragmaOptions=variable=imag_op intra direction=RAW true_XLX_SEP_ [-Wdump-hls-pragmas]
#pragma HLS dependence variable=imag_op intra direction=RAW true
        ^
../dft.cpp:26:9: warning: HLS pragma dump _XLX_SEP_ PragmaIsValid=1_XLX_SEP_ PragmaType=unroll_XLX_SEP_ PragmaContext=_XLX_SEP_ PragmaFunction=dft_XLX_SEP_ PragmaOptions=factor=8 skip_exit_check_XLX_SEP_ [-Wdump-hls-pragmas]
#pragma HLS unroll factor=8 skip_exit_check
        ^
11 warnings generated.
