
*** Running vivado
    with args -log chole_bhature_axi_mem_intercon_imp_auto_pc_0.vds -m64 -product Vivado -mode batch -messageDb vivado.pb -notrace -source chole_bhature_axi_mem_intercon_imp_auto_pc_0.tcl


****** Vivado v2024.2 (64-bit)
  **** SW Build 5239630 on Fri Nov 08 22:34:34 MST 2024
  **** IP Build 5239520 on Sun Nov 10 16:12:51 MST 2024
  **** SharedData Build 5239561 on Fri Nov 08 14:39:27 MST 2024
  **** Start of session at: Sat Dec 13 17:13:13 2025
    ** Copyright 1986-2022 Xilinx, Inc. All Rights Reserved.
    ** Copyright 2022-2024 Advanced Micro Devices, Inc. All Rights Reserved.

source chole_bhature_axi_mem_intercon_imp_auto_pc_0.tcl -notrace
create_project: Time (s): cpu = 00:00:09 ; elapsed = 00:00:18 . Memory (MB): peak = 1494.992 ; gain = 85.887 ; free physical = 5248 ; free virtual = 13314
INFO: [IP_Flow 19-234] Refreshing IP repositories
INFO: [IP_Flow 19-1700] Loaded user IP repository '/home/linux/ieng6/students/162/mak025/chole_bhature/project_files/project5_bnn/hls_streaming/bnn.comp/hls/impl/ip'.
INFO: [IP_Flow 19-2313] Loaded Vivado IP repository '/software/common/Xilinx_Vitis/Vivado/2024.2/data/ip'.
INFO: [IP_Flow 19-6924] IPCACHE: Running cache check for IP inst: chole_bhature_axi_mem_intercon_imp_auto_pc_0
Command: synth_design -top chole_bhature_axi_mem_intercon_imp_auto_pc_0 -part xc7z020clg400-1 -incremental_mode off -mode out_of_context
Starting synth_design
Attempting to get a license for feature 'Synthesis' and/or device 'xc7z020'
INFO: [Common 17-349] Got license for feature 'Synthesis' and/or device 'xc7z020'
INFO: [Device 21-403] Loading part xc7z020clg400-1
INFO: [Synth 8-7079] Multithreading enabled for synth_design using a maximum of 7 processes.
INFO: [Synth 8-7078] Launching helper process for spawning children vivado processes
INFO: [Synth 8-7075] Helper process launched with PID 470774
---------------------------------------------------------------------------------
Starting RTL Elaboration : Time (s): cpu = 00:00:08 ; elapsed = 00:00:11 . Memory (MB): peak = 2143.512 ; gain = 418.828 ; free physical = 3430 ; free virtual = 11495
---------------------------------------------------------------------------------
INFO: [Synth 8-6157] synthesizing module 'chole_bhature_axi_mem_intercon_imp_auto_pc_0' [/home/linux/ieng6/students/162/mak025/chole_bhature/project_files/project5_bnn/hls_streaming/pynq_bnn/pynq_bnn.gen/sources_1/bd/chole_bhature/ip/chole_bhature_axi_mem_intercon_imp_auto_pc_0/synth/chole_bhature_axi_mem_intercon_imp_auto_pc_0.v:53]
INFO: [Synth 8-6157] synthesizing module 'axi_protocol_converter_v2_1_33_axi_protocol_converter' [/home/linux/ieng6/students/162/mak025/chole_bhature/project_files/project5_bnn/hls_streaming/pynq_bnn/pynq_bnn.gen/sources_1/bd/chole_bhature/ipshared/27ae/hdl/axi_protocol_converter_v2_1_vl_rfs.v:5285]
INFO: [Synth 8-6157] synthesizing module 'axi_protocol_converter_v2_1_33_axi3_conv' [/home/linux/ieng6/students/162/mak025/chole_bhature/project_files/project5_bnn/hls_streaming/pynq_bnn/pynq_bnn.gen/sources_1/bd/chole_bhature/ipshared/27ae/hdl/axi_protocol_converter_v2_1_vl_rfs.v:951]
INFO: [Synth 8-6157] synthesizing module 'axi_protocol_converter_v2_1_33_b_downsizer' [/home/linux/ieng6/students/162/mak025/chole_bhature/project_files/project5_bnn/hls_streaming/pynq_bnn/pynq_bnn.gen/sources_1/bd/chole_bhature/ipshared/27ae/hdl/axi_protocol_converter_v2_1_vl_rfs.v:2269]
INFO: [Synth 8-6155] done synthesizing module 'axi_protocol_converter_v2_1_33_b_downsizer' (0#1) [/home/linux/ieng6/students/162/mak025/chole_bhature/project_files/project5_bnn/hls_streaming/pynq_bnn/pynq_bnn.gen/sources_1/bd/chole_bhature/ipshared/27ae/hdl/axi_protocol_converter_v2_1_vl_rfs.v:2269]
INFO: [Synth 8-6157] synthesizing module 'axi_protocol_converter_v2_1_33_a_axi3_conv' [/home/linux/ieng6/students/162/mak025/chole_bhature/project_files/project5_bnn/hls_streaming/pynq_bnn/pynq_bnn.gen/sources_1/bd/chole_bhature/ipshared/27ae/hdl/axi_protocol_converter_v2_1_vl_rfs.v:60]
INFO: [Synth 8-6157] synthesizing module 'axi_data_fifo_v2_1_32_axic_fifo' [/home/linux/ieng6/students/162/mak025/chole_bhature/project_files/project5_bnn/hls_streaming/pynq_bnn/pynq_bnn.gen/sources_1/bd/chole_bhature/ipshared/65ce/hdl/axi_data_fifo_v2_1_vl_rfs.v:62]
INFO: [Synth 8-6157] synthesizing module 'axi_data_fifo_v2_1_32_fifo_gen' [/home/linux/ieng6/students/162/mak025/chole_bhature/project_files/project5_bnn/hls_streaming/pynq_bnn/pynq_bnn.gen/sources_1/bd/chole_bhature/ipshared/65ce/hdl/axi_data_fifo_v2_1_vl_rfs.v:165]
INFO: [Synth 8-6157] synthesizing module 'xpm_cdc_async_rst' [/software/common/Xilinx_Vitis/Vivado/2024.2/data/ip/xpm/xpm_cdc/hdl/xpm_cdc.sv:1175]
INFO: [Synth 8-6155] done synthesizing module 'xpm_cdc_async_rst' (0#1) [/software/common/Xilinx_Vitis/Vivado/2024.2/data/ip/xpm/xpm_cdc/hdl/xpm_cdc.sv:1175]
INFO: [Synth 8-6155] done synthesizing module 'axi_data_fifo_v2_1_32_fifo_gen' (0#1) [/home/linux/ieng6/students/162/mak025/chole_bhature/project_files/project5_bnn/hls_streaming/pynq_bnn/pynq_bnn.gen/sources_1/bd/chole_bhature/ipshared/65ce/hdl/axi_data_fifo_v2_1_vl_rfs.v:165]
INFO: [Synth 8-6155] done synthesizing module 'axi_data_fifo_v2_1_32_axic_fifo' (0#1) [/home/linux/ieng6/students/162/mak025/chole_bhature/project_files/project5_bnn/hls_streaming/pynq_bnn/pynq_bnn.gen/sources_1/bd/chole_bhature/ipshared/65ce/hdl/axi_data_fifo_v2_1_vl_rfs.v:62]
INFO: [Synth 8-6155] done synthesizing module 'axi_protocol_converter_v2_1_33_a_axi3_conv' (0#1) [/home/linux/ieng6/students/162/mak025/chole_bhature/project_files/project5_bnn/hls_streaming/pynq_bnn/pynq_bnn.gen/sources_1/bd/chole_bhature/ipshared/27ae/hdl/axi_protocol_converter_v2_1_vl_rfs.v:60]
INFO: [Synth 8-6157] synthesizing module 'axi_protocol_converter_v2_1_33_w_axi3_conv' [/home/linux/ieng6/students/162/mak025/chole_bhature/project_files/project5_bnn/hls_streaming/pynq_bnn/pynq_bnn.gen/sources_1/bd/chole_bhature/ipshared/27ae/hdl/axi_protocol_converter_v2_1_vl_rfs.v:1998]
INFO: [Synth 8-6155] done synthesizing module 'axi_protocol_converter_v2_1_33_w_axi3_conv' (0#1) [/home/linux/ieng6/students/162/mak025/chole_bhature/project_files/project5_bnn/hls_streaming/pynq_bnn/pynq_bnn.gen/sources_1/bd/chole_bhature/ipshared/27ae/hdl/axi_protocol_converter_v2_1_vl_rfs.v:1998]
INFO: [Synth 8-6157] synthesizing module 'axi_protocol_converter_v2_1_33_a_axi3_conv__parameterized0' [/home/linux/ieng6/students/162/mak025/chole_bhature/project_files/project5_bnn/hls_streaming/pynq_bnn/pynq_bnn.gen/sources_1/bd/chole_bhature/ipshared/27ae/hdl/axi_protocol_converter_v2_1_vl_rfs.v:60]
INFO: [Synth 8-6157] synthesizing module 'axi_data_fifo_v2_1_32_axic_fifo__parameterized0' [/home/linux/ieng6/students/162/mak025/chole_bhature/project_files/project5_bnn/hls_streaming/pynq_bnn/pynq_bnn.gen/sources_1/bd/chole_bhature/ipshared/65ce/hdl/axi_data_fifo_v2_1_vl_rfs.v:62]
INFO: [Synth 8-6157] synthesizing module 'axi_data_fifo_v2_1_32_fifo_gen__parameterized0' [/home/linux/ieng6/students/162/mak025/chole_bhature/project_files/project5_bnn/hls_streaming/pynq_bnn/pynq_bnn.gen/sources_1/bd/chole_bhature/ipshared/65ce/hdl/axi_data_fifo_v2_1_vl_rfs.v:165]
INFO: [Synth 8-6155] done synthesizing module 'axi_data_fifo_v2_1_32_fifo_gen__parameterized0' (0#1) [/home/linux/ieng6/students/162/mak025/chole_bhature/project_files/project5_bnn/hls_streaming/pynq_bnn/pynq_bnn.gen/sources_1/bd/chole_bhature/ipshared/65ce/hdl/axi_data_fifo_v2_1_vl_rfs.v:165]
INFO: [Synth 8-6155] done synthesizing module 'axi_data_fifo_v2_1_32_axic_fifo__parameterized0' (0#1) [/home/linux/ieng6/students/162/mak025/chole_bhature/project_files/project5_bnn/hls_streaming/pynq_bnn/pynq_bnn.gen/sources_1/bd/chole_bhature/ipshared/65ce/hdl/axi_data_fifo_v2_1_vl_rfs.v:62]
INFO: [Synth 8-6155] done synthesizing module 'axi_protocol_converter_v2_1_33_a_axi3_conv__parameterized0' (0#1) [/home/linux/ieng6/students/162/mak025/chole_bhature/project_files/project5_bnn/hls_streaming/pynq_bnn/pynq_bnn.gen/sources_1/bd/chole_bhature/ipshared/27ae/hdl/axi_protocol_converter_v2_1_vl_rfs.v:60]
INFO: [Synth 8-6157] synthesizing module 'axi_protocol_converter_v2_1_33_r_axi3_conv' [/home/linux/ieng6/students/162/mak025/chole_bhature/project_files/project5_bnn/hls_streaming/pynq_bnn/pynq_bnn.gen/sources_1/bd/chole_bhature/ipshared/27ae/hdl/axi_protocol_converter_v2_1_vl_rfs.v:1784]
INFO: [Synth 8-6155] done synthesizing module 'axi_protocol_converter_v2_1_33_r_axi3_conv' (0#1) [/home/linux/ieng6/students/162/mak025/chole_bhature/project_files/project5_bnn/hls_streaming/pynq_bnn/pynq_bnn.gen/sources_1/bd/chole_bhature/ipshared/27ae/hdl/axi_protocol_converter_v2_1_vl_rfs.v:1784]
INFO: [Synth 8-6155] done synthesizing module 'axi_protocol_converter_v2_1_33_axi3_conv' (0#1) [/home/linux/ieng6/students/162/mak025/chole_bhature/project_files/project5_bnn/hls_streaming/pynq_bnn/pynq_bnn.gen/sources_1/bd/chole_bhature/ipshared/27ae/hdl/axi_protocol_converter_v2_1_vl_rfs.v:951]
INFO: [Synth 8-6155] done synthesizing module 'axi_protocol_converter_v2_1_33_axi_protocol_converter' (0#1) [/home/linux/ieng6/students/162/mak025/chole_bhature/project_files/project5_bnn/hls_streaming/pynq_bnn/pynq_bnn.gen/sources_1/bd/chole_bhature/ipshared/27ae/hdl/axi_protocol_converter_v2_1_vl_rfs.v:5285]
INFO: [Synth 8-6155] done synthesizing module 'chole_bhature_axi_mem_intercon_imp_auto_pc_0' (0#1) [/home/linux/ieng6/students/162/mak025/chole_bhature/project_files/project5_bnn/hls_streaming/pynq_bnn/pynq_bnn.gen/sources_1/bd/chole_bhature/ip/chole_bhature_axi_mem_intercon_imp_auto_pc_0/synth/chole_bhature_axi_mem_intercon_imp_auto_pc_0.v:53]
WARNING: [Synth 8-6014] Unused sequential element S_AXI_AUSER_Q_reg was removed.  [/home/linux/ieng6/students/162/mak025/chole_bhature/project_files/project5_bnn/hls_streaming/pynq_bnn/pynq_bnn.gen/sources_1/bd/chole_bhature/ipshared/27ae/hdl/axi_protocol_converter_v2_1_vl_rfs.v:280]
WARNING: [Synth 8-6014] Unused sequential element NO_B_CHANNEL.cmd_b_depth_reg was removed.  [/home/linux/ieng6/students/162/mak025/chole_bhature/project_files/project5_bnn/hls_streaming/pynq_bnn/pynq_bnn.gen/sources_1/bd/chole_bhature/ipshared/27ae/hdl/axi_protocol_converter_v2_1_vl_rfs.v:852]
WARNING: [Synth 8-6014] Unused sequential element S_AXI_AUSER_Q_reg was removed.  [/home/linux/ieng6/students/162/mak025/chole_bhature/project_files/project5_bnn/hls_streaming/pynq_bnn/pynq_bnn.gen/sources_1/bd/chole_bhature/ipshared/27ae/hdl/axi_protocol_converter_v2_1_vl_rfs.v:280]
WARNING: [Synth 8-6014] Unused sequential element cmd_b_push_block_reg was removed.  [/home/linux/ieng6/students/162/mak025/chole_bhature/project_files/project5_bnn/hls_streaming/pynq_bnn/pynq_bnn.gen/sources_1/bd/chole_bhature/ipshared/27ae/hdl/axi_protocol_converter_v2_1_vl_rfs.v:636]
WARNING: [Synth 8-7129] Port ACLK in module axi_protocol_converter_v2_1_33_r_axi3_conv is either unconnected or has no load
WARNING: [Synth 8-7129] Port ARESET in module axi_protocol_converter_v2_1_33_r_axi3_conv is either unconnected or has no load
WARNING: [Synth 8-7129] Port ALMOST_FULL_I in module output_blk__parameterized0 is either unconnected or has no load
WARNING: [Synth 8-7129] Port PROG_FULL_I in module output_blk__parameterized0 is either unconnected or has no load
WARNING: [Synth 8-7129] Port ALMOST_EMPTY_I in module output_blk__parameterized0 is either unconnected or has no load
WARNING: [Synth 8-7129] Port PROG_EMPTY_I in module output_blk__parameterized0 is either unconnected or has no load
WARNING: [Synth 8-7129] Port WR_ACK_I in module output_blk__parameterized0 is either unconnected or has no load
WARNING: [Synth 8-7129] Port VALID_I in module output_blk__parameterized0 is either unconnected or has no load
WARNING: [Synth 8-7129] Port OVERFLOW_I in module output_blk__parameterized0 is either unconnected or has no load
WARNING: [Synth 8-7129] Port UNDERFLOW_I in module output_blk__parameterized0 is either unconnected or has no load
WARNING: [Synth 8-7129] Port DATA_COUNT_I[5] in module output_blk__parameterized0 is either unconnected or has no load
WARNING: [Synth 8-7129] Port DATA_COUNT_I[4] in module output_blk__parameterized0 is either unconnected or has no load
WARNING: [Synth 8-7129] Port DATA_COUNT_I[3] in module output_blk__parameterized0 is either unconnected or has no load
WARNING: [Synth 8-7129] Port DATA_COUNT_I[2] in module output_blk__parameterized0 is either unconnected or has no load
WARNING: [Synth 8-7129] Port DATA_COUNT_I[1] in module output_blk__parameterized0 is either unconnected or has no load
WARNING: [Synth 8-7129] Port DATA_COUNT_I[0] in module output_blk__parameterized0 is either unconnected or has no load
WARNING: [Synth 8-7129] Port WR_DATA_COUNT_I[5] in module output_blk__parameterized0 is either unconnected or has no load
WARNING: [Synth 8-7129] Port WR_DATA_COUNT_I[4] in module output_blk__parameterized0 is either unconnected or has no load
WARNING: [Synth 8-7129] Port WR_DATA_COUNT_I[3] in module output_blk__parameterized0 is either unconnected or has no load
WARNING: [Synth 8-7129] Port WR_DATA_COUNT_I[2] in module output_blk__parameterized0 is either unconnected or has no load
WARNING: [Synth 8-7129] Port WR_DATA_COUNT_I[1] in module output_blk__parameterized0 is either unconnected or has no load
WARNING: [Synth 8-7129] Port WR_DATA_COUNT_I[0] in module output_blk__parameterized0 is either unconnected or has no load
WARNING: [Synth 8-7129] Port RD_DATA_COUNT_I[5] in module output_blk__parameterized0 is either unconnected or has no load
WARNING: [Synth 8-7129] Port RD_DATA_COUNT_I[4] in module output_blk__parameterized0 is either unconnected or has no load
WARNING: [Synth 8-7129] Port RD_DATA_COUNT_I[3] in module output_blk__parameterized0 is either unconnected or has no load
WARNING: [Synth 8-7129] Port RD_DATA_COUNT_I[2] in module output_blk__parameterized0 is either unconnected or has no load
WARNING: [Synth 8-7129] Port RD_DATA_COUNT_I[1] in module output_blk__parameterized0 is either unconnected or has no load
WARNING: [Synth 8-7129] Port RD_DATA_COUNT_I[0] in module output_blk__parameterized0 is either unconnected or has no load
WARNING: [Synth 8-7129] Port SBITERR_I in module output_blk__parameterized0 is either unconnected or has no load
WARNING: [Synth 8-7129] Port DBITERR_I in module output_blk__parameterized0 is either unconnected or has no load
WARNING: [Synth 8-7129] Port SRST_FULL_FF in module wr_status_flags_ss is either unconnected or has no load
WARNING: [Synth 8-7129] Port WR_RST in module wr_status_flags_ss is either unconnected or has no load
WARNING: [Synth 8-7129] Port SRST in module wr_status_flags_ss is either unconnected or has no load
WARNING: [Synth 8-7129] Port SAFETY_CKT_WR_RST in module wr_status_flags_ss is either unconnected or has no load
WARNING: [Synth 8-7129] Port WR_PNTR_PLUS2[4] in module wr_status_flags_ss is either unconnected or has no load
WARNING: [Synth 8-7129] Port WR_PNTR_PLUS2[3] in module wr_status_flags_ss is either unconnected or has no load
WARNING: [Synth 8-7129] Port WR_PNTR_PLUS2[2] in module wr_status_flags_ss is either unconnected or has no load
WARNING: [Synth 8-7129] Port WR_PNTR_PLUS2[1] in module wr_status_flags_ss is either unconnected or has no load
WARNING: [Synth 8-7129] Port WR_PNTR_PLUS2[0] in module wr_status_flags_ss is either unconnected or has no load
WARNING: [Synth 8-7129] Port WR_PNTR_PLUS3[4] in module wr_status_flags_ss is either unconnected or has no load
WARNING: [Synth 8-7129] Port WR_PNTR_PLUS3[3] in module wr_status_flags_ss is either unconnected or has no load
WARNING: [Synth 8-7129] Port WR_PNTR_PLUS3[2] in module wr_status_flags_ss is either unconnected or has no load
WARNING: [Synth 8-7129] Port WR_PNTR_PLUS3[1] in module wr_status_flags_ss is either unconnected or has no load
WARNING: [Synth 8-7129] Port WR_PNTR_PLUS3[0] in module wr_status_flags_ss is either unconnected or has no load
WARNING: [Synth 8-7129] Port SRST in module wr_bin_cntr is either unconnected or has no load
WARNING: [Synth 8-7129] Port WR_EN_INTO_LOGIC in module wr_logic is either unconnected or has no load
WARNING: [Synth 8-7129] Port WR_RST_INTO_LOGIC in module wr_logic is either unconnected or has no load
WARNING: [Synth 8-7129] Port RD_EN in module wr_logic is either unconnected or has no load
WARNING: [Synth 8-7129] Port WR_RST_BUSY in module wr_logic is either unconnected or has no load
WARNING: [Synth 8-7129] Port EMPTY in module wr_logic is either unconnected or has no load
WARNING: [Synth 8-7129] Port ALMOST_EMPTY in module wr_logic is either unconnected or has no load
WARNING: [Synth 8-7129] Port PROG_FULL_THRESH[4] in module wr_logic is either unconnected or has no load
WARNING: [Synth 8-7129] Port PROG_FULL_THRESH[3] in module wr_logic is either unconnected or has no load
WARNING: [Synth 8-7129] Port PROG_FULL_THRESH[2] in module wr_logic is either unconnected or has no load
WARNING: [Synth 8-7129] Port PROG_FULL_THRESH[1] in module wr_logic is either unconnected or has no load
WARNING: [Synth 8-7129] Port PROG_FULL_THRESH[0] in module wr_logic is either unconnected or has no load
WARNING: [Synth 8-7129] Port PROG_FULL_THRESH_ASSERT[4] in module wr_logic is either unconnected or has no load
WARNING: [Synth 8-7129] Port PROG_FULL_THRESH_ASSERT[3] in module wr_logic is either unconnected or has no load
WARNING: [Synth 8-7129] Port PROG_FULL_THRESH_ASSERT[2] in module wr_logic is either unconnected or has no load
WARNING: [Synth 8-7129] Port PROG_FULL_THRESH_ASSERT[1] in module wr_logic is either unconnected or has no load
WARNING: [Synth 8-7129] Port PROG_FULL_THRESH_ASSERT[0] in module wr_logic is either unconnected or has no load
WARNING: [Synth 8-7129] Port PROG_FULL_THRESH_NEGATE[4] in module wr_logic is either unconnected or has no load
WARNING: [Synth 8-7129] Port PROG_FULL_THRESH_NEGATE[3] in module wr_logic is either unconnected or has no load
WARNING: [Synth 8-7129] Port PROG_FULL_THRESH_NEGATE[2] in module wr_logic is either unconnected or has no load
WARNING: [Synth 8-7129] Port PROG_FULL_THRESH_NEGATE[1] in module wr_logic is either unconnected or has no load
WARNING: [Synth 8-7129] Port PROG_FULL_THRESH_NEGATE[0] in module wr_logic is either unconnected or has no load
WARNING: [Synth 8-7129] Port SRST in module rd_fwft is either unconnected or has no load
WARNING: [Synth 8-7129] Port SAFETY_CKT_RD_RST in module rd_fwft is either unconnected or has no load
WARNING: [Synth 8-7129] Port RAM_ALMOST_EMPTY in module rd_fwft is either unconnected or has no load
WARNING: [Synth 8-7129] Port SRST in module rd_status_flags_ss is either unconnected or has no load
WARNING: [Synth 8-7129] Port SAFETY_CKT_RD_RST in module rd_status_flags_ss is either unconnected or has no load
WARNING: [Synth 8-7129] Port RD_PNTR_PLUS2[4] in module rd_status_flags_ss is either unconnected or has no load
WARNING: [Synth 8-7129] Port RD_PNTR_PLUS2[3] in module rd_status_flags_ss is either unconnected or has no load
WARNING: [Synth 8-7129] Port RD_PNTR_PLUS2[2] in module rd_status_flags_ss is either unconnected or has no load
WARNING: [Synth 8-7129] Port RD_PNTR_PLUS2[1] in module rd_status_flags_ss is either unconnected or has no load
WARNING: [Synth 8-7129] Port RD_PNTR_PLUS2[0] in module rd_status_flags_ss is either unconnected or has no load
WARNING: [Synth 8-7129] Port SRST in module rd_bin_cntr is either unconnected or has no load
WARNING: [Synth 8-7129] Port RD_EN_INTO_LOGIC in module rd_logic is either unconnected or has no load
WARNING: [Synth 8-7129] Port RD_RST_INTO_LOGIC in module rd_logic is either unconnected or has no load
WARNING: [Synth 8-7129] Port RD_RST_BUSY in module rd_logic is either unconnected or has no load
WARNING: [Synth 8-7129] Port RST_FULL_FF in module rd_logic is either unconnected or has no load
WARNING: [Synth 8-7129] Port ALMOST_FULL_FB in module rd_logic is either unconnected or has no load
WARNING: [Synth 8-7129] Port FULL in module rd_logic is either unconnected or has no load
WARNING: [Synth 8-7129] Port WR_PNTR_PLUS1_RD[4] in module rd_logic is either unconnected or has no load
WARNING: [Synth 8-7129] Port WR_PNTR_PLUS1_RD[3] in module rd_logic is either unconnected or has no load
WARNING: [Synth 8-7129] Port WR_PNTR_PLUS1_RD[2] in module rd_logic is either unconnected or has no load
WARNING: [Synth 8-7129] Port WR_PNTR_PLUS1_RD[1] in module rd_logic is either unconnected or has no load
WARNING: [Synth 8-7129] Port WR_PNTR_PLUS1_RD[0] in module rd_logic is either unconnected or has no load
WARNING: [Synth 8-7129] Port PROG_EMPTY_THRESH[4] in module rd_logic is either unconnected or has no load
WARNING: [Synth 8-7129] Port PROG_EMPTY_THRESH[3] in module rd_logic is either unconnected or has no load
WARNING: [Synth 8-7129] Port PROG_EMPTY_THRESH[2] in module rd_logic is either unconnected or has no load
WARNING: [Synth 8-7129] Port PROG_EMPTY_THRESH[1] in module rd_logic is either unconnected or has no load
WARNING: [Synth 8-7129] Port PROG_EMPTY_THRESH[0] in module rd_logic is either unconnected or has no load
WARNING: [Synth 8-7129] Port PROG_EMPTY_THRESH_ASSERT[4] in module rd_logic is either unconnected or has no load
WARNING: [Synth 8-7129] Port PROG_EMPTY_THRESH_ASSERT[3] in module rd_logic is either unconnected or has no load
WARNING: [Synth 8-7129] Port PROG_EMPTY_THRESH_ASSERT[2] in module rd_logic is either unconnected or has no load
WARNING: [Synth 8-7129] Port PROG_EMPTY_THRESH_ASSERT[1] in module rd_logic is either unconnected or has no load
WARNING: [Synth 8-7129] Port PROG_EMPTY_THRESH_ASSERT[0] in module rd_logic is either unconnected or has no load
WARNING: [Synth 8-7129] Port PROG_EMPTY_THRESH_NEGATE[4] in module rd_logic is either unconnected or has no load
WARNING: [Synth 8-7129] Port PROG_EMPTY_THRESH_NEGATE[3] in module rd_logic is either unconnected or has no load
INFO: [Common 17-14] Message 'Synth 8-7129' appears 100 times and further instances of the messages will be disabled. Use the Tcl command set_msg_config to change the current settings.
---------------------------------------------------------------------------------
Finished RTL Elaboration : Time (s): cpu = 00:00:15 ; elapsed = 00:00:18 . Memory (MB): peak = 2340.473 ; gain = 615.789 ; free physical = 4417 ; free virtual = 12485
---------------------------------------------------------------------------------
---------------------------------------------------------------------------------
Start Handling Custom Attributes
---------------------------------------------------------------------------------
---------------------------------------------------------------------------------
Finished Handling Custom Attributes : Time (s): cpu = 00:00:15 ; elapsed = 00:00:18 . Memory (MB): peak = 2340.473 ; gain = 615.789 ; free physical = 4695 ; free virtual = 12763
---------------------------------------------------------------------------------
---------------------------------------------------------------------------------
Finished RTL Optimization Phase 1 : Time (s): cpu = 00:00:15 ; elapsed = 00:00:18 . Memory (MB): peak = 2340.473 ; gain = 615.789 ; free physical = 4695 ; free virtual = 12763
---------------------------------------------------------------------------------
Netlist sorting complete. Time (s): cpu = 00:00:00.04 ; elapsed = 00:00:00.05 . Memory (MB): peak = 2340.473 ; gain = 0.000 ; free physical = 4701 ; free virtual = 12769
INFO: [Project 1-570] Preparing netlist for logic optimization

Processing XDC Constraints
Initializing timing engine
Parsing XDC File [/home/linux/ieng6/students/162/mak025/chole_bhature/project_files/project5_bnn/hls_streaming/pynq_bnn/pynq_bnn.gen/sources_1/bd/chole_bhature/ip/chole_bhature_axi_mem_intercon_imp_auto_pc_0/chole_bhature_axi_mem_intercon_imp_auto_pc_0_ooc.xdc] for cell 'inst'
Finished Parsing XDC File [/home/linux/ieng6/students/162/mak025/chole_bhature/project_files/project5_bnn/hls_streaming/pynq_bnn/pynq_bnn.gen/sources_1/bd/chole_bhature/ip/chole_bhature_axi_mem_intercon_imp_auto_pc_0/chole_bhature_axi_mem_intercon_imp_auto_pc_0_ooc.xdc] for cell 'inst'
Parsing XDC File [/home/linux/ieng6/students/162/mak025/chole_bhature/project_files/project5_bnn/hls_streaming/pynq_bnn/pynq_bnn.runs/chole_bhature_axi_mem_intercon_imp_auto_pc_0_synth_1/dont_touch.xdc]
Finished Parsing XDC File [/home/linux/ieng6/students/162/mak025/chole_bhature/project_files/project5_bnn/hls_streaming/pynq_bnn/pynq_bnn.runs/chole_bhature_axi_mem_intercon_imp_auto_pc_0_synth_1/dont_touch.xdc]
INFO: [Project 1-1714] 3 XPM XDC files have been applied to the design.
Completed Processing XDC Constraints

Netlist sorting complete. Time (s): cpu = 00:00:00 ; elapsed = 00:00:00 . Memory (MB): peak = 2442.316 ; gain = 0.000 ; free physical = 4628 ; free virtual = 12695
INFO: [Project 1-111] Unisim Transformation Summary:
No Unisim elements were transformed.

Constraint Validation Runtime : Time (s): cpu = 00:00:00.06 ; elapsed = 00:00:00.07 . Memory (MB): peak = 2442.316 ; gain = 0.000 ; free physical = 4628 ; free virtual = 12695
INFO: [Designutils 20-5008] Incremental synthesis strategy off
---------------------------------------------------------------------------------
Finished Constraint Validation : Time (s): cpu = 00:00:26 ; elapsed = 00:00:31 . Memory (MB): peak = 2442.316 ; gain = 717.633 ; free physical = 4301 ; free virtual = 12369
---------------------------------------------------------------------------------
---------------------------------------------------------------------------------
Start Loading Part and Timing Information
---------------------------------------------------------------------------------
Loading part: xc7z020clg400-1
---------------------------------------------------------------------------------
Finished Loading Part and Timing Information : Time (s): cpu = 00:00:26 ; elapsed = 00:00:31 . Memory (MB): peak = 2450.320 ; gain = 725.637 ; free physical = 4301 ; free virtual = 12369
---------------------------------------------------------------------------------
---------------------------------------------------------------------------------
Start Applying 'set_property' XDC Constraints
---------------------------------------------------------------------------------
Applied set_property KEEP_HIERARCHY = SOFT for inst. (constraint file  /home/linux/ieng6/students/162/mak025/chole_bhature/project_files/project5_bnn/hls_streaming/pynq_bnn/pynq_bnn.runs/chole_bhature_axi_mem_intercon_imp_auto_pc_0_synth_1/dont_touch.xdc, line 9).
Applied set_property KEEP_HIERARCHY = SOFT for inst/\gen_axi4_axi3.axi3_conv_inst /\USE_WRITE.write_addr_inst /\USE_BURSTS.cmd_queue /inst/fifo_gen_inst/inst_fifo_gen/\gconvfifo.rf /\grf.rf /rstblk/\ngwrdrst.grst.g7serrst.gnsckt_wrst.rst_wr_reg2_inst . (constraint file  auto generated constraint).
Applied set_property KEEP_HIERARCHY = SOFT for inst/\gen_axi4_axi3.axi3_conv_inst /\USE_WRITE.write_addr_inst /\USE_B_CHANNEL.cmd_b_queue /inst/fifo_gen_inst/inst_fifo_gen/\gconvfifo.rf /\grf.rf /rstblk/\ngwrdrst.grst.g7serrst.gnsckt_wrst.rst_wr_reg2_inst . (constraint file  auto generated constraint).
Applied set_property KEEP_HIERARCHY = SOFT for inst/\gen_axi4_axi3.axi3_conv_inst /\USE_READ.USE_SPLIT_R.read_addr_inst /\USE_R_CHANNEL.cmd_queue /inst/fifo_gen_inst/inst_fifo_gen/\gconvfifo.rf /\grf.rf /rstblk/\ngwrdrst.grst.g7serrst.gnsckt_wrst.rst_wr_reg2_inst . (constraint file  auto generated constraint).
---------------------------------------------------------------------------------
Finished applying 'set_property' XDC Constraints : Time (s): cpu = 00:00:26 ; elapsed = 00:00:31 . Memory (MB): peak = 2450.320 ; gain = 725.637 ; free physical = 4304 ; free virtual = 12373
---------------------------------------------------------------------------------
INFO: [Synth 8-802] inferred FSM for state register 'gpregsm1.curr_fwft_state_reg' in module 'rd_fwft'
INFO: [Synth 8-6159] Found Keep on FSM register 'gpregsm1.curr_fwft_state_reg' in module 'rd_fwft', re-encoding will not be performed
---------------------------------------------------------------------------------------------------
                   State |                     New Encoding |                Previous Encoding 
---------------------------------------------------------------------------------------------------
                 invalid |                               00 |                               00
            stage1_valid |                               10 |                               10
       both_stages_valid |                               11 |                               11
            stage2_valid |                               01 |                               01
---------------------------------------------------------------------------------------------------
---------------------------------------------------------------------------------
Finished RTL Optimization Phase 2 : Time (s): cpu = 00:00:27 ; elapsed = 00:00:33 . Memory (MB): peak = 2450.320 ; gain = 725.637 ; free physical = 4302 ; free virtual = 12372
---------------------------------------------------------------------------------
---------------------------------------------------------------------------------
Start RTL Component Statistics 
---------------------------------------------------------------------------------
Detailed RTL Component Info : 
+---Adders : 
	   2 Input   32 Bit       Adders := 2     
	   2 Input    8 Bit       Adders := 1     
	   2 Input    6 Bit       Adders := 3     
	   2 Input    5 Bit       Adders := 8     
	   2 Input    4 Bit       Adders := 3     
+---XORs : 
	   2 Input      1 Bit         XORs := 60    
+---Registers : 
	               32 Bit    Registers := 6     
	               16 Bit    Registers := 2     
	               12 Bit    Registers := 2     
	                8 Bit    Registers := 3     
	                6 Bit    Registers := 3     
	                5 Bit    Registers := 16    
	                4 Bit    Registers := 12    
	                3 Bit    Registers := 4     
	                2 Bit    Registers := 10    
	                1 Bit    Registers := 59    
+---Muxes : 
	   8 Input   32 Bit        Muxes := 2     
	   2 Input   32 Bit        Muxes := 2     
	   3 Input   16 Bit        Muxes := 2     
	   2 Input   16 Bit        Muxes := 2     
	   8 Input   12 Bit        Muxes := 2     
	   2 Input    8 Bit        Muxes := 2     
	   2 Input    4 Bit        Muxes := 3     
	   2 Input    2 Bit        Muxes := 39    
	   4 Input    2 Bit        Muxes := 3     
	   5 Input    2 Bit        Muxes := 3     
	   3 Input    2 Bit        Muxes := 2     
	   3 Input    1 Bit        Muxes := 3     
	   2 Input    1 Bit        Muxes := 27    
	   4 Input    1 Bit        Muxes := 6     
---------------------------------------------------------------------------------
Finished RTL Component Statistics 
---------------------------------------------------------------------------------
---------------------------------------------------------------------------------
Start Part Resource Summary
---------------------------------------------------------------------------------
Part Resources:
DSPs: 220 (col length:60)
BRAMs: 280 (col length: RAMB18 60 RAMB36 30)
---------------------------------------------------------------------------------
Finished Part Resource Summary
---------------------------------------------------------------------------------
---------------------------------------------------------------------------------
Start Cross Boundary and Area Optimization
---------------------------------------------------------------------------------
WARNING: [Synth 8-7080] Parallel synthesis criteria is not met
---------------------------------------------------------------------------------
Finished Cross Boundary and Area Optimization : Time (s): cpu = 00:00:31 ; elapsed = 00:00:38 . Memory (MB): peak = 2450.320 ; gain = 725.637 ; free physical = 4222 ; free virtual = 12316
---------------------------------------------------------------------------------
---------------------------------------------------------------------------------
Start ROM, RAM, DSP, Shift Register and Retiming Reporting
---------------------------------------------------------------------------------

Distributed RAM: Preliminary Mapping Report (see note below)
+-------------------------------------------------------------------------------------------------------------------+-------------------------------------------------------------------------------+----------------+----------------------+---------------+
|Module Name                                                                                                        | RTL Object                                                                    | Inference      | Size (Depth x Width) | Primitives    | 
+-------------------------------------------------------------------------------------------------------------------+-------------------------------------------------------------------------------+----------------+----------------------+---------------+
|inst/\gen_axi4_axi3.axi3_conv_inst/USE_WRITE.write_addr_inst/USE_BURSTS.cmd_queue/inst/fifo_gen_inst               | inst_fifo_gen/gconvfifo.rf/grf.rf/gntv_or_sync_fifo.mem/gdm.dm_gen.dm/RAM_reg | User Attribute | 32 x 5               | RAM32M x 1    | 
|inst/\gen_axi4_axi3.axi3_conv_inst/USE_WRITE.write_addr_inst/USE_B_CHANNEL.cmd_b_queue/inst/fifo_gen_inst          | inst_fifo_gen/gconvfifo.rf/grf.rf/gntv_or_sync_fifo.mem/gdm.dm_gen.dm/RAM_reg | User Attribute | 32 x 5               | RAM32M x 1    | 
|inst/\gen_axi4_axi3.axi3_conv_inst/USE_READ.USE_SPLIT_R.read_addr_inst/USE_R_CHANNEL.cmd_queue/inst/fifo_gen_inst  | inst_fifo_gen/gconvfifo.rf/grf.rf/gntv_or_sync_fifo.mem/gdm.dm_gen.dm/RAM_reg | User Attribute | 32 x 1               | RAM32X1D x 1  | 
+-------------------------------------------------------------------------------------------------------------------+-------------------------------------------------------------------------------+----------------+----------------------+---------------+

Note: The table above is a preliminary report that shows the Distributed RAMs at the current stage of the synthesis flow. Some Distributed RAMs may be reimplemented as non Distributed RAM primitives later in the synthesis flow. Multiple instantiated RAMs are reported only once.
---------------------------------------------------------------------------------
Finished ROM, RAM, DSP, Shift Register and Retiming Reporting
---------------------------------------------------------------------------------
---------------------------------------------------------------------------------
Start Applying XDC Timing Constraints
---------------------------------------------------------------------------------
---------------------------------------------------------------------------------
Finished Applying XDC Timing Constraints : Time (s): cpu = 00:00:39 ; elapsed = 00:00:53 . Memory (MB): peak = 2450.320 ; gain = 725.637 ; free physical = 3708 ; free virtual = 11802
---------------------------------------------------------------------------------
---------------------------------------------------------------------------------
Start Timing Optimization
---------------------------------------------------------------------------------
---------------------------------------------------------------------------------
Finished Timing Optimization : Time (s): cpu = 00:00:41 ; elapsed = 00:00:56 . Memory (MB): peak = 2466.344 ; gain = 741.660 ; free physical = 3289 ; free virtual = 11380
---------------------------------------------------------------------------------
---------------------------------------------------------------------------------
Start ROM, RAM, DSP, Shift Register and Retiming Reporting
---------------------------------------------------------------------------------

Distributed RAM: Final Mapping Report
+-------------------------------------------------------------------------------------------------------------------+-------------------------------------------------------------------------------+----------------+----------------------+---------------+
|Module Name                                                                                                        | RTL Object                                                                    | Inference      | Size (Depth x Width) | Primitives    | 
+-------------------------------------------------------------------------------------------------------------------+-------------------------------------------------------------------------------+----------------+----------------------+---------------+
|inst/\gen_axi4_axi3.axi3_conv_inst/USE_WRITE.write_addr_inst/USE_BURSTS.cmd_queue/inst/fifo_gen_inst               | inst_fifo_gen/gconvfifo.rf/grf.rf/gntv_or_sync_fifo.mem/gdm.dm_gen.dm/RAM_reg | User Attribute | 32 x 5               | RAM32M x 1    | 
|inst/\gen_axi4_axi3.axi3_conv_inst/USE_WRITE.write_addr_inst/USE_B_CHANNEL.cmd_b_queue/inst/fifo_gen_inst          | inst_fifo_gen/gconvfifo.rf/grf.rf/gntv_or_sync_fifo.mem/gdm.dm_gen.dm/RAM_reg | User Attribute | 32 x 5               | RAM32M x 1    | 
|inst/\gen_axi4_axi3.axi3_conv_inst/USE_READ.USE_SPLIT_R.read_addr_inst/USE_R_CHANNEL.cmd_queue/inst/fifo_gen_inst  | inst_fifo_gen/gconvfifo.rf/grf.rf/gntv_or_sync_fifo.mem/gdm.dm_gen.dm/RAM_reg | User Attribute | 32 x 1               | RAM32X1D x 1  | 
+-------------------------------------------------------------------------------------------------------------------+-------------------------------------------------------------------------------+----------------+----------------------+---------------+

---------------------------------------------------------------------------------
Finished ROM, RAM, DSP, Shift Register and Retiming Reporting
---------------------------------------------------------------------------------
---------------------------------------------------------------------------------
Start Technology Mapping
---------------------------------------------------------------------------------
---------------------------------------------------------------------------------
Finished Technology Mapping : Time (s): cpu = 00:00:41 ; elapsed = 00:00:56 . Memory (MB): peak = 2466.344 ; gain = 741.660 ; free physical = 3275 ; free virtual = 11367
---------------------------------------------------------------------------------
---------------------------------------------------------------------------------
Start IO Insertion
---------------------------------------------------------------------------------
---------------------------------------------------------------------------------
Start Flattening Before IO Insertion
---------------------------------------------------------------------------------
---------------------------------------------------------------------------------
Finished Flattening Before IO Insertion
---------------------------------------------------------------------------------
---------------------------------------------------------------------------------
Start Final Netlist Cleanup
---------------------------------------------------------------------------------
---------------------------------------------------------------------------------
Finished Final Netlist Cleanup
---------------------------------------------------------------------------------
---------------------------------------------------------------------------------
Finished IO Insertion : Time (s): cpu = 00:00:46 ; elapsed = 00:01:05 . Memory (MB): peak = 2608.125 ; gain = 883.441 ; free physical = 2647 ; free virtual = 10726
---------------------------------------------------------------------------------
---------------------------------------------------------------------------------
Start Renaming Generated Instances
---------------------------------------------------------------------------------
---------------------------------------------------------------------------------
Finished Renaming Generated Instances : Time (s): cpu = 00:00:46 ; elapsed = 00:01:05 . Memory (MB): peak = 2608.125 ; gain = 883.441 ; free physical = 2643 ; free virtual = 10722
---------------------------------------------------------------------------------
---------------------------------------------------------------------------------
Start Rebuilding User Hierarchy
---------------------------------------------------------------------------------
---------------------------------------------------------------------------------
Finished Rebuilding User Hierarchy : Time (s): cpu = 00:00:46 ; elapsed = 00:01:05 . Memory (MB): peak = 2608.125 ; gain = 883.441 ; free physical = 2597 ; free virtual = 10676
---------------------------------------------------------------------------------
---------------------------------------------------------------------------------
Start Renaming Generated Ports
---------------------------------------------------------------------------------
---------------------------------------------------------------------------------
Finished Renaming Generated Ports : Time (s): cpu = 00:00:46 ; elapsed = 00:01:06 . Memory (MB): peak = 2608.125 ; gain = 883.441 ; free physical = 2597 ; free virtual = 10676
---------------------------------------------------------------------------------
---------------------------------------------------------------------------------
Start Handling Custom Attributes
---------------------------------------------------------------------------------
---------------------------------------------------------------------------------
Finished Handling Custom Attributes : Time (s): cpu = 00:00:46 ; elapsed = 00:01:06 . Memory (MB): peak = 2608.125 ; gain = 883.441 ; free physical = 2593 ; free virtual = 10669
---------------------------------------------------------------------------------
---------------------------------------------------------------------------------
Start Renaming Generated Nets
---------------------------------------------------------------------------------
---------------------------------------------------------------------------------
Finished Renaming Generated Nets : Time (s): cpu = 00:00:46 ; elapsed = 00:01:06 . Memory (MB): peak = 2608.125 ; gain = 883.441 ; free physical = 2593 ; free virtual = 10669
---------------------------------------------------------------------------------
---------------------------------------------------------------------------------
Start Writing Synthesis Report
---------------------------------------------------------------------------------

Report BlackBoxes: 
+-+--------------+----------+
| |BlackBox name |Instances |
+-+--------------+----------+
+-+--------------+----------+

Report Cell Usage: 
+------+---------+------+
|      |Cell     |Count |
+------+---------+------+
|1     |CARRY4   |    16|
|2     |LUT1     |    51|
|3     |LUT2     |    44|
|4     |LUT3     |    50|
|5     |LUT4     |    66|
|6     |LUT5     |   162|
|7     |LUT6     |    86|
|8     |RAM32M   |     2|
|9     |RAM32X1D |     1|
|10    |FDCE     |    69|
|11    |FDPE     |    33|
|12    |FDRE     |   323|
|13    |FDSE     |     5|
+------+---------+------+
---------------------------------------------------------------------------------
Finished Writing Synthesis Report : Time (s): cpu = 00:00:46 ; elapsed = 00:01:06 . Memory (MB): peak = 2608.125 ; gain = 883.441 ; free physical = 2593 ; free virtual = 10669
---------------------------------------------------------------------------------
Synthesis finished with 0 errors, 0 critical warnings and 1617 warnings.
Synthesis Optimization Runtime : Time (s): cpu = 00:00:43 ; elapsed = 00:01:02 . Memory (MB): peak = 2608.125 ; gain = 781.598 ; free physical = 2574 ; free virtual = 10649
Synthesis Optimization Complete : Time (s): cpu = 00:00:46 ; elapsed = 00:01:06 . Memory (MB): peak = 2608.133 ; gain = 883.441 ; free physical = 2573 ; free virtual = 10649
INFO: [Project 1-571] Translating synthesized netlist
Netlist sorting complete. Time (s): cpu = 00:00:00.02 ; elapsed = 00:00:00.04 . Memory (MB): peak = 2608.133 ; gain = 0.000 ; free physical = 2582 ; free virtual = 10657
INFO: [Netlist 29-17] Analyzing 19 Unisim elements for replacement
INFO: [Netlist 29-28] Unisim Transformation completed in 0 CPU seconds
INFO: [Project 1-570] Preparing netlist for logic optimization
INFO: [Opt 31-138] Pushed 0 inverter(s) to 0 load pin(s).
Netlist sorting complete. Time (s): cpu = 00:00:00 ; elapsed = 00:00:00 . Memory (MB): peak = 2632.137 ; gain = 0.000 ; free physical = 2448 ; free virtual = 10523
INFO: [Project 1-111] Unisim Transformation Summary:
  A total of 3 instances were transformed.
  RAM32M => RAM32M (RAMD32(x6), RAMS32(x2)): 2 instances
  RAM32X1D => RAM32X1D (RAMD32(x2)): 1 instance 

Synth Design complete | Checksum: 5c6648f0
INFO: [Common 17-83] Releasing license: Synthesis
49 Infos, 105 Warnings, 0 Critical Warnings and 0 Errors encountered.
synth_design completed successfully
synth_design: Time (s): cpu = 00:00:57 ; elapsed = 00:01:15 . Memory (MB): peak = 2632.137 ; gain = 1117.332 ; free physical = 2452 ; free virtual = 10531
INFO: [Common 17-2834] synth_design peak Physical Memory [PSS] (MB): overall = 1729.541; main = 1602.838; forked = 205.180
INFO: [Common 17-2834] synth_design peak Virtual Memory [VSS] (MB): overall = 3434.391; main = 2632.141; forked = 917.043
Write ShapeDB Complete: Time (s): cpu = 00:00:00.01 ; elapsed = 00:00:00 . Memory (MB): peak = 2656.148 ; gain = 0.000 ; free physical = 2454 ; free virtual = 10529
INFO: [Common 17-1381] The checkpoint '/home/linux/ieng6/students/162/mak025/chole_bhature/project_files/project5_bnn/hls_streaming/pynq_bnn/pynq_bnn.runs/chole_bhature_axi_mem_intercon_imp_auto_pc_0_synth_1/chole_bhature_axi_mem_intercon_imp_auto_pc_0.dcp' has been generated.
INFO: [Coretcl 2-1648] Added synthesis output to IP cache for IP chole_bhature_axi_mem_intercon_imp_auto_pc_0, cache-ID = 6f671a1b1de22208
INFO: [Coretcl 2-1174] Renamed 57 cell refs.
Write ShapeDB Complete: Time (s): cpu = 00:00:00.01 ; elapsed = 00:00:00.01 . Memory (MB): peak = 2656.148 ; gain = 0.000 ; free physical = 2455 ; free virtual = 10528
INFO: [Common 17-1381] The checkpoint '/home/linux/ieng6/students/162/mak025/chole_bhature/project_files/project5_bnn/hls_streaming/pynq_bnn/pynq_bnn.runs/chole_bhature_axi_mem_intercon_imp_auto_pc_0_synth_1/chole_bhature_axi_mem_intercon_imp_auto_pc_0.dcp' has been generated.
INFO: [Vivado 12-24828] Executing command : report_utilization -file chole_bhature_axi_mem_intercon_imp_auto_pc_0_utilization_synth.rpt -pb chole_bhature_axi_mem_intercon_imp_auto_pc_0_utilization_synth.pb
INFO: [Common 17-206] Exiting Vivado at Sat Dec 13 17:15:04 2025...
