

================================================================
== Vitis HLS Report for 'cordiccart2pol'
================================================================
* Date:           Mon Oct 20 18:04:58 2025

* Version:        2024.2 (Build 5238294 on Nov  8 2024)
* Project:        cordiccart2pol.comp
* Solution:       hls (Vivado IP Flow Target)
* Product family: zynq
* Target device:  xc7z020-clg400-1


================================================================
== Performance Estimates
================================================================
+ Timing: 
    * Summary: 
    +--------+----------+----------+------------+
    |  Clock |  Target  | Estimated| Uncertainty|
    +--------+----------+----------+------------+
    |ap_clk  |  10.00 ns|  6.744 ns|     2.70 ns|
    +--------+----------+----------+------------+

+ Latency: 
    * Summary: 
    +---------+---------+----------+----------+-----+-----+---------+
    |  Latency (cycles) |  Latency (absolute) |  Interval | Pipeline|
    |   min   |   max   |    min   |    max   | min | max |   Type  |
    +---------+---------+----------+----------+-----+-----+---------+
    |       34|       34|  0.340 us|  0.340 us|   35|   35|       no|
    +---------+---------+----------+----------+-----+-----+---------+

    + Detail: 
        * Instance: 
        +-----------------------------------------------------+------------------------------------------+---------+---------+----------+----------+-----+-----+------------------------------------------------+
        |                                                     |                                          |  Latency (cycles) |  Latency (absolute) |  Interval |                    Pipeline                    |
        |                       Instance                      |                  Module                  |   min   |   max   |    min   |    max   | min | max |                      Type                      |
        +-----------------------------------------------------+------------------------------------------+---------+---------+----------+----------+-----+-----+------------------------------------------------+
        |grp_cordiccart2pol_Pipeline_VITIS_LOOP_109_1_fu_132  |cordiccart2pol_Pipeline_VITIS_LOOP_109_1  |       30|       30|  0.300 us|  0.300 us|   28|   28|  loop auto-rewind stp (delay=0 clock cycles(s))|
        +-----------------------------------------------------+------------------------------------------+---------+---------+----------+----------+-----+-----+------------------------------------------------+

        * Loop: 
        N/A



================================================================
== Utilization Estimates
================================================================
* Summary: 
+-----------------+---------+-----+--------+-------+-----+
|       Name      | BRAM_18K| DSP |   FF   |  LUT  | URAM|
+-----------------+---------+-----+--------+-------+-----+
|DSP              |        -|    -|       -|      -|    -|
|Expression       |        -|    -|       0|    554|    -|
|FIFO             |        -|    -|       -|      -|    -|
|Instance         |        0|    1|     154|    412|    -|
|Memory           |        -|    -|       -|      -|    -|
|Multiplexer      |        -|    -|       0|     31|    -|
|Register         |        -|    -|     150|      -|    -|
+-----------------+---------+-----+--------+-------+-----+
|Total            |        0|    1|     304|    997|    0|
+-----------------+---------+-----+--------+-------+-----+
|Available        |      280|  220|  106400|  53200|    0|
+-----------------+---------+-----+--------+-------+-----+
|Utilization (%)  |        0|   ~0|      ~0|      1|    0|
+-----------------+---------+-----+--------+-------+-----+

+ Detail: 
    * Instance: 
    +-----------------------------------------------------+------------------------------------------+---------+----+-----+-----+-----+
    |                       Instance                      |                  Module                  | BRAM_18K| DSP|  FF | LUT | URAM|
    +-----------------------------------------------------+------------------------------------------+---------+----+-----+-----+-----+
    |grp_cordiccart2pol_Pipeline_VITIS_LOOP_109_1_fu_132  |cordiccart2pol_Pipeline_VITIS_LOOP_109_1  |        0|   0|  154|  397|    0|
    |mul_16s_14ns_29_1_1_U8                               |mul_16s_14ns_29_1_1                       |        0|   1|    0|    6|    0|
    |sparsemux_7_2_16_1_1_U7                              |sparsemux_7_2_16_1_1                      |        0|   0|    0|    9|    0|
    +-----------------------------------------------------+------------------------------------------+---------+----+-----+-----+-----+
    |Total                                                |                                          |        0|   1|  154|  412|    0|
    +-----------------------------------------------------+------------------------------------------+---------+----+-----+-----+-----+

    * DSP: 
    N/A

    * Memory: 
    N/A

    * FIFO: 
    N/A

    * Expression: 
    +-------------------------+----------+----+---+-----+------------+------------+
    |      Variable Name      | Operation| DSP| FF| LUT | Bitwidth P0| Bitwidth P1|
    +-------------------------+----------+----+---+-----+------------+------------+
    |add_ln94_fu_193_p2       |         +|   0|  0|   14|           6|           5|
    |sub_ln100_fu_339_p2      |         -|   0|  0|   23|           1|          16|
    |sub_ln101_fu_351_p2      |         -|   0|  0|   23|           1|          16|
    |sub_ln94_1_fu_199_p2     |         -|   0|  0|   14|           4|           6|
    |sub_ln94_fu_177_p2       |         -|   0|  0|   12|          11|          10|
    |and_ln94_fu_309_p2       |       and|   0|  0|    2|           1|           1|
    |ashr_ln94_fu_252_p2      |      ashr|   0|  0|  161|          54|          54|
    |icmp_ln94_1_fu_187_p2    |      icmp|   0|  0|   14|           6|           4|
    |icmp_ln94_2_fu_205_p2    |      icmp|   0|  0|   14|           6|           4|
    |icmp_ln94_3_fu_235_p2    |      icmp|   0|  0|   12|          11|           6|
    |icmp_ln94_4_fu_280_p2    |      icmp|   0|  0|   14|           7|           1|
    |icmp_ln94_fu_143_p2      |      icmp|   0|  0|   23|          16|           1|
    |select_ln716_fu_149_p3   |    select|   0|  0|   64|           1|          62|
    |select_ln94_1_fu_226_p3  |    select|   0|  0|    7|           1|           6|
    |select_ln94_2_fu_262_p3  |    select|   0|  0|   16|           1|          16|
    |select_ln94_3_fu_296_p3  |    select|   0|  0|   16|           1|          16|
    |select_ln94_4_fu_241_p3  |    select|   0|  0|    2|           1|           2|
    |select_ln94_fu_219_p3    |    select|   0|  0|   54|           1|          54|
    |x_1_fu_344_p3            |    select|   0|  0|   16|           1|          16|
    |y_1_fu_357_p3            |    select|   0|  0|   16|           1|          16|
    |shl_ln94_fu_290_p2       |       shl|   0|  0|   35|          16|          16|
    |xor_ln94_fu_304_p2       |       xor|   0|  0|    2|           1|           2|
    +-------------------------+----------+----+---+-----+------------+------------+
    |Total                    |          |   0|  0|  554|         149|         330|
    +-------------------------+----------+----+---+-----+------------+------------+

    * Multiplexer: 
    +-----------+----+-----------+-----+-----------+
    |    Name   | LUT| Input Size| Bits| Total Bits|
    +-----------+----+-----------+-----+-----------+
    |ap_NS_fsm  |  31|          6|    1|          6|
    +-----------+----+-----------+-----+-----------+
    |Total      |  31|          6|    1|          6|
    +-----------+----+-----------+-----+-----------+

    * Register: 
    +------------------------------------------------------------------+----+----+-----+-----------+
    |                               Name                               | FF | LUT| Bits| Const Bits|
    +------------------------------------------------------------------+----+----+-----+-----------+
    |add_ln94_reg_423                                                  |   0|   0|   11|         11|
    |ans_theta_2_loc_fu_102                                            |  16|   0|   16|          0|
    |ans_theta_reg_460                                                 |  16|   0|   16|          0|
    |ap_CS_fsm                                                         |   5|   0|    5|          0|
    |grp_cordiccart2pol_Pipeline_VITIS_LOOP_109_1_fu_132_ap_start_reg  |   1|   0|    1|          0|
    |icmp_ln94_1_reg_417                                               |   1|   0|    1|          0|
    |icmp_ln94_2_reg_433                                               |   1|   0|    1|          0|
    |select_ln94_2_reg_450                                             |  16|   0|   16|          0|
    |select_ln94_3_reg_455                                             |  16|   0|   16|          0|
    |sub_ln94_1_reg_428                                                |   0|   0|   11|         11|
    |tmp_3_reg_439                                                     |   1|   0|    1|          0|
    |tmp_reg_411                                                       |   1|   0|    1|          0|
    |trunc_ln94_1_reg_445                                              |  12|   0|   16|          4|
    |x_1_reg_465                                                       |  16|   0|   16|          0|
    |x_3_loc_fu_98                                                     |  16|   0|   16|          0|
    |y_1_reg_470                                                       |  16|   0|   16|          0|
    |y_read_reg_393                                                    |  16|   0|   16|          0|
    +------------------------------------------------------------------+----+----+-----+-----------+
    |Total                                                             | 150|   0|  176|         26|
    +------------------------------------------------------------------+----+----+-----+-----------+



================================================================
== Interface
================================================================
* Summary: 
+--------------+-----+-----+------------+----------------+--------------+
|   RTL Ports  | Dir | Bits|  Protocol  |  Source Object |    C Type    |
+--------------+-----+-----+------------+----------------+--------------+
|ap_clk        |   in|    1|  ap_ctrl_hs|  cordiccart2pol|  return value|
|ap_rst        |   in|    1|  ap_ctrl_hs|  cordiccart2pol|  return value|
|ap_start      |   in|    1|  ap_ctrl_hs|  cordiccart2pol|  return value|
|ap_done       |  out|    1|  ap_ctrl_hs|  cordiccart2pol|  return value|
|ap_idle       |  out|    1|  ap_ctrl_hs|  cordiccart2pol|  return value|
|ap_ready      |  out|    1|  ap_ctrl_hs|  cordiccart2pol|  return value|
|x             |   in|   16|     ap_none|               x|        scalar|
|y             |   in|   16|     ap_none|               y|        scalar|
|r             |  out|   16|      ap_vld|               r|       pointer|
|r_ap_vld      |  out|    1|      ap_vld|               r|       pointer|
|theta         |  out|   16|      ap_vld|           theta|       pointer|
|theta_ap_vld  |  out|    1|      ap_vld|           theta|       pointer|
+--------------+-----+-----+------------+----------------+--------------+

