#-----------------------------------------------------------
# Vivado v2024.2 (64-bit)
# SW Build 5239630 on Fri Nov 08 22:34:34 MST 2024
# IP Build 5239520 on Sun Nov 10 16:12:51 MST 2024
# SharedData Build 5239561 on Fri Nov 08 14:39:27 MST 2024
# Start of session at: Sat Oct 18 18:36:03 2025
# Process ID         : 2349350
# Current directory  : /home/linux/ieng6/students/162/mak025/Read_the_docs/project_files/lab1/mul_lab1/mul_lab1.runs/synth_1
# Command line       : vivado -log design_1_wrapper.vds -product Vivado -mode batch -messageDb vivado.pb -notrace -source design_1_wrapper.tcl
# Log file           : /home/linux/ieng6/students/162/mak025/Read_the_docs/project_files/lab1/mul_lab1/mul_lab1.runs/synth_1/design_1_wrapper.vds
# Journal file       : /home/linux/ieng6/students/162/mak025/Read_the_docs/project_files/lab1/mul_lab1/mul_lab1.runs/synth_1/vivado.jou
# Running On         : ieng6-309.ucsd.edu
# Platform           : Linuxmint
# Operating System   : Linux Mint 22.1
# Processor Detail   : Intel(R) Xeon(R) Gold 5220 CPU @ 2.20GHz
# CPU Frequency      : 2194.843 MHz
# CPU Physical cores : 8
# CPU Logical cores  : 8
# Host memory        : 67426 MB
# Swap memory        : 1023 MB
# Total Virtual      : 68450 MB
# Available Virtual  : 63173 MB
#-----------------------------------------------------------
source design_1_wrapper.tcl -notrace
