parallelismSelector::VERBO: Summary of inputs: 
parallelismSelector::VERBO: Output directory: "/home/linux/ieng6/students/162/mak025/chole_bhature/project_files/project3/Q8/dft_1024_opt/dft_1024_opt/hls/csim/code_analyzer/output"
parallelismSelector::VERBO: spec:0:0: info: Will use basepath at location /home/linux/ieng6/students/162/mak025/chole_bhature/project_files/project3/Q8/dft_1024_opt
parallelismSelector::VERBO: FPGA clock frequency is set to 100 MHz
parallelismSelector::VERBO: Will use user-driven complete partitioning settings
parallelismSelector::VERBO: Arrays with less than or equal to 4 elements that appear in the codegen directives will be completely partitioned
parallelismSelector::VERBO: spec:0:0: info: Will use IR Module file at location /home/linux/ieng6/students/162/mak025/chole_bhature/project_files/project3/Q8/dft_1024_opt/dft_1024_opt/hls/csim/code_analyzer/.internal/instrument/app_0/annotated.bc
parallelismSelector::VERBO: FPGA frequency: 100000000 Hz
parallelismSelector::VERBO: Using FPGA frequency for HLS estimations: 100000000 Hz
parallelismSelector::VERBO: [Model Builder] Extracting logic model object from: /software/common/Xilinx_Vitis/Vitis/2024.2/vcxx/data/platform/logic/zynq.logic
parallelismSelector::VERBO: Device characteristics: Area -- (LUTs: 53200, FFs: 106400, DSPs: 220, BRAMs: 280, URAMs: 0)
parallelismSelector::VERBO: Maximum area for the hardware functions: AreaConstraint -- (LUTs: 53200, FFs: 106400, DSPs: 220, BRAMs: 280, URAMs: 0)
parallelismSelector::VERBO: Code Analyzer Id: 0
parallelismSelector::VERBO: Dataflow Hardware Function: _Z3dftPfS_S_S_
parallelismSelector::VERBO: Adding outline as primary transformation
parallelismSelector::VERBO: RecipeFile: "/home/linux/ieng6/students/162/mak025/chole_bhature/project_files/project3/Q8/dft_1024_opt/dft_1024_opt/hls/csim/code_analyzer/.internal/dataflow/0/recipe.json"
parallelismSelector::VERBO: Applying transformation: (region_outline)
parallelismSelector::VERBO: Applying transformation: (outline)
parallelismSelector::VERBO: Alias Equivalence: (Var <- { Pointees })
                              28 <- {28}
                              29 <- {29}
                              30 <- {30}
                              31 <- {31}
                              32 <- {28}
                              33 <- {29}
                              34 <- {30}
                              35 <- {31}
                            
parallelismSelector::VERBO: Distributing pragmas of Var:30
parallelismSelector::VERBO: Var:30 receives VariablePartitionReshapePragma PragmaType=ARRAY_PARTITION Type=cyclic factor=8 Dimension=1 Function=223
parallelismSelector::VERBO: Distributing pragmas of Var:31
parallelismSelector::VERBO: Var:31 receives VariablePartitionReshapePragma PragmaType=ARRAY_PARTITION Type=cyclic factor=8 Dimension=1 Function=223
parallelismSelector::WARNG: WARNING: [SIM 211-206] Code Analyzer does not display the impact of the partition pragma for dataflow channels (/home/linux/ieng6/students/162/mak025/chole_bhature/project_files/project3/Q8/dft.cpp:8:5)
parallelismSelector::WARNG: WARNING: [SIM 211-206] Code Analyzer does not display the impact of the partition pragma for dataflow channels (/home/linux/ieng6/students/162/mak025/chole_bhature/project_files/project3/Q8/dft.cpp:9:5)
parallelismSelector::VERBO: No optimization objective set
parallelismSelector::VERBO: Variable Infos:
parallelismSelector::VERBO:     'cos_coefficients_table' /home/linux/ieng6/students/162/mak025/chole_bhature/project_files/project3/Q8/dft_1024_opt/../coefficients1024.h:1:0 VariableId 12
                                  ElementBitsize=32
                                  IsHlsStream=no
                                  FunctionId=--
                                  IsArray=yes
                                  IsValidArray=yes
                                  IsArgument=no
                                  Elements=[ 1024 ]
                                  HasInsertionLoc=yes
                                  IsFromSystemFunction=no
parallelismSelector::VERBO:     'sin_coefficients_table' /home/linux/ieng6/students/162/mak025/chole_bhature/project_files/project3/Q8/dft_1024_opt/../coefficients1024.h:5:0 VariableId 13
                                  ElementBitsize=32
                                  IsHlsStream=no
                                  FunctionId=--
                                  IsArray=yes
                                  IsValidArray=yes
                                  IsArgument=no
                                  Elements=[ 1024 ]
                                  HasInsertionLoc=yes
                                  IsFromSystemFunction=no
parallelismSelector::VERBO:     'real_sample' /home/linux/ieng6/students/162/mak025/chole_bhature/project_files/project3/Q8/dft_1024_opt/../dft.cpp:5:0 VariableId 28
                                  ElementBitsize=32
                                  IsHlsStream=no
                                  FunctionId= 223
                                  IsArray=yes
                                  IsValidArray=yes
                                  IsArgument=yes
                                  Elements=[ 1024 ]
                                  HasInsertionLoc=yes
                                  IsFromSystemFunction=no
parallelismSelector::VERBO:     'imag_sample' /home/linux/ieng6/students/162/mak025/chole_bhature/project_files/project3/Q8/dft_1024_opt/../dft.cpp:5:0 VariableId 29
                                  ElementBitsize=32
                                  IsHlsStream=no
                                  FunctionId= 223
                                  IsArray=yes
                                  IsValidArray=yes
                                  IsArgument=yes
                                  Elements=[ 1024 ]
                                  HasInsertionLoc=yes
                                  IsFromSystemFunction=no
parallelismSelector::VERBO:     'real_op' /home/linux/ieng6/students/162/mak025/chole_bhature/project_files/project3/Q8/dft_1024_opt/../dft.cpp:5:0 VariableId 30
                                  ElementBitsize=32
                                  IsHlsStream=no
                                  FunctionId= 223
                                  IsArray=yes
                                  IsValidArray=yes
                                  IsArgument=yes
                                  Elements=[ 1024 ]
                                  HasInsertionLoc=yes
                                  IsFromSystemFunction=no
parallelismSelector::VERBO:     'imag_op' /home/linux/ieng6/students/162/mak025/chole_bhature/project_files/project3/Q8/dft_1024_opt/../dft.cpp:5:0 VariableId 31
                                  ElementBitsize=32
                                  IsHlsStream=no
                                  FunctionId= 223
                                  IsArray=yes
                                  IsValidArray=yes
                                  IsArgument=yes
                                  Elements=[ 1024 ]
                                  HasInsertionLoc=yes
                                  IsFromSystemFunction=no
parallelismSelector::VERBO:     'real_sample' /home/linux/ieng6/students/162/mak025/chole_bhature/project_files/project3/Q8/dft_1024_opt/../dft.cpp:5:0 VariableId 32
                                  ElementBitsize=32
                                  IsHlsStream=no
                                  FunctionId= 224
                                  IsArray=yes
                                  IsValidArray=yes
                                  IsArgument=yes
                                  Elements=[ 1024 ]
                                  HasInsertionLoc=yes
                                  IsFromSystemFunction=no
parallelismSelector::VERBO:     'imag_sample' /home/linux/ieng6/students/162/mak025/chole_bhature/project_files/project3/Q8/dft_1024_opt/../dft.cpp:5:0 VariableId 33
                                  ElementBitsize=32
                                  IsHlsStream=no
                                  FunctionId= 224
                                  IsArray=yes
                                  IsValidArray=yes
                                  IsArgument=yes
                                  Elements=[ 1024 ]
                                  HasInsertionLoc=yes
                                  IsFromSystemFunction=no
parallelismSelector::VERBO:     'real_op' /home/linux/ieng6/students/162/mak025/chole_bhature/project_files/project3/Q8/dft_1024_opt/../dft.cpp:5:0 VariableId 34
                                  ElementBitsize=32
                                  IsHlsStream=no
                                  FunctionId= 224
                                  IsArray=yes
                                  IsValidArray=yes
                                  IsArgument=yes
                                  Elements=[ 1024 ]
                                  HasInsertionLoc=yes
                                  IsFromSystemFunction=no
parallelismSelector::VERBO:     'imag_op' /home/linux/ieng6/students/162/mak025/chole_bhature/project_files/project3/Q8/dft_1024_opt/../dft.cpp:5:0 VariableId 35
                                  ElementBitsize=32
                                  IsHlsStream=no
                                  FunctionId= 224
                                  IsArray=yes
                                  IsValidArray=yes
                                  IsArgument=yes
                                  Elements=[ 1024 ]
                                  HasInsertionLoc=yes
                                  IsFromSystemFunction=no
parallelismSelector::VERBO: Equivalence table
                             Object with value: 12 is mapped to the object with value: 12
                             Object with value: 13 is mapped to the object with value: 13
                             Object with value: 28 is mapped to the object with value: 28
                             Object with value: 29 is mapped to the object with value: 29
                             Object with value: 30 is mapped to the object with value: 30
                             Object with value: 31 is mapped to the object with value: 31
                             Object with value: 32 is mapped to the object with value: 28
                             Object with value: 33 is mapped to the object with value: 29
                             Object with value: 34 is mapped to the object with value: 30
                             Object with value: 35 is mapped to the object with value: 31
                            
parallelismSelector::VERBO: Nesting structure:
                            +- Loop with id 3, Label=OUTER_LOOP, Trip Count: (Static=1024, Dynamic [x1]), [RAW], Loc=/home/linux/ieng6/students/162/mak025/chole_bhature/project_files/project3/Q8/dft_1024_opt/../dft.cpp:12:5, Vars=28,29,
                               +- Loop with id 4, Label=INNER_LOOP, Trip Count: (Static=1024, Dynamic [x1024]), Loc=/home/linux/ieng6/students/162/mak025/chole_bhature/project_files/project3/Q8/dft_1024_opt/../dft.cpp:19:9, Vars=12,13,30,31,
                            
parallelismSelector::VERBO: Nesting structure after dynamic trip count update:
                            +- Loop with id 3, Label=OUTER_LOOP, Trip Count: (Static=1024, Dynamic [x1], TripCount pragma Min/Avg/Max=1024/1024/1024), [RAW], Loc=/home/linux/ieng6/students/162/mak025/chole_bhature/project_files/project3/Q8/dft_1024_opt/../dft.cpp:12:5, Vars=28,29,
                               +- Loop with id 4, Label=INNER_LOOP, Trip Count: (Static=1024, Dynamic [x1024], TripCount pragma Min/Avg/Max=1024/1024/1024), Loc=/home/linux/ieng6/students/162/mak025/chole_bhature/project_files/project3/Q8/dft_1024_opt/../dft.cpp:19:9, Vars=12,13,30,31,
                            
parallelismSelector::VERBO: Function 'dft' not inlined as per top-levels
parallelismSelector::VERBO: Function 'Outline_T3_F223_R2_Loop' not inlined as per dataflow task
parallelismSelector::VERBO: Nesting structure after static trip count upper bound calculation for symbolically bounded loops:
                            +- Loop with id 3, Label=OUTER_LOOP, Trip Count: (Static=1024, Dynamic [x1], TripCount pragma Min/Avg/Max=1024/1024/1024), [RAW], Loc=/home/linux/ieng6/students/162/mak025/chole_bhature/project_files/project3/Q8/dft_1024_opt/../dft.cpp:12:5, Vars=28,29,
                               +- Loop with id 4, Label=INNER_LOOP, Trip Count: (Static=1024, Dynamic [x1024], TripCount pragma Min/Avg/Max=1024/1024/1024), Loc=/home/linux/ieng6/students/162/mak025/chole_bhature/project_files/project3/Q8/dft_1024_opt/../dft.cpp:19:9, Vars=12,13,30,31,
                            
parallelismSelector::VERBO: 
                            The following user pragmas were detected in the application:
parallelismSelector::VERBO: /home/linux/ieng6/students/162/mak025/chole_bhature/project_files/project3/Q8/dft.cpp:13:9: warning: User pragma 'loop_tripcount' found in function Outline_T3_F223_R2_Loop
parallelismSelector::VERBO: /home/linux/ieng6/students/162/mak025/chole_bhature/project_files/project3/Q8/dft.cpp:21:13: warning: User pragma 'unroll' found in function Outline_T3_F223_R2_Loop
parallelismSelector::VERBO: /home/linux/ieng6/students/162/mak025/chole_bhature/project_files/project3/Q8/dft.cpp:20:13: warning: User pragma 'loop_tripcount' found in function Outline_T3_F223_R2_Loop
parallelismSelector::VERBO: Max iterations for loop 3 are 1024
parallelismSelector::VERBO:  - loop 3 is "/home/linux/ieng6/students/162/mak025/chole_bhature/project_files/project3/Q8/dft_1024_opt/../dft.cpp":12:5
parallelismSelector::VERBO: Max iterations for loop 4 are 1024
parallelismSelector::VERBO:  - loop 4 is "/home/linux/ieng6/students/162/mak025/chole_bhature/project_files/project3/Q8/dft_1024_opt/../dft.cpp":19:9
parallelismSelector::VERBO: Partitioning variable 'cos_coefficients_table' /home/linux/ieng6/students/162/mak025/chole_bhature/project_files/project3/Q8/dft_1024_opt/../coefficients1024.h:1:0 VariableId 12
parallelismSelector::VERBO: Partitioning variable 'sin_coefficients_table' /home/linux/ieng6/students/162/mak025/chole_bhature/project_files/project3/Q8/dft_1024_opt/../coefficients1024.h:5:0 VariableId 13
parallelismSelector::VERBO: Partitioning variable 'real_sample' /home/linux/ieng6/students/162/mak025/chole_bhature/project_files/project3/Q8/dft_1024_opt/../dft.cpp:5:0 VariableId 28
parallelismSelector::VERBO: Partitioning variable 'imag_sample' /home/linux/ieng6/students/162/mak025/chole_bhature/project_files/project3/Q8/dft_1024_opt/../dft.cpp:5:0 VariableId 29
parallelismSelector::VERBO: Partitioning variable 'real_op' /home/linux/ieng6/students/162/mak025/chole_bhature/project_files/project3/Q8/dft_1024_opt/../dft.cpp:5:0 VariableId 30
parallelismSelector::VERBO: Partitioning variable 'imag_op' /home/linux/ieng6/students/162/mak025/chole_bhature/project_files/project3/Q8/dft_1024_opt/../dft.cpp:5:0 VariableId 31
parallelismSelector::VERBO: Initial branch:
                            FunctionPipelineTopLevel: Maybe
                            Partition {dim 0: cyclic 1, 2, 4, 8, 16, 32, 64, 128, 256, 512 complete} (VariableName cos_coefficients_table) (VariableId 12)
                            Partition {dim 0: cyclic 1, 2, 4, 8, 16, 32, 64, 128, 256, 512 complete} (VariableName sin_coefficients_table) (VariableId 13)
                            Reshape {dim 0: cyclic 1, 2, 4, 8, 16, 32, 64, 128} (VariableName real_sample) (VariableId 28)
                            Reshape {dim 0: cyclic 1, 2, 4, 8, 16, 32, 64, 128} (VariableName imag_sample) (VariableId 29)
                            Reshape {dim 0: cyclic 1, 2, 4, 8, 16, 32, 64, 128} (VariableName real_op) (VariableId 30)
                            Reshape {dim 0: cyclic 1, 2, 4, 8, 16, 32, 64, 128} (VariableName imag_op) (VariableId 31)
                            +- pipeline, unroll with factors 1, 1024 (Label OUTER_LOOP) (LoopId 3)
                               +- pipeline, unroll with factors 1, 2, 4, 8, 16, 32, 64, 128, 256, 512, 1024, unroll/pipeline with factors 2, 4, 8, 16, 32, 64, 128, 256, 512 (Label INNER_LOOP) (LoopId 4)
                            
parallelismSelector::VERBO: Initial branch after first round of constraints:
                            FunctionPipelineTopLevel: Maybe
                            Partition {dim 0: cyclic 1, 2, 4, 8, 16, 32, 64, 128, 256, 512 complete} (VariableName cos_coefficients_table) (VariableId 12)
                            Partition {dim 0: cyclic 1, 2, 4, 8, 16, 32, 64, 128, 256, 512 complete} (VariableName sin_coefficients_table) (VariableId 13)
                            Reshape {dim 0: cyclic 1, 2, 4, 8, 16, 32, 64, 128} (VariableName real_sample) (VariableId 28)
                            Reshape {dim 0: cyclic 1, 2, 4, 8, 16, 32, 64, 128} (VariableName imag_sample) (VariableId 29)
                            Reshape {dim 0: cyclic 1, 2, 4, 8, 16, 32, 64, 128} (VariableName real_op) (VariableId 30)
                            Reshape {dim 0: cyclic 1, 2, 4, 8, 16, 32, 64, 128} (VariableName imag_op) (VariableId 31)
                            +- pipeline, unroll with factors 1, 1024 (Label OUTER_LOOP) (LoopId 3)
                               +- pipeline, unroll with factors 1, 2, 4, 8, 16, 32, 64, 128, 256, 512, 1024, unroll/pipeline with factors 2, 4, 8, 16, 32, 64, 128, 256, 512 (Label INNER_LOOP) (LoopId 4)
                            
parallelismSelector::VERBO: Nesting structure after user pragma constraints:
                            +- Loop with id 3, Label=OUTER_LOOP, Trip Count: (Static=1024, Dynamic [x1], TripCount pragma Min/Avg/Max=1024/1024/1024), [RAW], Loc=/home/linux/ieng6/students/162/mak025/chole_bhature/project_files/project3/Q8/dft_1024_opt/../dft.cpp:12:5, Vars=28,29,
                               +- Loop with id 4, Label=INNER_LOOP, Trip Count: (Static=1024, Dynamic [x1024], TripCount pragma Min/Avg/Max=1024/1024/1024), [User Pragma], Loc=/home/linux/ieng6/students/162/mak025/chole_bhature/project_files/project3/Q8/dft_1024_opt/../dft.cpp:19:9, Vars=12,13,30,31,
                            
parallelismSelector::VERBO: Initial branch after applying user pragma constraints:
                            FunctionPipelineTopLevel: Maybe
                            Partition {dim 0: cyclic 1, 2, 4, 8, 16, 32, 64, 128, 256, 512 complete} (VariableName cos_coefficients_table) (VariableId 12)
                            Partition {dim 0: cyclic 1, 2, 4, 8, 16, 32, 64, 128, 256, 512 complete} (VariableName sin_coefficients_table) (VariableId 13)
                            Reshape {dim 0: cyclic 1, 2, 4, 8, 16, 32, 64, 128} (VariableName real_sample) (VariableId 28)
                            Reshape {dim 0: cyclic 1, 2, 4, 8, 16, 32, 64, 128} (VariableName imag_sample) (VariableId 29)
                            Reshape {dim 0: cyclic 1, 2, 4, 8, 16, 32, 64, 128} (VariableName real_op) (VariableId 30)
                            Reshape {dim 0: cyclic 1, 2, 4, 8, 16, 32, 64, 128} (VariableName imag_op) (VariableId 31)
                            +- pipeline, unroll with factors 1, 1024 (Label OUTER_LOOP) (LoopId 3)
                               +- unroll with factors 8 (Label INNER_LOOP) (LoopId 4)
                            
parallelismSelector::VERBO: FunctionPipeline is not applicable since at least one loop does not have full unroll setting available
parallelismSelector::VERBO: Initial branch after applying Xilinx constraints:
                            FunctionPipelineTopLevel: No
                            Partition {dim 0: cyclic 1, 2, 4, 8, 16, 32, 64, 128, 256, 512 complete} (VariableName cos_coefficients_table) (VariableId 12)
                            Partition {dim 0: cyclic 1, 2, 4, 8, 16, 32, 64, 128, 256, 512 complete} (VariableName sin_coefficients_table) (VariableId 13)
                            Reshape {dim 0: cyclic 1, 2, 4, 8, 16, 32, 64, 128} (VariableName real_sample) (VariableId 28)
                            Reshape {dim 0: cyclic 1, 2, 4, 8, 16, 32, 64, 128} (VariableName imag_sample) (VariableId 29)
                            Reshape {dim 0: cyclic 1, 2, 4, 8, 16, 32, 64, 128} (VariableName real_op) (VariableId 30)
                            Reshape {dim 0: cyclic 1, 2, 4, 8, 16, 32, 64, 128} (VariableName imag_op) (VariableId 31)
                            +- unroll with factors 1 (Label OUTER_LOOP) (LoopId 3)
                               +- unroll with factors 8 (Label INNER_LOOP) (LoopId 4)
                            
parallelismSelector::VERBO: DataflowConstrainer: Constraining Func/Loop with Id 223
parallelismSelector::VERBO: DataflowConstrainer: Constrained: VarId=28
parallelismSelector::VERBO: DataflowConstrainer: Constrained: VarId=29
parallelismSelector::VERBO: DataflowConstrainer: Constrained: VarId=30
parallelismSelector::VERBO: DataflowConstrainer: Constrained: VarId=31
parallelismSelector::VERBO: Initial branch after applying dataflow constraints:
                            FunctionPipelineTopLevel: No
                            Partition {dim 0: cyclic 1, 2, 4, 8, 16, 32, 64, 128, 256, 512 complete} (VariableName cos_coefficients_table) (VariableId 12)
                            Partition {dim 0: cyclic 1, 2, 4, 8, 16, 32, 64, 128, 256, 512 complete} (VariableName sin_coefficients_table) (VariableId 13)
                            Reshape {dim 0: cyclic 1} (VariableName real_sample) (VariableId 28)
                            Reshape {dim 0: cyclic 1} (VariableName imag_sample) (VariableId 29)
                            Reshape {dim 0: cyclic 1} (VariableName real_op) (VariableId 30)
                            Reshape {dim 0: cyclic 1} (VariableName imag_op) (VariableId 31)
                            +- unroll with factors 1 (Label OUTER_LOOP) (LoopId 3)
                               +- unroll with factors 8 (Label INNER_LOOP) (LoopId 4)
                            
parallelismSelector::VERBO: Removing reshape options from the design space because optimizing reshape is disabled
                            
parallelismSelector::VERBO: Initial branch after applying heuristic constraints:
                            FunctionPipelineTopLevel: No
                            Partition {dim 0: cyclic 1, 2, 4, 8, 16, 32, 64, 128, 256, 512 complete} (VariableName cos_coefficients_table) (VariableId 12)
                            Partition {dim 0: cyclic 1, 2, 4, 8, 16, 32, 64, 128, 256, 512 complete} (VariableName sin_coefficients_table) (VariableId 13)
                            Reshape {dim 0: cyclic 1} (VariableName real_sample) (VariableId 28)
                            Reshape {dim 0: cyclic 1} (VariableName imag_sample) (VariableId 29)
                            Reshape {dim 0: cyclic 1} (VariableName real_op) (VariableId 30)
                            Reshape {dim 0: cyclic 1} (VariableName imag_op) (VariableId 31)
                            +- unroll with factors 1 (Label OUTER_LOOP) (LoopId 3)
                               +- unroll with factors 8 (Label INNER_LOOP) (LoopId 4)
                            
parallelismSelector::VERBO: Initial branch after applying second round of Xilinx constraints:
                            FunctionPipelineTopLevel: No
                            Partition {dim 0: cyclic 1, 2, 4, 8, 16, 32, 64, 128, 256, 512 complete} (VariableName cos_coefficients_table) (VariableId 12)
                            Partition {dim 0: cyclic 1, 2, 4, 8, 16, 32, 64, 128, 256, 512 complete} (VariableName sin_coefficients_table) (VariableId 13)
                            Reshape {dim 0: cyclic 1} (VariableName real_sample) (VariableId 28)
                            Reshape {dim 0: cyclic 1} (VariableName imag_sample) (VariableId 29)
                            Reshape {dim 0: cyclic 1} (VariableName real_op) (VariableId 30)
                            Reshape {dim 0: cyclic 1} (VariableName imag_op) (VariableId 31)
                            +- unroll with factors 1 (Label OUTER_LOOP) (LoopId 3)
                               +- unroll with factors 8 (Label INNER_LOOP) (LoopId 4)
                            
parallelismSelector::VERBO: Initial branch after performance pragma constraints:
                            FunctionPipelineTopLevel: No
                            Partition {dim 0: cyclic 1} (VariableName cos_coefficients_table) (VariableId 12)
                            Partition {dim 0: cyclic 1} (VariableName sin_coefficients_table) (VariableId 13)
                            Reshape {dim 0: cyclic 1} (VariableName real_sample) (VariableId 28)
                            Reshape {dim 0: cyclic 1} (VariableName imag_sample) (VariableId 29)
                            Reshape {dim 0: cyclic 1} (VariableName real_op) (VariableId 30)
                            Reshape {dim 0: cyclic 1} (VariableName imag_op) (VariableId 31)
                            +- unroll with factors 1 (Label OUTER_LOOP) (LoopId 3)
                               +- unroll with factors 8 (Label INNER_LOOP) (LoopId 4)
                            
parallelismSelector::VERBO: Initial branch after PerfEst evaluation constraints:
                            FunctionPipelineTopLevel: No
                            Partition {dim 0: cyclic 1} (VariableName cos_coefficients_table) (VariableId 12)
                            Partition {dim 0: cyclic 1} (VariableName sin_coefficients_table) (VariableId 13)
                            Reshape {dim 0: cyclic 1} (VariableName real_sample) (VariableId 28)
                            Reshape {dim 0: cyclic 1} (VariableName imag_sample) (VariableId 29)
                            Reshape {dim 0: cyclic 1} (VariableName real_op) (VariableId 30)
                            Reshape {dim 0: cyclic 1} (VariableName imag_op) (VariableId 31)
                            +- unroll with factors 1 (Label OUTER_LOOP) (LoopId 3)
                               +- unroll with factors 8 (Label INNER_LOOP) (LoopId 4)
                            
parallelismSelector::VERBO: Initial constrained branch:
                            FunctionPipelineTopLevel: No
                            Partition {dim 0: cyclic 1} (VariableName cos_coefficients_table) (VariableId 12)
                            Partition {dim 0: cyclic 1} (VariableName sin_coefficients_table) (VariableId 13)
                            Reshape {dim 0: cyclic 1} (VariableName real_sample) (VariableId 28)
                            Reshape {dim 0: cyclic 1} (VariableName imag_sample) (VariableId 29)
                            Reshape {dim 0: cyclic 1} (VariableName real_op) (VariableId 30)
                            Reshape {dim 0: cyclic 1} (VariableName imag_op) (VariableId 31)
                            +- unroll with factors 1 (Label OUTER_LOOP) (LoopId 3)
                               +- unroll with factors 8 (Label INNER_LOOP) (LoopId 4)
                            
parallelismSelector::VERBO: HPE - Calculating latency and area for design space...
                            Setting Space: FunctionPipelineTopLevel: No
                            Partition {dim 0: cyclic 1} (VariableId 12)
                            Partition {dim 0: cyclic 1} (VariableId 13)
                            Reshape {dim 0: cyclic 1} (VariableId 28)
                            Reshape {dim 0: cyclic 1} (VariableId 29)
                            Reshape {dim 0: cyclic 1} (VariableId 30)
                            Reshape {dim 0: cyclic 1} (VariableId 31)
                            +- unroll with factors 1 (Label OUTER_LOOP) (LoopId 3)
                               +- unroll with factors 8 (Label INNER_LOOP) (LoopId 4)
                            
parallelismSelector::VERBO: Calculating latency for top level hw function: dft
parallelismSelector::VERBO: [LatencyEstimationVisitor] CallSite: CS(8 F=224) (32->28)(33->29)(34->30)(35->31)
parallelismSelector::VERBO: [LatencyEstimationVisitor] Equivalence table
                             Object with value: 32 is mapped to the object with value: 28
                             Object with value: 33 is mapped to the object with value: 29
                             Object with value: 34 is mapped to the object with value: 30
                             Object with value: 35 is mapped to the object with value: 31
                            
parallelismSelector::VERBO: Analyzing Loop "INNER_LOOP" (LoopId 4):
parallelismSelector::VERBO:     MARegionScheduler::finalize():
parallelismSelector::VERBO:        - LoopId: 4 Label: INNER_LOOP
parallelismSelector::VERBO:          - EndCycles: for.body6 -> {8: 13}
parallelismSelector::VERBO:        - MaxEndCycle: {8: 13}
parallelismSelector::VERBO:        - Critical path: for.body6
parallelismSelector::VERBO:     hasRAW: 0
parallelismSelector::VERBO:        - IIMem: {8: 1}, OwnedIIMem: {8: 1}, NestedIIMem: {8: 0}
parallelismSelector::VERBO: 
parallelismSelector::VERBO: Analyzing Loop "OUTER_LOOP" (LoopId 3):
parallelismSelector::VERBO:         LoopId: 4, Label: INNER_LOOP, TC: 1024, IL: {8: 13}, IIMem: {8: 1}, IIDep 0
parallelismSelector::VERBO:         	unroll 8 Cycles: 2560
parallelismSelector::VERBO:         Overall latency for nested loop (LoopId 4): 2560
parallelismSelector::VERBO:     MARegionScheduler::finalize():
parallelismSelector::VERBO:        - LoopId: 3 Label: OUTER_LOOP
parallelismSelector::VERBO:          - EndCycles: for.body -> {1: 2}
parallelismSelector::VERBO:          - EndCycles: for.end -> {1: 2561}
parallelismSelector::VERBO:          - EndCycles: for.body6 -> {1: 2561}
parallelismSelector::VERBO:        - MaxEndCycle: {1: 2561}
parallelismSelector::VERBO:        - Critical path: for.body, for.end, for.body6
parallelismSelector::VERBO:     hasRAW: 1
parallelismSelector::VERBO:     Recurrence: Circuit=4:26 -> 4:27 -> 4:28 -> 4:26
parallelismSelector::VERBO:       distance=6
parallelismSelector::VERBO:     Recurrence: Circuit=4:30 -> 4:31 -> 4:32 -> 4:30
parallelismSelector::VERBO:       distance=6
parallelismSelector::VERBO:        - IIMem: {1: 0.5}, OwnedIIMem: {1: 0.5}, NestedIIMem: {1: 0}
parallelismSelector::VERBO: 
parallelismSelector::VERBO: Analyzing Function "Outline_T3_F223_R2_Loop" (FunctionId 224):
parallelismSelector::VERBO:         LoopId: 3, Label: OUTER_LOOP, TC: 1024, IL: {1: 2561}, IIMem: {1: 0.5}, IIDep 6
parallelismSelector::VERBO:         	unroll 1 Cycles: 2622464
parallelismSelector::VERBO:         Overall latency for nested loop (LoopId 3): 2622464
parallelismSelector::VERBO:     MARegionScheduler::finalize():
parallelismSelector::VERBO:        - Function: Outline_T3_F223_R2_Loop
parallelismSelector::VERBO:          - EndCycles: for.end -> {1: 2622465}
parallelismSelector::VERBO:          - EndCycles: newFuncRoot -> {1: 1}
parallelismSelector::VERBO:          - EndCycles: for.end22 -> {1: 2622465}
parallelismSelector::VERBO:        - MaxEndCycle: {1: 2622465}
parallelismSelector::VERBO:        - Critical path: for.body, for.end, newFuncRoot, for.end22
parallelismSelector::VERBO: 
parallelismSelector::VERBO: Analyzing Function "dft" (FunctionId 223):
parallelismSelector::VERBO:     MARegionScheduler::finalize():
parallelismSelector::VERBO:        - Function: _Z3dftPfS_S_S_
parallelismSelector::VERBO:          - EndCycles: codeRepl -> {1: 2622467}
parallelismSelector::VERBO:          - EndCycles: for.end22_iso4 -> {1: 2622467}
parallelismSelector::VERBO:          - EndCycles: entry -> {1: 1}
parallelismSelector::VERBO:        - MaxEndCycle: {1: 2622467}
parallelismSelector::VERBO:        - Critical path: codeRepl, for.end22_iso4, entry
parallelismSelector::VERBO: 
parallelismSelector::VERBO: Filling in latencies and intervals per loop...
parallelismSelector::VERBO:     Initiation Interval:
parallelismSelector::VERBO:     LoopId: 4, Label: INNER_LOOP, TC: 1024, IL: {8: 13}, IIMem: {8: 1}, IIDep 0
parallelismSelector::VERBO:     	unroll 8 Cycles: 20
parallelismSelector::VERBO:     Latency:
parallelismSelector::VERBO:     LoopId: 4, Label: INNER_LOOP, TC: 1024, IL: {8: 13}, IIMem: {8: 1}, IIDep 0
parallelismSelector::VERBO:     	unroll 8 Cycles: 2560
parallelismSelector::VERBO:     Mem Interval:
parallelismSelector::VERBO:     Interval:
parallelismSelector::VERBO:     Initiation Interval:
parallelismSelector::VERBO:     LoopId: 3, Label: OUTER_LOOP, TC: 1024, IL: {1: 2561}, IIMem: {1: 0.5}, IIDep 6
parallelismSelector::VERBO:     	unroll 1 Cycles: 2561
parallelismSelector::VERBO:     Latency:
parallelismSelector::VERBO:     LoopId: 3, Label: OUTER_LOOP, TC: 1024, IL: {1: 2561}, IIMem: {1: 0.5}, IIDep 6
parallelismSelector::VERBO:     	unroll 1 Cycles: 2622464
parallelismSelector::VERBO:     Mem Interval:
parallelismSelector::VERBO:     Interval:
parallelismSelector::VERBO: [AreaEstimationVisitor] Func: _Z3dftPfS_S_S_ : 223
parallelismSelector::VERBO: [AreaEstimationVisitor] CallSite: CS(8 F=224) (32->28)(33->29)(34->30)(35->31)
parallelismSelector::VERBO:   New Equivalence table
                             Object with value: 32 is mapped to the object with value: 28
                             Object with value: 33 is mapped to the object with value: 29
                             Object with value: 34 is mapped to the object with value: 30
                             Object with value: 35 is mapped to the object with value: 31
                            
parallelismSelector::VERBO: [AreaEstimationVisitor] Func: Outline_T3_F223_R2_Loop : 224
parallelismSelector::VERBO: [AreaEstimationVisitor] Loop: 3
parallelismSelector::VERBO: [AreaEstimationVisitor] Loop: 4
parallelismSelector::VERBO: [Finalize] Self shareable area: LUTs: 2620 FFs: 1218 DSPs: 18 BRAMs: 0
parallelismSelector::VERBO: [Finalize] ParallelOperationNumPerLoop: {4: 2}
parallelismSelector::VERBO: [Finalize] Contribution of this loop to shareable area: LUTs: 5240 FFs: 2436 DSPs: 36 BRAMs: 0
parallelismSelector::VERBO: [AreaEstimationVisitor] Total shareable area: LUTs: 5240 FFs: 2436 DSPs: 36 BRAMs: 0 Total unshareable area: LUTs: 1152 FFs: 0 DSPs: 0 BRAMs: 0
parallelismSelector::VERBO: [AreaEstimationVisitor] Self shareable area: LUTs: 2620 FFs: 1218 DSPs: 18 BRAMs: 0 Self unshareable area: LUTs: 69 FFs: 0 DSPs: 0 BRAMs: 0
parallelismSelector::VERBO: [visitNestedHeader] Adding nested shareable area from loop(id) 4 LUTs: 5240 FFs: 2436 DSPs: 36 BRAMs: 0
parallelismSelector::VERBO: [Finalize] Self shareable area: LUTs: 0 FFs: 0 DSPs: 0 BRAMs: 0
parallelismSelector::VERBO: [Finalize] ParallelOperationNumPerLoop: {3: 1}
parallelismSelector::VERBO: [Finalize] Contribution of this loop to shareable area: LUTs: 0 FFs: 0 DSPs: 0 BRAMs: 0
parallelismSelector::VERBO: [AreaEstimationVisitor] Total shareable area: LUTs: 5240 FFs: 2436 DSPs: 36 BRAMs: 0 Total unshareable area: LUTs: 1214 FFs: 0 DSPs: 0 BRAMs: 0
parallelismSelector::VERBO: [AreaEstimationVisitor] Self shareable area: LUTs: 0 FFs: 0 DSPs: 0 BRAMs: 0 Self unshareable area: LUTs: 6 FFs: 0 DSPs: 0 BRAMs: 0
parallelismSelector::VERBO: [Finalize] Self shareable area: LUTs: 0 FFs: 0 DSPs: 0 BRAMs: 0
parallelismSelector::VERBO: [AreaEstimationVisitor] Total shareable area: LUTs: 5240 FFs: 2436 DSPs: 36 BRAMs: 0 Total unshareable area: LUTs: 1214 FFs: 0 DSPs: 0 BRAMs: 0
parallelismSelector::VERBO: [AreaEstimationVisitor] Self shareable area: LUTs: 0 FFs: 0 DSPs: 0 BRAMs: 0 Self unshareable area: LUTs: 0 FFs: 0 DSPs: 0 BRAMs: 0
parallelismSelector::VERBO: [Finalize] Self shareable area: LUTs: 0 FFs: 0 DSPs: 0 BRAMs: 0
parallelismSelector::VERBO: [AreaEstimationVisitor] Total shareable area: LUTs: 0 FFs: 0 DSPs: 0 BRAMs: 0 Total unshareable area: LUTs: 0 FFs: 0 DSPs: 0 BRAMs: 0
parallelismSelector::VERBO: [AreaEstimationVisitor] Self shareable area: LUTs: 0 FFs: 0 DSPs: 0 BRAMs: 0 Self unshareable area: LUTs: 0 FFs: 0 DSPs: 0 BRAMs: 0
parallelismSelector::VERBO: Calculate statically allocated area for variable ID 12
parallelismSelector::VERBO:     Array bits: 32768. Elements: 1024. Element bits: 32
parallelismSelector::VERBO:     Estimate statically allocated area assuming the BRAM resource type
parallelismSelector::VERBO:         Would allocate 2 BRAMs according to the partition factor
parallelismSelector::VERBO: Calculate statically allocated area for variable ID 13
parallelismSelector::VERBO:     Array bits: 32768. Elements: 1024. Element bits: 32
parallelismSelector::VERBO:     Estimate statically allocated area assuming the BRAM resource type
parallelismSelector::VERBO:         Would allocate 2 BRAMs according to the partition factor
parallelismSelector::VERBO: Is valid space because UsedArea.Max <= GlobalConstr.AreaConstr
parallelismSelector::VERBO: Initial constrained branch with estimates:
                            FunctionPipelineTopLevel: No
                            Partition {dim 0: cyclic 1} (VariableId 12)
                            Partition {dim 0: cyclic 1} (VariableId 13)
                            Reshape {dim 0: cyclic 1} (VariableId 28)
                               +- Penalty on LoopId 3: {1: lat/intv 0} (unroll: latency/interval)
                            Reshape {dim 0: cyclic 1} (VariableId 29)
                               +- Penalty on LoopId 3: {1: lat/intv 0} (unroll: latency/interval)
                            Reshape {dim 0: cyclic 1} (VariableId 30)
                               +- Penalty on LoopId 3: {1: lat/intv 7} (unroll: latency/interval)
                               +- Penalty on LoopId 4: {8: lat/intv 7} (unroll: latency/interval)
                            Reshape {dim 0: cyclic 1} (VariableId 31)
                               +- Penalty on LoopId 3: {1: lat/intv 7} (unroll: latency/interval)
                               +- Penalty on LoopId 4: {8: lat/intv 7} (unroll: latency/interval)
                            +- unroll with factors 1 (LoopId 3 [OUTER_LOOP]), min-max latency/interval: {unroll 1: lat/intv 2622464}
                               +- Access to VariableId 28: {1: lat/intv 0} (unroll: latency/interval)
                               +- Access to VariableId 29: {1: lat/intv 0} (unroll: latency/interval)
                               +- Access to VariableId 30: {1: lat/intv 7} (unroll: latency/interval)
                               +- Access to VariableId 31: {1: lat/intv 7} (unroll: latency/interval)
                               +- unroll with factors 8 (LoopId 4 [INNER_LOOP]), min-max latency/interval: {unroll 8: lat/intv 2560}
                                  +- Access to VariableId 30: {8: lat/intv 7} (unroll: latency/interval)
                                  +- Access to VariableId 31: {8: lat/intv 7} (unroll: latency/interval)
                            Id: 0 contains valid solution: --, min-max latency/interval:  lat 2622467 intv 2622468, min-max area:  LUTs: 6454 FFs: 2436 DSPs: 36 BRAMs: 4
parallelismSelector::VERBO: Initial FPGA area occupied (min): Area -- (LUTs: 6454, FFs: 2436, DSPs: 36, BRAMs: 4, URAMs: 0)
parallelismSelector::VERBO: Initial FPGA area occupied (max): Area -- (LUTs: 6454, FFs: 2436, DSPs: 36, BRAMs: 4, URAMs: 0)
parallelismSelector::VERBO: HPE - Calculating latency and area for design space...
                            Setting Space: FunctionPipelineTopLevel: No
                            Partition {dim 0: cyclic 1} (VariableId 12)
                            Partition {dim 0: cyclic 1} (VariableId 13)
                            Reshape {dim 0: cyclic 1} (VariableId 28)
                            Reshape {dim 0: cyclic 1} (VariableId 29)
                            Reshape {dim 0: cyclic 1} (VariableId 30)
                            Reshape {dim 0: cyclic 1} (VariableId 31)
                            +- unroll with factors 1 (Label OUTER_LOOP) (LoopId 3)
                               +- unroll with factors 8 (Label INNER_LOOP) (LoopId 4)
                            
parallelismSelector::VERBO: Calculating latency for top level hw function: dft
parallelismSelector::VERBO: [LatencyEstimationVisitor] CallSite: CS(8 F=224) (32->28)(33->29)(34->30)(35->31)
parallelismSelector::VERBO: [LatencyEstimationVisitor] Equivalence table
                             Object with value: 32 is mapped to the object with value: 28
                             Object with value: 33 is mapped to the object with value: 29
                             Object with value: 34 is mapped to the object with value: 30
                             Object with value: 35 is mapped to the object with value: 31
                            
parallelismSelector::VERBO: Analyzing Loop "INNER_LOOP" (LoopId 4):
parallelismSelector::VERBO:     MARegionScheduler::finalize():
parallelismSelector::VERBO:        - LoopId: 4 Label: INNER_LOOP
parallelismSelector::VERBO:          - EndCycles: for.body6 -> {8: 13}
parallelismSelector::VERBO:        - MaxEndCycle: {8: 13}
parallelismSelector::VERBO:        - Critical path: for.body6
parallelismSelector::VERBO:     hasRAW: 0
parallelismSelector::VERBO:        - IIMem: {8: 1}, OwnedIIMem: {8: 1}, NestedIIMem: {8: 0}
parallelismSelector::VERBO: 
parallelismSelector::VERBO: Analyzing Loop "OUTER_LOOP" (LoopId 3):
parallelismSelector::VERBO:         LoopId: 4, Label: INNER_LOOP, TC: 1024, IL: {8: 13}, IIMem: {8: 1}, IIDep 0
parallelismSelector::VERBO:         	unroll 8 Cycles: 2560
parallelismSelector::VERBO:         Overall latency for nested loop (LoopId 4): 2560
parallelismSelector::VERBO:     MARegionScheduler::finalize():
parallelismSelector::VERBO:        - LoopId: 3 Label: OUTER_LOOP
parallelismSelector::VERBO:          - EndCycles: for.body -> {1: 2}
parallelismSelector::VERBO:          - EndCycles: for.end -> {1: 2561}
parallelismSelector::VERBO:          - EndCycles: for.body6 -> {1: 2561}
parallelismSelector::VERBO:        - MaxEndCycle: {1: 2561}
parallelismSelector::VERBO:        - Critical path: for.body, for.end, for.body6
parallelismSelector::VERBO:     hasRAW: 1
parallelismSelector::VERBO:     Recurrence: Circuit=4:26 -> 4:27 -> 4:28 -> 4:26
parallelismSelector::VERBO:       distance=6
parallelismSelector::VERBO:     Recurrence: Circuit=4:30 -> 4:31 -> 4:32 -> 4:30
parallelismSelector::VERBO:       distance=6
parallelismSelector::VERBO:        - IIMem: {1: 0.5}, OwnedIIMem: {1: 0.5}, NestedIIMem: {1: 0}
parallelismSelector::VERBO: 
parallelismSelector::VERBO: Analyzing Function "Outline_T3_F223_R2_Loop" (FunctionId 224):
parallelismSelector::VERBO:         LoopId: 3, Label: OUTER_LOOP, TC: 1024, IL: {1: 2561}, IIMem: {1: 0.5}, IIDep 6
parallelismSelector::VERBO:         	unroll 1 Cycles: 2622464
parallelismSelector::VERBO:         Overall latency for nested loop (LoopId 3): 2622464
parallelismSelector::VERBO:     MARegionScheduler::finalize():
parallelismSelector::VERBO:        - Function: Outline_T3_F223_R2_Loop
parallelismSelector::VERBO:          - EndCycles: for.end -> {1: 2622465}
parallelismSelector::VERBO:          - EndCycles: newFuncRoot -> {1: 1}
parallelismSelector::VERBO:          - EndCycles: for.end22 -> {1: 2622465}
parallelismSelector::VERBO:        - MaxEndCycle: {1: 2622465}
parallelismSelector::VERBO:        - Critical path: for.body, for.end, newFuncRoot, for.end22
parallelismSelector::VERBO: 
parallelismSelector::VERBO: Analyzing Function "dft" (FunctionId 223):
parallelismSelector::VERBO:     MARegionScheduler::finalize():
parallelismSelector::VERBO:        - Function: _Z3dftPfS_S_S_
parallelismSelector::VERBO:          - EndCycles: codeRepl -> {1: 2622467}
parallelismSelector::VERBO:          - EndCycles: for.end22_iso4 -> {1: 2622467}
parallelismSelector::VERBO:          - EndCycles: entry -> {1: 1}
parallelismSelector::VERBO:        - MaxEndCycle: {1: 2622467}
parallelismSelector::VERBO:        - Critical path: codeRepl, for.end22_iso4, entry
parallelismSelector::VERBO: 
parallelismSelector::VERBO: Filling in latencies and intervals per loop...
parallelismSelector::VERBO:     Initiation Interval:
parallelismSelector::VERBO:     LoopId: 4, Label: INNER_LOOP, TC: 1024, IL: {8: 13}, IIMem: {8: 1}, IIDep 0
parallelismSelector::VERBO:     	unroll 8 Cycles: 20
parallelismSelector::VERBO:     Latency:
parallelismSelector::VERBO:     LoopId: 4, Label: INNER_LOOP, TC: 1024, IL: {8: 13}, IIMem: {8: 1}, IIDep 0
parallelismSelector::VERBO:     	unroll 8 Cycles: 2560
parallelismSelector::VERBO:     Mem Interval:
parallelismSelector::VERBO:     Interval:
parallelismSelector::VERBO:     Initiation Interval:
parallelismSelector::VERBO:     LoopId: 3, Label: OUTER_LOOP, TC: 1024, IL: {1: 2561}, IIMem: {1: 0.5}, IIDep 6
parallelismSelector::VERBO:     	unroll 1 Cycles: 2561
parallelismSelector::VERBO:     Latency:
parallelismSelector::VERBO:     LoopId: 3, Label: OUTER_LOOP, TC: 1024, IL: {1: 2561}, IIMem: {1: 0.5}, IIDep 6
parallelismSelector::VERBO:     	unroll 1 Cycles: 2622464
parallelismSelector::VERBO:     Mem Interval:
parallelismSelector::VERBO:     Interval:
parallelismSelector::VERBO: [AreaEstimationVisitor] Func: _Z3dftPfS_S_S_ : 223
parallelismSelector::VERBO: [AreaEstimationVisitor] CallSite: CS(8 F=224) (32->28)(33->29)(34->30)(35->31)
parallelismSelector::VERBO:   New Equivalence table
                             Object with value: 32 is mapped to the object with value: 28
                             Object with value: 33 is mapped to the object with value: 29
                             Object with value: 34 is mapped to the object with value: 30
                             Object with value: 35 is mapped to the object with value: 31
                            
parallelismSelector::VERBO: [AreaEstimationVisitor] Func: Outline_T3_F223_R2_Loop : 224
parallelismSelector::VERBO: [AreaEstimationVisitor] Loop: 3
parallelismSelector::VERBO: [AreaEstimationVisitor] Loop: 4
parallelismSelector::VERBO: [Finalize] Self shareable area: LUTs: 2620 FFs: 1218 DSPs: 18 BRAMs: 0
parallelismSelector::VERBO: [Finalize] ParallelOperationNumPerLoop: {4: 2}
parallelismSelector::VERBO: [Finalize] Contribution of this loop to shareable area: LUTs: 5240 FFs: 2436 DSPs: 36 BRAMs: 0
parallelismSelector::VERBO: [AreaEstimationVisitor] Total shareable area: LUTs: 5240 FFs: 2436 DSPs: 36 BRAMs: 0 Total unshareable area: LUTs: 1152 FFs: 0 DSPs: 0 BRAMs: 0
parallelismSelector::VERBO: [AreaEstimationVisitor] Self shareable area: LUTs: 2620 FFs: 1218 DSPs: 18 BRAMs: 0 Self unshareable area: LUTs: 69 FFs: 0 DSPs: 0 BRAMs: 0
parallelismSelector::VERBO: [visitNestedHeader] Adding nested shareable area from loop(id) 4 LUTs: 5240 FFs: 2436 DSPs: 36 BRAMs: 0
parallelismSelector::VERBO: [Finalize] Self shareable area: LUTs: 0 FFs: 0 DSPs: 0 BRAMs: 0
parallelismSelector::VERBO: [Finalize] ParallelOperationNumPerLoop: {3: 1}
parallelismSelector::VERBO: [Finalize] Contribution of this loop to shareable area: LUTs: 0 FFs: 0 DSPs: 0 BRAMs: 0
parallelismSelector::VERBO: [AreaEstimationVisitor] Total shareable area: LUTs: 5240 FFs: 2436 DSPs: 36 BRAMs: 0 Total unshareable area: LUTs: 1214 FFs: 0 DSPs: 0 BRAMs: 0
parallelismSelector::VERBO: [AreaEstimationVisitor] Self shareable area: LUTs: 0 FFs: 0 DSPs: 0 BRAMs: 0 Self unshareable area: LUTs: 6 FFs: 0 DSPs: 0 BRAMs: 0
parallelismSelector::VERBO: [Finalize] Self shareable area: LUTs: 0 FFs: 0 DSPs: 0 BRAMs: 0
parallelismSelector::VERBO: [AreaEstimationVisitor] Total shareable area: LUTs: 5240 FFs: 2436 DSPs: 36 BRAMs: 0 Total unshareable area: LUTs: 1214 FFs: 0 DSPs: 0 BRAMs: 0
parallelismSelector::VERBO: [AreaEstimationVisitor] Self shareable area: LUTs: 0 FFs: 0 DSPs: 0 BRAMs: 0 Self unshareable area: LUTs: 0 FFs: 0 DSPs: 0 BRAMs: 0
parallelismSelector::VERBO: [Finalize] Self shareable area: LUTs: 0 FFs: 0 DSPs: 0 BRAMs: 0
parallelismSelector::VERBO: [AreaEstimationVisitor] Total shareable area: LUTs: 0 FFs: 0 DSPs: 0 BRAMs: 0 Total unshareable area: LUTs: 0 FFs: 0 DSPs: 0 BRAMs: 0
parallelismSelector::VERBO: [AreaEstimationVisitor] Self shareable area: LUTs: 0 FFs: 0 DSPs: 0 BRAMs: 0 Self unshareable area: LUTs: 0 FFs: 0 DSPs: 0 BRAMs: 0
parallelismSelector::VERBO: Calculate statically allocated area for variable ID 12
parallelismSelector::VERBO:     Array bits: 32768. Elements: 1024. Element bits: 32
parallelismSelector::VERBO:     Estimate statically allocated area assuming the BRAM resource type
parallelismSelector::VERBO:         Would allocate 2 BRAMs according to the partition factor
parallelismSelector::VERBO: Calculate statically allocated area for variable ID 13
parallelismSelector::VERBO:     Array bits: 32768. Elements: 1024. Element bits: 32
parallelismSelector::VERBO:     Estimate statically allocated area assuming the BRAM resource type
parallelismSelector::VERBO:         Would allocate 2 BRAMs according to the partition factor
parallelismSelector::VERBO: Estimated metrics for the application:
parallelismSelector::VERBO: Loop with Id 3:
parallelismSelector::VERBO:     Circuit: { i49 add16  }, Cycles: 6
parallelismSelector::VERBO:     Circuit: { i53 add19  }, Cycles: 6
parallelismSelector::VERBO:     Trip count: 1024 - 1024
parallelismSelector::VERBO:     II: 2561 - 2561
parallelismSelector::VERBO:     IsPipelinedRegion: false
parallelismSelector::VERBO:     
parallelismSelector::VERBO: Loop with Id 4:
parallelismSelector::VERBO:     Variable with Id 12 (cos_coefficients_table):
parallelismSelector::VERBO:         II mem: 1 - 4
                                    NumAvailMemPorts: 2 - 2
                                    NumRequiredMemPorts: 1 - 8
parallelismSelector::VERBO:     Variable with Id 13 (sin_coefficients_table):
parallelismSelector::VERBO:         II mem: 1 - 4
                                    NumAvailMemPorts: 2 - 2
                                    NumRequiredMemPorts: 1 - 8
parallelismSelector::VERBO:     Trip count: 128 - 128
parallelismSelector::VERBO:     II: 20 - 20
parallelismSelector::VERBO:     IsPipelinedRegion: false
parallelismSelector::VERBO:     
parallelismSelector::VERBO: Function with Id 223:
parallelismSelector::VERBO:     Interval: 2622468 - 2622468
                                Latency: 2622467 - 2622467
parallelismSelector::VERBO: Function with Id 224:
parallelismSelector::VERBO:     Interval: 2622466 - 2622466
                                Latency: 2622465 - 2622465
