
*** Running vivado
    with args -log design_1_axi_mem_intercon_imp_auto_us_0.vds -m64 -product Vivado -mode batch -messageDb vivado.pb -notrace -source design_1_axi_mem_intercon_imp_auto_us_0.tcl


****** Vivado v2024.2 (64-bit)
  **** SW Build 5239630 on Fri Nov 08 22:34:34 MST 2024
  **** IP Build 5239520 on Sun Nov 10 16:12:51 MST 2024
  **** SharedData Build 5239561 on Fri Nov 08 14:39:27 MST 2024
  **** Start of session at: Sun Dec 14 14:51:50 2025
    ** Copyright 1986-2022 Xilinx, Inc. All Rights Reserved.
    ** Copyright 2022-2024 Advanced Micro Devices, Inc. All Rights Reserved.

source design_1_axi_mem_intercon_imp_auto_us_0.tcl -notrace
create_project: Time (s): cpu = 00:00:09 ; elapsed = 00:00:10 . Memory (MB): peak = 1496.879 ; gain = 19.840 ; free physical = 7863 ; free virtual = 22375
INFO: [IP_Flow 19-234] Refreshing IP repositories
INFO: [IP_Flow 19-1700] Loaded user IP repository '/home/linux/ieng6/students/185/c3shah/chole_bhature/project_files/project5_bnn/hls_single/bnn.comp/hls/impl/ip'.
INFO: [IP_Flow 19-2313] Loaded Vivado IP repository '/software/common/Xilinx_Vitis/Vivado/2024.2/data/ip'.
INFO: [IP_Flow 19-6924] IPCACHE: Running cache check for IP inst: design_1_axi_mem_intercon_imp_auto_us_0
Command: synth_design -top design_1_axi_mem_intercon_imp_auto_us_0 -part xc7z020clg400-1 -incremental_mode off -mode out_of_context
Starting synth_design
Attempting to get a license for feature 'Synthesis' and/or device 'xc7z020'
INFO: [Common 17-349] Got license for feature 'Synthesis' and/or device 'xc7z020'
INFO: [Device 21-403] Loading part xc7z020clg400-1
INFO: [Synth 8-7079] Multithreading enabled for synth_design using a maximum of 7 processes.
INFO: [Synth 8-7078] Launching helper process for spawning children vivado processes
INFO: [Synth 8-7075] Helper process launched with PID 3502816
---------------------------------------------------------------------------------
Starting RTL Elaboration : Time (s): cpu = 00:00:07 ; elapsed = 00:00:10 . Memory (MB): peak = 2142.430 ; gain = 417.828 ; free physical = 6085 ; free virtual = 20597
---------------------------------------------------------------------------------
INFO: [Synth 8-6157] synthesizing module 'design_1_axi_mem_intercon_imp_auto_us_0' [/home/linux/ieng6/students/185/c3shah/chole_bhature/project_files/project5_bnn/hls_single/project_bnn_single/project_bnn_single.gen/sources_1/bd/design_1/ip/design_1_axi_mem_intercon_imp_auto_us_0/synth/design_1_axi_mem_intercon_imp_auto_us_0.v:53]
INFO: [Synth 8-6157] synthesizing module 'axi_dwidth_converter_v2_1_33_top' [/home/linux/ieng6/students/185/c3shah/chole_bhature/project_files/project5_bnn/hls_single/project_bnn_single/project_bnn_single.gen/sources_1/bd/design_1/ipshared/d794/hdl/axi_dwidth_converter_v2_1_vlsyn_rfs.v:14527]
INFO: [Synth 8-6157] synthesizing module 'axi_dwidth_converter_v2_1_33_axi_upsizer' [/home/linux/ieng6/students/185/c3shah/chole_bhature/project_files/project5_bnn/hls_single/project_bnn_single/project_bnn_single.gen/sources_1/bd/design_1/ipshared/d794/hdl/axi_dwidth_converter_v2_1_vlsyn_rfs.v:7025]
INFO: [Synth 8-6157] synthesizing module 'axi_dwidth_converter_v2_1_33_r_upsizer' [/home/linux/ieng6/students/185/c3shah/chole_bhature/project_files/project5_bnn/hls_single/project_bnn_single/project_bnn_single.gen/sources_1/bd/design_1/ipshared/d794/hdl/axi_dwidth_converter_v2_1_vlsyn_rfs.v:4643]
INFO: [Synth 8-6155] done synthesizing module 'axi_dwidth_converter_v2_1_33_r_upsizer' (0#1) [/home/linux/ieng6/students/185/c3shah/chole_bhature/project_files/project5_bnn/hls_single/project_bnn_single/project_bnn_single.gen/sources_1/bd/design_1/ipshared/d794/hdl/axi_dwidth_converter_v2_1_vlsyn_rfs.v:4643]
INFO: [Synth 8-6157] synthesizing module 'axi_register_slice_v2_1_33_axi_register_slice' [/home/linux/ieng6/students/185/c3shah/chole_bhature/project_files/project5_bnn/hls_single/project_bnn_single/project_bnn_single.gen/sources_1/bd/design_1/ipshared/3ee4/hdl/axi_register_slice_v2_1_vl_rfs.v:3721]
INFO: [Synth 8-6157] synthesizing module 'axi_infrastructure_v1_1_0_axi2vector' [/home/linux/ieng6/students/185/c3shah/chole_bhature/project_files/project5_bnn/hls_single/project_bnn_single/project_bnn_single.gen/sources_1/bd/design_1/ipshared/ec67/hdl/axi_infrastructure_v1_1_vl_rfs.v:59]
INFO: [Synth 8-6155] done synthesizing module 'axi_infrastructure_v1_1_0_axi2vector' (0#1) [/home/linux/ieng6/students/185/c3shah/chole_bhature/project_files/project5_bnn/hls_single/project_bnn_single/project_bnn_single.gen/sources_1/bd/design_1/ipshared/ec67/hdl/axi_infrastructure_v1_1_vl_rfs.v:59]
INFO: [Synth 8-6157] synthesizing module 'axi_infrastructure_v1_1_0_vector2axi' [/home/linux/ieng6/students/185/c3shah/chole_bhature/project_files/project5_bnn/hls_single/project_bnn_single/project_bnn_single.gen/sources_1/bd/design_1/ipshared/ec67/hdl/axi_infrastructure_v1_1_vl_rfs.v:473]
INFO: [Synth 8-6155] done synthesizing module 'axi_infrastructure_v1_1_0_vector2axi' (0#1) [/home/linux/ieng6/students/185/c3shah/chole_bhature/project_files/project5_bnn/hls_single/project_bnn_single/project_bnn_single.gen/sources_1/bd/design_1/ipshared/ec67/hdl/axi_infrastructure_v1_1_vl_rfs.v:473]
INFO: [Synth 8-6157] synthesizing module 'axi_register_slice_v2_1_33_axic_register_slice' [/home/linux/ieng6/students/185/c3shah/chole_bhature/project_files/project5_bnn/hls_single/project_bnn_single/project_bnn_single.gen/sources_1/bd/design_1/ipshared/3ee4/hdl/axi_register_slice_v2_1_vl_rfs.v:1492]
INFO: [Synth 8-6155] done synthesizing module 'axi_register_slice_v2_1_33_axic_register_slice' (0#1) [/home/linux/ieng6/students/185/c3shah/chole_bhature/project_files/project5_bnn/hls_single/project_bnn_single/project_bnn_single.gen/sources_1/bd/design_1/ipshared/3ee4/hdl/axi_register_slice_v2_1_vl_rfs.v:1492]
INFO: [Synth 8-6157] synthesizing module 'axi_register_slice_v2_1_33_axic_register_slice__parameterized0' [/home/linux/ieng6/students/185/c3shah/chole_bhature/project_files/project5_bnn/hls_single/project_bnn_single/project_bnn_single.gen/sources_1/bd/design_1/ipshared/3ee4/hdl/axi_register_slice_v2_1_vl_rfs.v:1492]
INFO: [Synth 8-6155] done synthesizing module 'axi_register_slice_v2_1_33_axic_register_slice__parameterized0' (0#1) [/home/linux/ieng6/students/185/c3shah/chole_bhature/project_files/project5_bnn/hls_single/project_bnn_single/project_bnn_single.gen/sources_1/bd/design_1/ipshared/3ee4/hdl/axi_register_slice_v2_1_vl_rfs.v:1492]
INFO: [Synth 8-6157] synthesizing module 'axi_register_slice_v2_1_33_axic_register_slice__parameterized1' [/home/linux/ieng6/students/185/c3shah/chole_bhature/project_files/project5_bnn/hls_single/project_bnn_single/project_bnn_single.gen/sources_1/bd/design_1/ipshared/3ee4/hdl/axi_register_slice_v2_1_vl_rfs.v:1492]
INFO: [Synth 8-6155] done synthesizing module 'axi_register_slice_v2_1_33_axic_register_slice__parameterized1' (0#1) [/home/linux/ieng6/students/185/c3shah/chole_bhature/project_files/project5_bnn/hls_single/project_bnn_single/project_bnn_single.gen/sources_1/bd/design_1/ipshared/3ee4/hdl/axi_register_slice_v2_1_vl_rfs.v:1492]
INFO: [Synth 8-6157] synthesizing module 'axi_register_slice_v2_1_33_axic_register_slice__parameterized2' [/home/linux/ieng6/students/185/c3shah/chole_bhature/project_files/project5_bnn/hls_single/project_bnn_single/project_bnn_single.gen/sources_1/bd/design_1/ipshared/3ee4/hdl/axi_register_slice_v2_1_vl_rfs.v:1492]
INFO: [Synth 8-6155] done synthesizing module 'axi_register_slice_v2_1_33_axic_register_slice__parameterized2' (0#1) [/home/linux/ieng6/students/185/c3shah/chole_bhature/project_files/project5_bnn/hls_single/project_bnn_single/project_bnn_single.gen/sources_1/bd/design_1/ipshared/3ee4/hdl/axi_register_slice_v2_1_vl_rfs.v:1492]
INFO: [Synth 8-6155] done synthesizing module 'axi_register_slice_v2_1_33_axi_register_slice' (0#1) [/home/linux/ieng6/students/185/c3shah/chole_bhature/project_files/project5_bnn/hls_single/project_bnn_single/project_bnn_single.gen/sources_1/bd/design_1/ipshared/3ee4/hdl/axi_register_slice_v2_1_vl_rfs.v:3721]
WARNING: [Synth 8-7071] port 'aclk2x' of module 'axi_register_slice_v2_1_33_axi_register_slice' is unconnected for instance 'mi_register_slice_inst' [/home/linux/ieng6/students/185/c3shah/chole_bhature/project_files/project5_bnn/hls_single/project_bnn_single/project_bnn_single.gen/sources_1/bd/design_1/ipshared/d794/hdl/axi_dwidth_converter_v2_1_vlsyn_rfs.v:8463]
WARNING: [Synth 8-7023] instance 'mi_register_slice_inst' of module 'axi_register_slice_v2_1_33_axi_register_slice' has 93 connections declared, but only 92 given [/home/linux/ieng6/students/185/c3shah/chole_bhature/project_files/project5_bnn/hls_single/project_bnn_single/project_bnn_single.gen/sources_1/bd/design_1/ipshared/d794/hdl/axi_dwidth_converter_v2_1_vlsyn_rfs.v:8463]
INFO: [Synth 8-6157] synthesizing module 'axi_dwidth_converter_v2_1_33_a_upsizer' [/home/linux/ieng6/students/185/c3shah/chole_bhature/project_files/project5_bnn/hls_single/project_bnn_single/project_bnn_single.gen/sources_1/bd/design_1/ipshared/d794/hdl/axi_dwidth_converter_v2_1_vlsyn_rfs.v:3594]
INFO: [Synth 8-6157] synthesizing module 'generic_baseblocks_v2_1_2_command_fifo' [/home/linux/ieng6/students/185/c3shah/chole_bhature/project_files/project5_bnn/hls_single/project_bnn_single/project_bnn_single.gen/sources_1/bd/design_1/ipshared/0c28/hdl/generic_baseblocks_v2_1_vl_rfs.v:648]
INFO: [Synth 8-6155] done synthesizing module 'generic_baseblocks_v2_1_2_command_fifo' (0#1) [/home/linux/ieng6/students/185/c3shah/chole_bhature/project_files/project5_bnn/hls_single/project_bnn_single/project_bnn_single.gen/sources_1/bd/design_1/ipshared/0c28/hdl/generic_baseblocks_v2_1_vl_rfs.v:648]
INFO: [Synth 8-6155] done synthesizing module 'axi_dwidth_converter_v2_1_33_a_upsizer' (0#1) [/home/linux/ieng6/students/185/c3shah/chole_bhature/project_files/project5_bnn/hls_single/project_bnn_single/project_bnn_single.gen/sources_1/bd/design_1/ipshared/d794/hdl/axi_dwidth_converter_v2_1_vlsyn_rfs.v:3594]
INFO: [Synth 8-6157] synthesizing module 'axi_register_slice_v2_1_33_axi_register_slice__parameterized0' [/home/linux/ieng6/students/185/c3shah/chole_bhature/project_files/project5_bnn/hls_single/project_bnn_single/project_bnn_single.gen/sources_1/bd/design_1/ipshared/3ee4/hdl/axi_register_slice_v2_1_vl_rfs.v:3721]
INFO: [Synth 8-6157] synthesizing module 'axi_infrastructure_v1_1_0_axi2vector__parameterized0' [/home/linux/ieng6/students/185/c3shah/chole_bhature/project_files/project5_bnn/hls_single/project_bnn_single/project_bnn_single.gen/sources_1/bd/design_1/ipshared/ec67/hdl/axi_infrastructure_v1_1_vl_rfs.v:59]
INFO: [Synth 8-6155] done synthesizing module 'axi_infrastructure_v1_1_0_axi2vector__parameterized0' (0#1) [/home/linux/ieng6/students/185/c3shah/chole_bhature/project_files/project5_bnn/hls_single/project_bnn_single/project_bnn_single.gen/sources_1/bd/design_1/ipshared/ec67/hdl/axi_infrastructure_v1_1_vl_rfs.v:59]
INFO: [Synth 8-6157] synthesizing module 'axi_infrastructure_v1_1_0_vector2axi__parameterized0' [/home/linux/ieng6/students/185/c3shah/chole_bhature/project_files/project5_bnn/hls_single/project_bnn_single/project_bnn_single.gen/sources_1/bd/design_1/ipshared/ec67/hdl/axi_infrastructure_v1_1_vl_rfs.v:473]
INFO: [Synth 8-6155] done synthesizing module 'axi_infrastructure_v1_1_0_vector2axi__parameterized0' (0#1) [/home/linux/ieng6/students/185/c3shah/chole_bhature/project_files/project5_bnn/hls_single/project_bnn_single/project_bnn_single.gen/sources_1/bd/design_1/ipshared/ec67/hdl/axi_infrastructure_v1_1_vl_rfs.v:473]
INFO: [Synth 8-6157] synthesizing module 'axi_register_slice_v2_1_33_axic_register_slice__parameterized3' [/home/linux/ieng6/students/185/c3shah/chole_bhature/project_files/project5_bnn/hls_single/project_bnn_single/project_bnn_single.gen/sources_1/bd/design_1/ipshared/3ee4/hdl/axi_register_slice_v2_1_vl_rfs.v:1492]
INFO: [Synth 8-6155] done synthesizing module 'axi_register_slice_v2_1_33_axic_register_slice__parameterized3' (0#1) [/home/linux/ieng6/students/185/c3shah/chole_bhature/project_files/project5_bnn/hls_single/project_bnn_single/project_bnn_single.gen/sources_1/bd/design_1/ipshared/3ee4/hdl/axi_register_slice_v2_1_vl_rfs.v:1492]
INFO: [Synth 8-6157] synthesizing module 'axi_register_slice_v2_1_33_axic_register_slice__parameterized4' [/home/linux/ieng6/students/185/c3shah/chole_bhature/project_files/project5_bnn/hls_single/project_bnn_single/project_bnn_single.gen/sources_1/bd/design_1/ipshared/3ee4/hdl/axi_register_slice_v2_1_vl_rfs.v:1492]
INFO: [Synth 8-6155] done synthesizing module 'axi_register_slice_v2_1_33_axic_register_slice__parameterized4' (0#1) [/home/linux/ieng6/students/185/c3shah/chole_bhature/project_files/project5_bnn/hls_single/project_bnn_single/project_bnn_single.gen/sources_1/bd/design_1/ipshared/3ee4/hdl/axi_register_slice_v2_1_vl_rfs.v:1492]
INFO: [Synth 8-6157] synthesizing module 'axi_register_slice_v2_1_33_axic_register_slice__parameterized5' [/home/linux/ieng6/students/185/c3shah/chole_bhature/project_files/project5_bnn/hls_single/project_bnn_single/project_bnn_single.gen/sources_1/bd/design_1/ipshared/3ee4/hdl/axi_register_slice_v2_1_vl_rfs.v:1492]
INFO: [Synth 8-6155] done synthesizing module 'axi_register_slice_v2_1_33_axic_register_slice__parameterized5' (0#1) [/home/linux/ieng6/students/185/c3shah/chole_bhature/project_files/project5_bnn/hls_single/project_bnn_single/project_bnn_single.gen/sources_1/bd/design_1/ipshared/3ee4/hdl/axi_register_slice_v2_1_vl_rfs.v:1492]
INFO: [Synth 8-6155] done synthesizing module 'axi_register_slice_v2_1_33_axi_register_slice__parameterized0' (0#1) [/home/linux/ieng6/students/185/c3shah/chole_bhature/project_files/project5_bnn/hls_single/project_bnn_single/project_bnn_single.gen/sources_1/bd/design_1/ipshared/3ee4/hdl/axi_register_slice_v2_1_vl_rfs.v:3721]
WARNING: [Synth 8-7071] port 'aclk2x' of module 'axi_register_slice_v2_1_33_axi_register_slice' is unconnected for instance 'si_register_slice_inst' [/home/linux/ieng6/students/185/c3shah/chole_bhature/project_files/project5_bnn/hls_single/project_bnn_single/project_bnn_single.gen/sources_1/bd/design_1/ipshared/d794/hdl/axi_dwidth_converter_v2_1_vlsyn_rfs.v:7367]
WARNING: [Synth 8-7023] instance 'si_register_slice_inst' of module 'axi_register_slice_v2_1_33_axi_register_slice' has 93 connections declared, but only 92 given [/home/linux/ieng6/students/185/c3shah/chole_bhature/project_files/project5_bnn/hls_single/project_bnn_single/project_bnn_single.gen/sources_1/bd/design_1/ipshared/d794/hdl/axi_dwidth_converter_v2_1_vlsyn_rfs.v:7367]
INFO: [Synth 8-6155] done synthesizing module 'axi_dwidth_converter_v2_1_33_axi_upsizer' (0#1) [/home/linux/ieng6/students/185/c3shah/chole_bhature/project_files/project5_bnn/hls_single/project_bnn_single/project_bnn_single.gen/sources_1/bd/design_1/ipshared/d794/hdl/axi_dwidth_converter_v2_1_vlsyn_rfs.v:7025]
INFO: [Synth 8-6155] done synthesizing module 'axi_dwidth_converter_v2_1_33_top' (0#1) [/home/linux/ieng6/students/185/c3shah/chole_bhature/project_files/project5_bnn/hls_single/project_bnn_single/project_bnn_single.gen/sources_1/bd/design_1/ipshared/d794/hdl/axi_dwidth_converter_v2_1_vlsyn_rfs.v:14527]
INFO: [Synth 8-6155] done synthesizing module 'design_1_axi_mem_intercon_imp_auto_us_0' (0#1) [/home/linux/ieng6/students/185/c3shah/chole_bhature/project_files/project5_bnn/hls_single/project_bnn_single/project_bnn_single.gen/sources_1/bd/design_1/ip/design_1_axi_mem_intercon_imp_auto_us_0/synth/design_1_axi_mem_intercon_imp_auto_us_0.v:53]
WARNING: [Synth 8-7129] Port ACLK in module axi_register_slice_v2_1_33_axic_register_slice__parameterized3 is either unconnected or has no load
WARNING: [Synth 8-7129] Port ARESET in module axi_register_slice_v2_1_33_axic_register_slice__parameterized3 is either unconnected or has no load
WARNING: [Synth 8-7129] Port m_axi_buser[0] in module axi_infrastructure_v1_1_0_vector2axi__parameterized0 is either unconnected or has no load
WARNING: [Synth 8-7129] Port m_axi_ruser[0] in module axi_infrastructure_v1_1_0_vector2axi__parameterized0 is either unconnected or has no load
WARNING: [Synth 8-7129] Port s_axi_awuser[0] in module axi_infrastructure_v1_1_0_axi2vector__parameterized0 is either unconnected or has no load
WARNING: [Synth 8-7129] Port s_axi_wid[0] in module axi_infrastructure_v1_1_0_axi2vector__parameterized0 is either unconnected or has no load
WARNING: [Synth 8-7129] Port s_axi_wuser[0] in module axi_infrastructure_v1_1_0_axi2vector__parameterized0 is either unconnected or has no load
WARNING: [Synth 8-7129] Port s_axi_aruser[0] in module axi_infrastructure_v1_1_0_axi2vector__parameterized0 is either unconnected or has no load
WARNING: [Synth 8-7129] Port aclk2x in module axi_register_slice_v2_1_33_axi_register_slice__parameterized0 is either unconnected or has no load
WARNING: [Synth 8-7129] Port cmd_id_ready in module axi_dwidth_converter_v2_1_33_a_upsizer is either unconnected or has no load
WARNING: [Synth 8-7129] Port S_AXI_AID[0] in module axi_dwidth_converter_v2_1_33_a_upsizer is either unconnected or has no load
WARNING: [Synth 8-7129] Port m_axi_buser[0] in module axi_infrastructure_v1_1_0_vector2axi is either unconnected or has no load
WARNING: [Synth 8-7129] Port m_axi_ruser[0] in module axi_infrastructure_v1_1_0_vector2axi is either unconnected or has no load
WARNING: [Synth 8-7129] Port s_axi_awuser[0] in module axi_infrastructure_v1_1_0_axi2vector is either unconnected or has no load
WARNING: [Synth 8-7129] Port s_axi_wid[0] in module axi_infrastructure_v1_1_0_axi2vector is either unconnected or has no load
WARNING: [Synth 8-7129] Port s_axi_wuser[0] in module axi_infrastructure_v1_1_0_axi2vector is either unconnected or has no load
WARNING: [Synth 8-7129] Port s_axi_aruser[0] in module axi_infrastructure_v1_1_0_axi2vector is either unconnected or has no load
WARNING: [Synth 8-7129] Port aclk2x in module axi_register_slice_v2_1_33_axi_register_slice is either unconnected or has no load
WARNING: [Synth 8-7129] Port s_axi_awlock[1] in module axi_dwidth_converter_v2_1_33_axi_upsizer is either unconnected or has no load
WARNING: [Synth 8-7129] Port s_axi_wdata[31] in module axi_dwidth_converter_v2_1_33_axi_upsizer is either unconnected or has no load
WARNING: [Synth 8-7129] Port s_axi_wdata[30] in module axi_dwidth_converter_v2_1_33_axi_upsizer is either unconnected or has no load
WARNING: [Synth 8-7129] Port s_axi_wdata[29] in module axi_dwidth_converter_v2_1_33_axi_upsizer is either unconnected or has no load
WARNING: [Synth 8-7129] Port s_axi_wdata[28] in module axi_dwidth_converter_v2_1_33_axi_upsizer is either unconnected or has no load
WARNING: [Synth 8-7129] Port s_axi_wdata[27] in module axi_dwidth_converter_v2_1_33_axi_upsizer is either unconnected or has no load
WARNING: [Synth 8-7129] Port s_axi_wdata[26] in module axi_dwidth_converter_v2_1_33_axi_upsizer is either unconnected or has no load
WARNING: [Synth 8-7129] Port s_axi_wdata[25] in module axi_dwidth_converter_v2_1_33_axi_upsizer is either unconnected or has no load
WARNING: [Synth 8-7129] Port s_axi_wdata[24] in module axi_dwidth_converter_v2_1_33_axi_upsizer is either unconnected or has no load
WARNING: [Synth 8-7129] Port s_axi_wdata[23] in module axi_dwidth_converter_v2_1_33_axi_upsizer is either unconnected or has no load
WARNING: [Synth 8-7129] Port s_axi_wdata[22] in module axi_dwidth_converter_v2_1_33_axi_upsizer is either unconnected or has no load
WARNING: [Synth 8-7129] Port s_axi_wdata[21] in module axi_dwidth_converter_v2_1_33_axi_upsizer is either unconnected or has no load
WARNING: [Synth 8-7129] Port s_axi_wdata[20] in module axi_dwidth_converter_v2_1_33_axi_upsizer is either unconnected or has no load
WARNING: [Synth 8-7129] Port s_axi_wdata[19] in module axi_dwidth_converter_v2_1_33_axi_upsizer is either unconnected or has no load
WARNING: [Synth 8-7129] Port s_axi_wdata[18] in module axi_dwidth_converter_v2_1_33_axi_upsizer is either unconnected or has no load
WARNING: [Synth 8-7129] Port s_axi_wdata[17] in module axi_dwidth_converter_v2_1_33_axi_upsizer is either unconnected or has no load
WARNING: [Synth 8-7129] Port s_axi_wdata[16] in module axi_dwidth_converter_v2_1_33_axi_upsizer is either unconnected or has no load
WARNING: [Synth 8-7129] Port s_axi_wdata[15] in module axi_dwidth_converter_v2_1_33_axi_upsizer is either unconnected or has no load
WARNING: [Synth 8-7129] Port s_axi_wdata[14] in module axi_dwidth_converter_v2_1_33_axi_upsizer is either unconnected or has no load
WARNING: [Synth 8-7129] Port s_axi_wdata[13] in module axi_dwidth_converter_v2_1_33_axi_upsizer is either unconnected or has no load
WARNING: [Synth 8-7129] Port s_axi_wdata[12] in module axi_dwidth_converter_v2_1_33_axi_upsizer is either unconnected or has no load
WARNING: [Synth 8-7129] Port s_axi_wdata[11] in module axi_dwidth_converter_v2_1_33_axi_upsizer is either unconnected or has no load
WARNING: [Synth 8-7129] Port s_axi_wdata[10] in module axi_dwidth_converter_v2_1_33_axi_upsizer is either unconnected or has no load
WARNING: [Synth 8-7129] Port s_axi_wdata[9] in module axi_dwidth_converter_v2_1_33_axi_upsizer is either unconnected or has no load
WARNING: [Synth 8-7129] Port s_axi_wdata[8] in module axi_dwidth_converter_v2_1_33_axi_upsizer is either unconnected or has no load
WARNING: [Synth 8-7129] Port s_axi_wdata[7] in module axi_dwidth_converter_v2_1_33_axi_upsizer is either unconnected or has no load
WARNING: [Synth 8-7129] Port s_axi_wdata[6] in module axi_dwidth_converter_v2_1_33_axi_upsizer is either unconnected or has no load
WARNING: [Synth 8-7129] Port s_axi_wdata[5] in module axi_dwidth_converter_v2_1_33_axi_upsizer is either unconnected or has no load
WARNING: [Synth 8-7129] Port s_axi_wdata[4] in module axi_dwidth_converter_v2_1_33_axi_upsizer is either unconnected or has no load
WARNING: [Synth 8-7129] Port s_axi_wdata[3] in module axi_dwidth_converter_v2_1_33_axi_upsizer is either unconnected or has no load
WARNING: [Synth 8-7129] Port s_axi_wdata[2] in module axi_dwidth_converter_v2_1_33_axi_upsizer is either unconnected or has no load
WARNING: [Synth 8-7129] Port s_axi_wdata[1] in module axi_dwidth_converter_v2_1_33_axi_upsizer is either unconnected or has no load
WARNING: [Synth 8-7129] Port s_axi_wdata[0] in module axi_dwidth_converter_v2_1_33_axi_upsizer is either unconnected or has no load
WARNING: [Synth 8-7129] Port s_axi_wstrb[3] in module axi_dwidth_converter_v2_1_33_axi_upsizer is either unconnected or has no load
WARNING: [Synth 8-7129] Port s_axi_wstrb[2] in module axi_dwidth_converter_v2_1_33_axi_upsizer is either unconnected or has no load
WARNING: [Synth 8-7129] Port s_axi_wstrb[1] in module axi_dwidth_converter_v2_1_33_axi_upsizer is either unconnected or has no load
WARNING: [Synth 8-7129] Port s_axi_wstrb[0] in module axi_dwidth_converter_v2_1_33_axi_upsizer is either unconnected or has no load
WARNING: [Synth 8-7129] Port s_axi_wlast in module axi_dwidth_converter_v2_1_33_axi_upsizer is either unconnected or has no load
WARNING: [Synth 8-7129] Port s_axi_wvalid in module axi_dwidth_converter_v2_1_33_axi_upsizer is either unconnected or has no load
WARNING: [Synth 8-7129] Port s_axi_bready in module axi_dwidth_converter_v2_1_33_axi_upsizer is either unconnected or has no load
WARNING: [Synth 8-7129] Port s_axi_arlock[1] in module axi_dwidth_converter_v2_1_33_axi_upsizer is either unconnected or has no load
WARNING: [Synth 8-7129] Port m_axi_aresetn in module axi_dwidth_converter_v2_1_33_axi_upsizer is either unconnected or has no load
WARNING: [Synth 8-7129] Port m_axi_aclk in module axi_dwidth_converter_v2_1_33_axi_upsizer is either unconnected or has no load
WARNING: [Synth 8-7129] Port m_axi_awready in module axi_dwidth_converter_v2_1_33_axi_upsizer is either unconnected or has no load
WARNING: [Synth 8-7129] Port m_axi_wready in module axi_dwidth_converter_v2_1_33_axi_upsizer is either unconnected or has no load
WARNING: [Synth 8-7129] Port m_axi_bresp[1] in module axi_dwidth_converter_v2_1_33_axi_upsizer is either unconnected or has no load
WARNING: [Synth 8-7129] Port m_axi_bresp[0] in module axi_dwidth_converter_v2_1_33_axi_upsizer is either unconnected or has no load
WARNING: [Synth 8-7129] Port m_axi_bvalid in module axi_dwidth_converter_v2_1_33_axi_upsizer is either unconnected or has no load
---------------------------------------------------------------------------------
Finished RTL Elaboration : Time (s): cpu = 00:00:13 ; elapsed = 00:00:16 . Memory (MB): peak = 2341.406 ; gain = 616.805 ; free physical = 5886 ; free virtual = 20400
---------------------------------------------------------------------------------
---------------------------------------------------------------------------------
Start Handling Custom Attributes
---------------------------------------------------------------------------------
---------------------------------------------------------------------------------
Finished Handling Custom Attributes : Time (s): cpu = 00:00:13 ; elapsed = 00:00:17 . Memory (MB): peak = 2341.406 ; gain = 616.805 ; free physical = 5886 ; free virtual = 20400
---------------------------------------------------------------------------------
---------------------------------------------------------------------------------
Finished RTL Optimization Phase 1 : Time (s): cpu = 00:00:13 ; elapsed = 00:00:17 . Memory (MB): peak = 2341.406 ; gain = 616.805 ; free physical = 5886 ; free virtual = 20400
---------------------------------------------------------------------------------
Netlist sorting complete. Time (s): cpu = 00:00:00.04 ; elapsed = 00:00:00.04 . Memory (MB): peak = 2341.406 ; gain = 0.000 ; free physical = 5886 ; free virtual = 20400
INFO: [Project 1-570] Preparing netlist for logic optimization

Processing XDC Constraints
Initializing timing engine
Parsing XDC File [/home/linux/ieng6/students/185/c3shah/chole_bhature/project_files/project5_bnn/hls_single/project_bnn_single/project_bnn_single.gen/sources_1/bd/design_1/ip/design_1_axi_mem_intercon_imp_auto_us_0/design_1_axi_mem_intercon_imp_auto_us_0_ooc.xdc] for cell 'inst'
Finished Parsing XDC File [/home/linux/ieng6/students/185/c3shah/chole_bhature/project_files/project5_bnn/hls_single/project_bnn_single/project_bnn_single.gen/sources_1/bd/design_1/ip/design_1_axi_mem_intercon_imp_auto_us_0/design_1_axi_mem_intercon_imp_auto_us_0_ooc.xdc] for cell 'inst'
Parsing XDC File [/home/linux/ieng6/students/185/c3shah/chole_bhature/project_files/project5_bnn/hls_single/project_bnn_single/project_bnn_single.runs/design_1_axi_mem_intercon_imp_auto_us_0_synth_1/dont_touch.xdc]
Finished Parsing XDC File [/home/linux/ieng6/students/185/c3shah/chole_bhature/project_files/project5_bnn/hls_single/project_bnn_single/project_bnn_single.runs/design_1_axi_mem_intercon_imp_auto_us_0_synth_1/dont_touch.xdc]
Completed Processing XDC Constraints

Netlist sorting complete. Time (s): cpu = 00:00:00 ; elapsed = 00:00:00 . Memory (MB): peak = 2442.250 ; gain = 0.000 ; free physical = 5872 ; free virtual = 20386
INFO: [Project 1-111] Unisim Transformation Summary:
No Unisim elements were transformed.

Constraint Validation Runtime : Time (s): cpu = 00:00:00.07 ; elapsed = 00:00:00.06 . Memory (MB): peak = 2442.250 ; gain = 0.000 ; free physical = 5872 ; free virtual = 20386
INFO: [Designutils 20-5008] Incremental synthesis strategy off
---------------------------------------------------------------------------------
Finished Constraint Validation : Time (s): cpu = 00:00:23 ; elapsed = 00:00:27 . Memory (MB): peak = 2442.250 ; gain = 717.648 ; free physical = 5870 ; free virtual = 20385
---------------------------------------------------------------------------------
---------------------------------------------------------------------------------
Start Loading Part and Timing Information
---------------------------------------------------------------------------------
Loading part: xc7z020clg400-1
---------------------------------------------------------------------------------
Finished Loading Part and Timing Information : Time (s): cpu = 00:00:23 ; elapsed = 00:00:27 . Memory (MB): peak = 2450.254 ; gain = 725.652 ; free physical = 5870 ; free virtual = 20385
---------------------------------------------------------------------------------
---------------------------------------------------------------------------------
Start Applying 'set_property' XDC Constraints
---------------------------------------------------------------------------------
Applied set_property KEEP_HIERARCHY = SOFT for inst. (constraint file  /home/linux/ieng6/students/185/c3shah/chole_bhature/project_files/project5_bnn/hls_single/project_bnn_single/project_bnn_single.runs/design_1_axi_mem_intercon_imp_auto_us_0_synth_1/dont_touch.xdc, line 9).
---------------------------------------------------------------------------------
Finished applying 'set_property' XDC Constraints : Time (s): cpu = 00:00:23 ; elapsed = 00:00:27 . Memory (MB): peak = 2450.254 ; gain = 725.652 ; free physical = 5870 ; free virtual = 20385
---------------------------------------------------------------------------------
---------------------------------------------------------------------------------
Finished RTL Optimization Phase 2 : Time (s): cpu = 00:00:24 ; elapsed = 00:00:28 . Memory (MB): peak = 2450.254 ; gain = 725.652 ; free physical = 5870 ; free virtual = 20386
---------------------------------------------------------------------------------
---------------------------------------------------------------------------------
Start RTL Component Statistics 
---------------------------------------------------------------------------------
Detailed RTL Component Info : 
+---Adders : 
	   2 Input    8 Bit       Adders := 2     
	   2 Input    5 Bit       Adders := 1     
	   2 Input    4 Bit       Adders := 1     
	   2 Input    3 Bit       Adders := 2     
+---Registers : 
	               73 Bit    Registers := 2     
	               68 Bit    Registers := 2     
	               64 Bit    Registers := 1     
	               62 Bit    Registers := 3     
	               37 Bit    Registers := 2     
	               36 Bit    Registers := 2     
	               30 Bit    Registers := 1     
	                8 Bit    Registers := 1     
	                5 Bit    Registers := 1     
	                3 Bit    Registers := 4     
	                2 Bit    Registers := 10    
	                1 Bit    Registers := 26    
+---Muxes : 
	   2 Input   73 Bit        Muxes := 2     
	   2 Input   68 Bit        Muxes := 2     
	   2 Input   37 Bit        Muxes := 2     
	   2 Input   36 Bit        Muxes := 2     
	   2 Input   32 Bit        Muxes := 6     
	   2 Input    8 Bit        Muxes := 3     
	   8 Input    8 Bit        Muxes := 2     
	   2 Input    3 Bit        Muxes := 5     
	   8 Input    3 Bit        Muxes := 3     
	   2 Input    2 Bit        Muxes := 4     
	   2 Input    1 Bit        Muxes := 13    
---------------------------------------------------------------------------------
Finished RTL Component Statistics 
---------------------------------------------------------------------------------
---------------------------------------------------------------------------------
Start Part Resource Summary
---------------------------------------------------------------------------------
Part Resources:
DSPs: 220 (col length:60)
BRAMs: 280 (col length: RAMB18 60 RAMB36 30)
---------------------------------------------------------------------------------
Finished Part Resource Summary
---------------------------------------------------------------------------------
---------------------------------------------------------------------------------
Start Cross Boundary and Area Optimization
---------------------------------------------------------------------------------
WARNING: [Synth 8-7080] Parallel synthesis criteria is not met
INFO: [Synth 8-3936] Found unconnected internal register 'gen_upsizer.gen_full_upsizer.axi_upsizer_inst/USE_READ.gen_non_fifo_r_upsizer.mi_register_slice_inst/r.r_pipe/m_payload_i_reg' and it is trimmed from '68' to '67' bits. [/home/linux/ieng6/students/185/c3shah/chole_bhature/project_files/project5_bnn/hls_single/project_bnn_single/project_bnn_single.gen/sources_1/bd/design_1/ipshared/3ee4/hdl/axi_register_slice_v2_1_vl_rfs.v:1726]
WARNING: [Synth 8-7129] Port s_axi_awid[0] in module axi_dwidth_converter_v2_1_33_top is either unconnected or has no load
WARNING: [Synth 8-7129] Port s_axi_awaddr[31] in module axi_dwidth_converter_v2_1_33_top is either unconnected or has no load
WARNING: [Synth 8-7129] Port s_axi_awaddr[30] in module axi_dwidth_converter_v2_1_33_top is either unconnected or has no load
WARNING: [Synth 8-7129] Port s_axi_awaddr[29] in module axi_dwidth_converter_v2_1_33_top is either unconnected or has no load
WARNING: [Synth 8-7129] Port s_axi_awaddr[28] in module axi_dwidth_converter_v2_1_33_top is either unconnected or has no load
WARNING: [Synth 8-7129] Port s_axi_awaddr[27] in module axi_dwidth_converter_v2_1_33_top is either unconnected or has no load
WARNING: [Synth 8-7129] Port s_axi_awaddr[26] in module axi_dwidth_converter_v2_1_33_top is either unconnected or has no load
WARNING: [Synth 8-7129] Port s_axi_awaddr[25] in module axi_dwidth_converter_v2_1_33_top is either unconnected or has no load
WARNING: [Synth 8-7129] Port s_axi_awaddr[24] in module axi_dwidth_converter_v2_1_33_top is either unconnected or has no load
WARNING: [Synth 8-7129] Port s_axi_awaddr[23] in module axi_dwidth_converter_v2_1_33_top is either unconnected or has no load
WARNING: [Synth 8-7129] Port s_axi_awaddr[22] in module axi_dwidth_converter_v2_1_33_top is either unconnected or has no load
WARNING: [Synth 8-7129] Port s_axi_awaddr[21] in module axi_dwidth_converter_v2_1_33_top is either unconnected or has no load
WARNING: [Synth 8-7129] Port s_axi_awaddr[20] in module axi_dwidth_converter_v2_1_33_top is either unconnected or has no load
WARNING: [Synth 8-7129] Port s_axi_awaddr[19] in module axi_dwidth_converter_v2_1_33_top is either unconnected or has no load
WARNING: [Synth 8-7129] Port s_axi_awaddr[18] in module axi_dwidth_converter_v2_1_33_top is either unconnected or has no load
WARNING: [Synth 8-7129] Port s_axi_awaddr[17] in module axi_dwidth_converter_v2_1_33_top is either unconnected or has no load
WARNING: [Synth 8-7129] Port s_axi_awaddr[16] in module axi_dwidth_converter_v2_1_33_top is either unconnected or has no load
WARNING: [Synth 8-7129] Port s_axi_awaddr[15] in module axi_dwidth_converter_v2_1_33_top is either unconnected or has no load
WARNING: [Synth 8-7129] Port s_axi_awaddr[14] in module axi_dwidth_converter_v2_1_33_top is either unconnected or has no load
WARNING: [Synth 8-7129] Port s_axi_awaddr[13] in module axi_dwidth_converter_v2_1_33_top is either unconnected or has no load
WARNING: [Synth 8-7129] Port s_axi_awaddr[12] in module axi_dwidth_converter_v2_1_33_top is either unconnected or has no load
WARNING: [Synth 8-7129] Port s_axi_awaddr[11] in module axi_dwidth_converter_v2_1_33_top is either unconnected or has no load
WARNING: [Synth 8-7129] Port s_axi_awaddr[10] in module axi_dwidth_converter_v2_1_33_top is either unconnected or has no load
WARNING: [Synth 8-7129] Port s_axi_awaddr[9] in module axi_dwidth_converter_v2_1_33_top is either unconnected or has no load
WARNING: [Synth 8-7129] Port s_axi_awaddr[8] in module axi_dwidth_converter_v2_1_33_top is either unconnected or has no load
WARNING: [Synth 8-7129] Port s_axi_awaddr[7] in module axi_dwidth_converter_v2_1_33_top is either unconnected or has no load
WARNING: [Synth 8-7129] Port s_axi_awaddr[6] in module axi_dwidth_converter_v2_1_33_top is either unconnected or has no load
WARNING: [Synth 8-7129] Port s_axi_awaddr[5] in module axi_dwidth_converter_v2_1_33_top is either unconnected or has no load
WARNING: [Synth 8-7129] Port s_axi_awaddr[4] in module axi_dwidth_converter_v2_1_33_top is either unconnected or has no load
WARNING: [Synth 8-7129] Port s_axi_awaddr[3] in module axi_dwidth_converter_v2_1_33_top is either unconnected or has no load
WARNING: [Synth 8-7129] Port s_axi_awaddr[2] in module axi_dwidth_converter_v2_1_33_top is either unconnected or has no load
WARNING: [Synth 8-7129] Port s_axi_awaddr[1] in module axi_dwidth_converter_v2_1_33_top is either unconnected or has no load
WARNING: [Synth 8-7129] Port s_axi_awaddr[0] in module axi_dwidth_converter_v2_1_33_top is either unconnected or has no load
WARNING: [Synth 8-7129] Port s_axi_awlen[7] in module axi_dwidth_converter_v2_1_33_top is either unconnected or has no load
INFO: [Common 17-14] Message 'Synth 8-7129' appears 100 times and further instances of the messages will be disabled. Use the Tcl command set_msg_config to change the current settings.
---------------------------------------------------------------------------------
Finished Cross Boundary and Area Optimization : Time (s): cpu = 00:00:28 ; elapsed = 00:00:32 . Memory (MB): peak = 2450.254 ; gain = 725.652 ; free physical = 5825 ; free virtual = 20341
---------------------------------------------------------------------------------
---------------------------------------------------------------------------------
Start Applying XDC Timing Constraints
---------------------------------------------------------------------------------
---------------------------------------------------------------------------------
Finished Applying XDC Timing Constraints : Time (s): cpu = 00:00:35 ; elapsed = 00:00:40 . Memory (MB): peak = 2450.254 ; gain = 725.652 ; free physical = 5824 ; free virtual = 20340
---------------------------------------------------------------------------------
---------------------------------------------------------------------------------
Start Timing Optimization
---------------------------------------------------------------------------------
---------------------------------------------------------------------------------
Finished Timing Optimization : Time (s): cpu = 00:00:36 ; elapsed = 00:00:41 . Memory (MB): peak = 2450.254 ; gain = 725.652 ; free physical = 5809 ; free virtual = 20325
---------------------------------------------------------------------------------
---------------------------------------------------------------------------------
Start Technology Mapping
---------------------------------------------------------------------------------
---------------------------------------------------------------------------------
Finished Technology Mapping : Time (s): cpu = 00:00:36 ; elapsed = 00:00:41 . Memory (MB): peak = 2450.254 ; gain = 725.652 ; free physical = 5809 ; free virtual = 20325
---------------------------------------------------------------------------------
---------------------------------------------------------------------------------
Start IO Insertion
---------------------------------------------------------------------------------
---------------------------------------------------------------------------------
Start Flattening Before IO Insertion
---------------------------------------------------------------------------------
---------------------------------------------------------------------------------
Finished Flattening Before IO Insertion
---------------------------------------------------------------------------------
---------------------------------------------------------------------------------
Start Final Netlist Cleanup
---------------------------------------------------------------------------------
---------------------------------------------------------------------------------
Finished Final Netlist Cleanup
---------------------------------------------------------------------------------
---------------------------------------------------------------------------------
Finished IO Insertion : Time (s): cpu = 00:00:41 ; elapsed = 00:00:46 . Memory (MB): peak = 2600.066 ; gain = 875.465 ; free physical = 5594 ; free virtual = 20110
---------------------------------------------------------------------------------
---------------------------------------------------------------------------------
Start Renaming Generated Instances
---------------------------------------------------------------------------------
---------------------------------------------------------------------------------
Finished Renaming Generated Instances : Time (s): cpu = 00:00:41 ; elapsed = 00:00:46 . Memory (MB): peak = 2600.066 ; gain = 875.465 ; free physical = 5594 ; free virtual = 20110
---------------------------------------------------------------------------------
---------------------------------------------------------------------------------
Start Rebuilding User Hierarchy
---------------------------------------------------------------------------------
---------------------------------------------------------------------------------
Finished Rebuilding User Hierarchy : Time (s): cpu = 00:00:41 ; elapsed = 00:00:46 . Memory (MB): peak = 2600.066 ; gain = 875.465 ; free physical = 5590 ; free virtual = 20106
---------------------------------------------------------------------------------
---------------------------------------------------------------------------------
Start Renaming Generated Ports
---------------------------------------------------------------------------------
---------------------------------------------------------------------------------
Finished Renaming Generated Ports : Time (s): cpu = 00:00:41 ; elapsed = 00:00:46 . Memory (MB): peak = 2600.066 ; gain = 875.465 ; free physical = 5590 ; free virtual = 20106
---------------------------------------------------------------------------------
---------------------------------------------------------------------------------
Start Handling Custom Attributes
---------------------------------------------------------------------------------
---------------------------------------------------------------------------------
Finished Handling Custom Attributes : Time (s): cpu = 00:00:41 ; elapsed = 00:00:46 . Memory (MB): peak = 2600.066 ; gain = 875.465 ; free physical = 5590 ; free virtual = 20106
---------------------------------------------------------------------------------
---------------------------------------------------------------------------------
Start Renaming Generated Nets
---------------------------------------------------------------------------------
---------------------------------------------------------------------------------
Finished Renaming Generated Nets : Time (s): cpu = 00:00:41 ; elapsed = 00:00:46 . Memory (MB): peak = 2600.066 ; gain = 875.465 ; free physical = 5590 ; free virtual = 20106
---------------------------------------------------------------------------------
---------------------------------------------------------------------------------
Start ROM, RAM, DSP, Shift Register and Retiming Reporting
---------------------------------------------------------------------------------

Dynamic Shift Register Report:
+------------+-------------------------------+--------+------------+--------+---------+--------+--------+--------+
|Module Name | RTL Name                      | Length | Data Width | SRL16E | SRLC32E | Mux F7 | Mux F8 | Mux F9 | 
+------------+-------------------------------+--------+------------+--------+---------+--------+--------+--------+
|dsrl        | USE_RTL_FIFO.data_srl_reg[31] | 30     | 30         | 0      | 30      | 0      | 0      | 0      | 
|dsrl__1     | USE_RTL_FIFO.data_srl_reg[31] | 30     | 30         | 0      | 30      | 0      | 0      | 0      | 
+------------+-------------------------------+--------+------------+--------+---------+--------+--------+--------+

---------------------------------------------------------------------------------
Finished ROM, RAM, DSP, Shift Register and Retiming Reporting
---------------------------------------------------------------------------------
---------------------------------------------------------------------------------
Start Writing Synthesis Report
---------------------------------------------------------------------------------

Report BlackBoxes: 
+-+--------------+----------+
| |BlackBox name |Instances |
+-+--------------+----------+
+-+--------------+----------+

Report Cell Usage: 
+------+--------+------+
|      |Cell    |Count |
+------+--------+------+
|1     |LUT1    |     4|
|2     |LUT2    |    14|
|3     |LUT3    |    87|
|4     |LUT4    |    19|
|5     |LUT5    |    31|
|6     |LUT6    |    89|
|7     |SRLC32E |    28|
|8     |FDRE    |   320|
|9     |FDSE    |     2|
+------+--------+------+
---------------------------------------------------------------------------------
Finished Writing Synthesis Report : Time (s): cpu = 00:00:41 ; elapsed = 00:00:46 . Memory (MB): peak = 2600.066 ; gain = 875.465 ; free physical = 5590 ; free virtual = 20106
---------------------------------------------------------------------------------
Synthesis finished with 0 errors, 0 critical warnings and 108 warnings.
Synthesis Optimization Runtime : Time (s): cpu = 00:00:38 ; elapsed = 00:00:43 . Memory (MB): peak = 2600.066 ; gain = 774.621 ; free physical = 5574 ; free virtual = 20090
Synthesis Optimization Complete : Time (s): cpu = 00:00:41 ; elapsed = 00:00:46 . Memory (MB): peak = 2600.074 ; gain = 875.465 ; free physical = 5574 ; free virtual = 20090
INFO: [Project 1-571] Translating synthesized netlist
Netlist sorting complete. Time (s): cpu = 00:00:00.02 ; elapsed = 00:00:00.01 . Memory (MB): peak = 2600.074 ; gain = 0.000 ; free physical = 5570 ; free virtual = 20086
INFO: [Project 1-570] Preparing netlist for logic optimization
INFO: [Opt 31-138] Pushed 0 inverter(s) to 0 load pin(s).
Netlist sorting complete. Time (s): cpu = 00:00:00 ; elapsed = 00:00:00 . Memory (MB): peak = 2624.078 ; gain = 0.000 ; free physical = 5814 ; free virtual = 20330
INFO: [Project 1-111] Unisim Transformation Summary:
No Unisim elements were transformed.

Synth Design complete | Checksum: 78f9102a
INFO: [Common 17-83] Releasing license: Synthesis
57 Infos, 105 Warnings, 0 Critical Warnings and 0 Errors encountered.
synth_design completed successfully
synth_design: Time (s): cpu = 00:00:51 ; elapsed = 00:00:54 . Memory (MB): peak = 2624.078 ; gain = 1110.355 ; free physical = 5814 ; free virtual = 20330
INFO: [Common 17-2834] synth_design peak Physical Memory [PSS] (MB): overall = 1764.842; main = 1712.663; forked = 234.000
INFO: [Common 17-2834] synth_design peak Virtual Memory [VSS] (MB): overall = 3369.730; main = 2624.082; forked = 919.473
Write ShapeDB Complete: Time (s): cpu = 00:00:00 ; elapsed = 00:00:00 . Memory (MB): peak = 2648.090 ; gain = 0.000 ; free physical = 5813 ; free virtual = 20329
INFO: [Common 17-1381] The checkpoint '/home/linux/ieng6/students/185/c3shah/chole_bhature/project_files/project5_bnn/hls_single/project_bnn_single/project_bnn_single.runs/design_1_axi_mem_intercon_imp_auto_us_0_synth_1/design_1_axi_mem_intercon_imp_auto_us_0.dcp' has been generated.
INFO: [Coretcl 2-1648] Added synthesis output to IP cache for IP design_1_axi_mem_intercon_imp_auto_us_0, cache-ID = a1f4e854dde34f3e
INFO: [Coretcl 2-1174] Renamed 9 cell refs.
Write ShapeDB Complete: Time (s): cpu = 00:00:00 ; elapsed = 00:00:00.01 . Memory (MB): peak = 2648.090 ; gain = 0.000 ; free physical = 5835 ; free virtual = 20352
INFO: [Common 17-1381] The checkpoint '/home/linux/ieng6/students/185/c3shah/chole_bhature/project_files/project5_bnn/hls_single/project_bnn_single/project_bnn_single.runs/design_1_axi_mem_intercon_imp_auto_us_0_synth_1/design_1_axi_mem_intercon_imp_auto_us_0.dcp' has been generated.
INFO: [Vivado 12-24828] Executing command : report_utilization -file design_1_axi_mem_intercon_imp_auto_us_0_utilization_synth.rpt -pb design_1_axi_mem_intercon_imp_auto_us_0_utilization_synth.pb
INFO: [Common 17-206] Exiting Vivado at Sun Dec 14 14:53:03 2025...
