

================================================================
== Vitis HLS Report for 'bnn'
================================================================
* Date:           Mon Dec  8 12:55:50 2025

* Version:        2024.2 (Build 5238294 on Nov  8 2024)
* Project:        bnn.comp
* Solution:       hls (Vivado IP Flow Target)
* Product family: zynq
* Target device:  xc7z020-clg400-1


================================================================
== Performance Estimates
================================================================
+ Timing: 
    * Summary: 
    +--------+----------+----------+------------+
    |  Clock |  Target  | Estimated| Uncertainty|
    +--------+----------+----------+------------+
    |ap_clk  |  10.00 ns|  7.260 ns|     2.70 ns|
    +--------+----------+----------+------------+

+ Latency: 
    * Summary: 
    +---------+---------+----------+----------+-----+-----+----------+
    |  Latency (cycles) |  Latency (absolute) |  Interval | Pipeline |
    |   min   |   max   |    min   |    max   | min | max |   Type   |
    +---------+---------+----------+----------+-----+-----+----------+
    |      106|      106|  1.060 us|  1.060 us|  106|  106|  dataflow|
    +---------+---------+----------+----------+-----+-----+----------+

    + Detail: 
        * Instance: 
        +-----------------+--------------+---------+---------+----------+----------+-----+-----+------------------------------------------------+
        |                 |              |  Latency (cycles) |  Latency (absolute) |  Interval |                    Pipeline                    |
        |     Instance    |    Module    |   min   |   max   |    min   |    max   | min | max |                      Type                      |
        +-----------------+--------------+---------+---------+----------+----------+-----+-----+------------------------------------------------+
        |read_input_U0    |read_input    |       27|       27|  0.270 us|  0.270 us|   25|   25|  loop auto-rewind stp (delay=0 clock cycles(s))|
        |compute_L1_U0    |compute_L1    |      105|      105|  1.050 us|  1.050 us|  105|  105|                                              no|
        |compute_L2_U0    |compute_L2    |       49|       49|  0.490 us|  0.490 us|   49|   49|                                              no|
        |compute_L3_U0    |compute_L3    |       22|       22|  0.220 us|  0.220 us|   22|   22|                                              no|
        |write_output_U0  |write_output  |       11|       11|  0.110 us|  0.110 us|   10|   10|  loop auto-rewind stp (delay=0 clock cycles(s))|
        +-----------------+--------------+---------+---------+----------+----------+-----+-----+------------------------------------------------+

        * Loop: 
        N/A



================================================================
== Utilization Estimates
================================================================
* Summary: 
+-----------------+---------+-----+--------+-------+-----+
|       Name      | BRAM_18K| DSP |   FF   |  LUT  | URAM|
+-----------------+---------+-----+--------+-------+-----+
|DSP              |        -|    -|       -|      -|    -|
|Expression       |        -|    -|       0|      2|    -|
|FIFO             |        -|    -|     396|    280|    -|
|Instance         |      104|    0|   15223|  29321|    -|
|Memory           |        -|    -|       -|      -|    -|
|Multiplexer      |        -|    -|       -|      -|    -|
|Register         |        -|    -|       -|      -|    -|
+-----------------+---------+-----+--------+-------+-----+
|Total            |      104|    0|   15619|  29603|    0|
+-----------------+---------+-----+--------+-------+-----+
|Available        |      280|  220|  106400|  53200|    0|
+-----------------+---------+-----+--------+-------+-----+
|Utilization (%)  |       37|    0|      14|     55|    0|
+-----------------+---------+-----+--------+-------+-----+

+ Detail: 
    * Instance: 
    +-----------------+--------------+---------+----+-------+-------+-----+
    |     Instance    |    Module    | BRAM_18K| DSP|   FF  |  LUT  | URAM|
    +-----------------+--------------+---------+----+-------+-------+-----+
    |compute_L1_U0    |compute_L1    |      104|   0|  12687|  23025|    0|
    |compute_L2_U0    |compute_L2    |        0|   0|   1935|   4889|    0|
    |compute_L3_U0    |compute_L3    |        0|   0|    585|   1257|    0|
    |read_input_U0    |read_input    |        0|   0|     10|     86|    0|
    |write_output_U0  |write_output  |        0|   0|      6|     64|    0|
    +-----------------+--------------+---------+----+-------+-------+-----+
    |Total            |              |      104|   0|  15223|  29321|    0|
    +-----------------+--------------+---------+----+-------+-------+-----+

    * DSP: 
    N/A

    * Memory: 
    N/A

    * FIFO: 
    +--------------+---------+----+----+-----+------+-----+---------+
    |     Name     | BRAM_18K| FF | LUT| URAM| Depth| Bits| Size:D*B|
    +--------------+---------+----+----+-----+------+-----+---------+
    |in_stream_U   |        0|  99|   0|    -|    25|   32|      800|
    |l1_to_l2_U    |        0|  99|   0|    -|     4|   32|      128|
    |l2_to_l3_U    |        0|  99|   0|    -|     2|   32|       64|
    |out_stream_U  |        0|  99|   0|    -|    10|   32|      320|
    +--------------+---------+----+----+-----+------+-----+---------+
    |Total         |        0| 396|   0|    0|    41|  128|     1312|
    +--------------+---------+----+----+-----+------+-----+---------+

    * Expression: 
    +--------------+----------+----+---+----+------------+------------+
    | Variable Name| Operation| DSP| FF| LUT| Bitwidth P0| Bitwidth P1|
    +--------------+----------+----+---+----+------------+------------+
    |ap_idle       |       and|   0|  0|   2|           1|           1|
    +--------------+----------+----+---+----+------------+------------+
    |Total         |          |   0|  0|   2|           1|           1|
    +--------------+----------+----+---+----+------------+------------+

    * Multiplexer: 
    N/A

    * Register: 
    N/A



================================================================
== Interface
================================================================
* Summary: 
+------------------+-----+-----+------------+--------------+--------------+
|     RTL Ports    | Dir | Bits|  Protocol  | Source Object|    C Type    |
+------------------+-----+-----+------------+--------------+--------------+
|input_r_address0  |  out|    5|   ap_memory|       input_r|         array|
|input_r_ce0       |  out|    1|   ap_memory|       input_r|         array|
|input_r_d0        |  out|   32|   ap_memory|       input_r|         array|
|input_r_q0        |   in|   32|   ap_memory|       input_r|         array|
|input_r_we0       |  out|    1|   ap_memory|       input_r|         array|
|input_r_address1  |  out|    5|   ap_memory|       input_r|         array|
|input_r_ce1       |  out|    1|   ap_memory|       input_r|         array|
|input_r_d1        |  out|   32|   ap_memory|       input_r|         array|
|input_r_q1        |   in|   32|   ap_memory|       input_r|         array|
|input_r_we1       |  out|    1|   ap_memory|       input_r|         array|
|ys_address0       |  out|    4|   ap_memory|            ys|         array|
|ys_ce0            |  out|    1|   ap_memory|            ys|         array|
|ys_d0             |  out|   32|   ap_memory|            ys|         array|
|ys_q0             |   in|   32|   ap_memory|            ys|         array|
|ys_we0            |  out|    1|   ap_memory|            ys|         array|
|ys_address1       |  out|    4|   ap_memory|            ys|         array|
|ys_ce1            |  out|    1|   ap_memory|            ys|         array|
|ys_d1             |  out|   32|   ap_memory|            ys|         array|
|ys_q1             |   in|   32|   ap_memory|            ys|         array|
|ys_we1            |  out|    1|   ap_memory|            ys|         array|
|ap_clk            |   in|    1|  ap_ctrl_hs|           bnn|  return value|
|ap_rst            |   in|    1|  ap_ctrl_hs|           bnn|  return value|
|ap_start          |   in|    1|  ap_ctrl_hs|           bnn|  return value|
|ap_done           |  out|    1|  ap_ctrl_hs|           bnn|  return value|
|ap_ready          |  out|    1|  ap_ctrl_hs|           bnn|  return value|
|ap_idle           |  out|    1|  ap_ctrl_hs|           bnn|  return value|
+------------------+-----+-----+------------+--------------+--------------+

