

================================================================
== Vitis HLS Report for 'dft'
================================================================
* Date:           Fri Nov  7 20:22:22 2025

* Version:        2024.2 (Build 5238294 on Nov  8 2024)
* Project:        dft_1024_opt
* Solution:       hls (Vivado IP Flow Target)
* Product family: zynq
* Target device:  xc7z020-clg400-1


================================================================
== Performance Estimates
================================================================
+ Timing: 
    * Summary: 
    +--------+----------+----------+------------+
    |  Clock |  Target  | Estimated| Uncertainty|
    +--------+----------+----------+------------+
    |ap_clk  |  10.00 ns|  7.256 ns|     2.70 ns|
    +--------+----------+----------+------------+

+ Latency: 
    * Summary: 
    +---------+---------+----------+----------+--------+--------+---------+
    |  Latency (cycles) |  Latency (absolute) |     Interval    | Pipeline|
    |   min   |   max   |    min   |    max   |   min  |   max  |   Type  |
    +---------+---------+----------+----------+--------+--------+---------+
    |   152577|   152577|  1.526 ms|  1.526 ms|  152578|  152578|       no|
    +---------+---------+----------+----------+--------+--------+---------+

    + Detail: 
        * Instance: 
        +-------------------------------------+--------------------------+---------+---------+----------+----------+-----+-----+------------------------------------------------+
        |                                     |                          |  Latency (cycles) |  Latency (absolute) |  Interval |                    Pipeline                    |
        |               Instance              |          Module          |   min   |   max   |    min   |    max   | min | max |                      Type                      |
        +-------------------------------------+--------------------------+---------+---------+----------+----------+-----+-----+------------------------------------------------+
        |grp_dft_Pipeline_INNER_LOOP_fu_148   |dft_Pipeline_INNER_LOOP   |      146|      146|  1.460 us|  1.460 us|  129|  129|  loop auto-rewind stp (delay=0 clock cycles(s))|
        |grp_dft_Pipeline_INNER_LOOP1_fu_191  |dft_Pipeline_INNER_LOOP1  |      146|      146|  1.460 us|  1.460 us|  129|  129|  loop auto-rewind stp (delay=0 clock cycles(s))|
        +-------------------------------------+--------------------------+---------+---------+----------+----------+-----+-----+------------------------------------------------+

        * Loop: 
        +--------------+---------+---------+----------+-----------+-----------+------+----------+
        |              |  Latency (cycles) | Iteration|  Initiation Interval  | Trip |          |
        |   Loop Name  |   min   |   max   |  Latency |  achieved |   target  | Count| Pipelined|
        +--------------+---------+---------+----------+-----------+-----------+------+----------+
        |- OUTER_LOOP  |   152576|   152576|       298|          -|          -|   512|        no|
        +--------------+---------+---------+----------+-----------+-----------+------+----------+



================================================================
== Utilization Estimates
================================================================
* Summary: 
+-----------------+---------+-----+--------+-------+-----+
|       Name      | BRAM_18K| DSP |   FF   |  LUT  | URAM|
+-----------------+---------+-----+--------+-------+-----+
|DSP              |        -|    -|       -|      -|    -|
|Expression       |        -|    -|       0|     12|    -|
|FIFO             |        -|    -|       -|      -|    -|
|Instance         |        -|  160|   19946|  24948|    -|
|Memory           |       16|    -|       0|      0|    -|
|Multiplexer      |        -|    -|       0|   4531|    -|
|Register         |        -|    -|     313|      -|    -|
+-----------------+---------+-----+--------+-------+-----+
|Total            |       16|  160|   20259|  29491|    0|
+-----------------+---------+-----+--------+-------+-----+
|Available        |      280|  220|  106400|  53200|    0|
+-----------------+---------+-----+--------+-------+-----+
|Utilization (%)  |        5|   72|      19|     55|    0|
+-----------------+---------+-----+--------+-------+-----+

+ Detail: 
    * Instance: 
    +-------------------------------------+--------------------------------+---------+----+------+------+-----+
    |               Instance              |             Module             | BRAM_18K| DSP|  FF  |  LUT | URAM|
    +-------------------------------------+--------------------------------+---------+----+------+------+-----+
    |grp_dft_Pipeline_INNER_LOOP_fu_148   |dft_Pipeline_INNER_LOOP         |        0|   0|  4405|  1098|    0|
    |grp_dft_Pipeline_INNER_LOOP1_fu_191  |dft_Pipeline_INNER_LOOP1        |        0|   0|  4405|  1098|    0|
    |fadd_32ns_32ns_32_5_full_dsp_1_U189  |fadd_32ns_32ns_32_5_full_dsp_1  |        0|   2|   205|   390|    0|
    |fadd_32ns_32ns_32_5_full_dsp_1_U191  |fadd_32ns_32ns_32_5_full_dsp_1  |        0|   2|   205|   390|    0|
    |fadd_32ns_32ns_32_5_full_dsp_1_U193  |fadd_32ns_32ns_32_5_full_dsp_1  |        0|   2|   205|   390|    0|
    |fadd_32ns_32ns_32_5_full_dsp_1_U195  |fadd_32ns_32ns_32_5_full_dsp_1  |        0|   2|   205|   390|    0|
    |fadd_32ns_32ns_32_5_full_dsp_1_U197  |fadd_32ns_32ns_32_5_full_dsp_1  |        0|   2|   205|   390|    0|
    |fadd_32ns_32ns_32_5_full_dsp_1_U199  |fadd_32ns_32ns_32_5_full_dsp_1  |        0|   2|   205|   390|    0|
    |fadd_32ns_32ns_32_5_full_dsp_1_U201  |fadd_32ns_32ns_32_5_full_dsp_1  |        0|   2|   205|   390|    0|
    |fadd_32ns_32ns_32_5_full_dsp_1_U203  |fadd_32ns_32ns_32_5_full_dsp_1  |        0|   2|   205|   390|    0|
    |fadd_32ns_32ns_32_5_full_dsp_1_U204  |fadd_32ns_32ns_32_5_full_dsp_1  |        0|   2|   205|   390|    0|
    |fadd_32ns_32ns_32_5_full_dsp_1_U205  |fadd_32ns_32ns_32_5_full_dsp_1  |        0|   2|   205|   390|    0|
    |fadd_32ns_32ns_32_5_full_dsp_1_U206  |fadd_32ns_32ns_32_5_full_dsp_1  |        0|   2|   205|   390|    0|
    |fadd_32ns_32ns_32_5_full_dsp_1_U207  |fadd_32ns_32ns_32_5_full_dsp_1  |        0|   2|   205|   390|    0|
    |fadd_32ns_32ns_32_5_full_dsp_1_U208  |fadd_32ns_32ns_32_5_full_dsp_1  |        0|   2|   205|   390|    0|
    |fadd_32ns_32ns_32_5_full_dsp_1_U209  |fadd_32ns_32ns_32_5_full_dsp_1  |        0|   2|   205|   390|    0|
    |fadd_32ns_32ns_32_5_full_dsp_1_U210  |fadd_32ns_32ns_32_5_full_dsp_1  |        0|   2|   205|   390|    0|
    |fadd_32ns_32ns_32_5_full_dsp_1_U211  |fadd_32ns_32ns_32_5_full_dsp_1  |        0|   2|   205|   390|    0|
    |fadd_32ns_32ns_32_5_full_dsp_1_U212  |fadd_32ns_32ns_32_5_full_dsp_1  |        0|   2|   205|   390|    0|
    |fadd_32ns_32ns_32_5_full_dsp_1_U213  |fadd_32ns_32ns_32_5_full_dsp_1  |        0|   2|   205|   390|    0|
    |fadd_32ns_32ns_32_5_full_dsp_1_U214  |fadd_32ns_32ns_32_5_full_dsp_1  |        0|   2|   205|   390|    0|
    |fadd_32ns_32ns_32_5_full_dsp_1_U215  |fadd_32ns_32ns_32_5_full_dsp_1  |        0|   2|   205|   390|    0|
    |fadd_32ns_32ns_32_5_full_dsp_1_U216  |fadd_32ns_32ns_32_5_full_dsp_1  |        0|   2|   205|   390|    0|
    |fadd_32ns_32ns_32_5_full_dsp_1_U217  |fadd_32ns_32ns_32_5_full_dsp_1  |        0|   2|   205|   390|    0|
    |fadd_32ns_32ns_32_5_full_dsp_1_U218  |fadd_32ns_32ns_32_5_full_dsp_1  |        0|   2|   205|   390|    0|
    |fadd_32ns_32ns_32_5_full_dsp_1_U219  |fadd_32ns_32ns_32_5_full_dsp_1  |        0|   2|   205|   390|    0|
    |fmul_32ns_32ns_32_4_max_dsp_1_U220   |fmul_32ns_32ns_32_4_max_dsp_1   |        0|   3|   143|   321|    0|
    |fmul_32ns_32ns_32_4_max_dsp_1_U221   |fmul_32ns_32ns_32_4_max_dsp_1   |        0|   3|   143|   321|    0|
    |fmul_32ns_32ns_32_4_max_dsp_1_U222   |fmul_32ns_32ns_32_4_max_dsp_1   |        0|   3|   143|   321|    0|
    |fmul_32ns_32ns_32_4_max_dsp_1_U223   |fmul_32ns_32ns_32_4_max_dsp_1   |        0|   3|   143|   321|    0|
    |fmul_32ns_32ns_32_4_max_dsp_1_U224   |fmul_32ns_32ns_32_4_max_dsp_1   |        0|   3|   143|   321|    0|
    |fmul_32ns_32ns_32_4_max_dsp_1_U225   |fmul_32ns_32ns_32_4_max_dsp_1   |        0|   3|   143|   321|    0|
    |fmul_32ns_32ns_32_4_max_dsp_1_U226   |fmul_32ns_32ns_32_4_max_dsp_1   |        0|   3|   143|   321|    0|
    |fmul_32ns_32ns_32_4_max_dsp_1_U227   |fmul_32ns_32ns_32_4_max_dsp_1   |        0|   3|   143|   321|    0|
    |fmul_32ns_32ns_32_4_max_dsp_1_U228   |fmul_32ns_32ns_32_4_max_dsp_1   |        0|   3|   143|   321|    0|
    |fmul_32ns_32ns_32_4_max_dsp_1_U229   |fmul_32ns_32ns_32_4_max_dsp_1   |        0|   3|   143|   321|    0|
    |fmul_32ns_32ns_32_4_max_dsp_1_U230   |fmul_32ns_32ns_32_4_max_dsp_1   |        0|   3|   143|   321|    0|
    |fmul_32ns_32ns_32_4_max_dsp_1_U231   |fmul_32ns_32ns_32_4_max_dsp_1   |        0|   3|   143|   321|    0|
    |fmul_32ns_32ns_32_4_max_dsp_1_U232   |fmul_32ns_32ns_32_4_max_dsp_1   |        0|   3|   143|   321|    0|
    |fmul_32ns_32ns_32_4_max_dsp_1_U233   |fmul_32ns_32ns_32_4_max_dsp_1   |        0|   3|   143|   321|    0|
    |fmul_32ns_32ns_32_4_max_dsp_1_U234   |fmul_32ns_32ns_32_4_max_dsp_1   |        0|   3|   143|   321|    0|
    |fmul_32ns_32ns_32_4_max_dsp_1_U235   |fmul_32ns_32ns_32_4_max_dsp_1   |        0|   3|   143|   321|    0|
    |fmul_32ns_32ns_32_4_max_dsp_1_U236   |fmul_32ns_32ns_32_4_max_dsp_1   |        0|   3|   143|   321|    0|
    |fmul_32ns_32ns_32_4_max_dsp_1_U237   |fmul_32ns_32ns_32_4_max_dsp_1   |        0|   3|   143|   321|    0|
    |fmul_32ns_32ns_32_4_max_dsp_1_U238   |fmul_32ns_32ns_32_4_max_dsp_1   |        0|   3|   143|   321|    0|
    |fmul_32ns_32ns_32_4_max_dsp_1_U239   |fmul_32ns_32ns_32_4_max_dsp_1   |        0|   3|   143|   321|    0|
    |fmul_32ns_32ns_32_4_max_dsp_1_U240   |fmul_32ns_32ns_32_4_max_dsp_1   |        0|   3|   143|   321|    0|
    |fmul_32ns_32ns_32_4_max_dsp_1_U241   |fmul_32ns_32ns_32_4_max_dsp_1   |        0|   3|   143|   321|    0|
    |fmul_32ns_32ns_32_4_max_dsp_1_U242   |fmul_32ns_32ns_32_4_max_dsp_1   |        0|   3|   143|   321|    0|
    |fmul_32ns_32ns_32_4_max_dsp_1_U243   |fmul_32ns_32ns_32_4_max_dsp_1   |        0|   3|   143|   321|    0|
    |fmul_32ns_32ns_32_4_max_dsp_1_U244   |fmul_32ns_32ns_32_4_max_dsp_1   |        0|   3|   143|   321|    0|
    |fmul_32ns_32ns_32_4_max_dsp_1_U245   |fmul_32ns_32ns_32_4_max_dsp_1   |        0|   3|   143|   321|    0|
    |fmul_32ns_32ns_32_4_max_dsp_1_U246   |fmul_32ns_32ns_32_4_max_dsp_1   |        0|   3|   143|   321|    0|
    |fmul_32ns_32ns_32_4_max_dsp_1_U247   |fmul_32ns_32ns_32_4_max_dsp_1   |        0|   3|   143|   321|    0|
    |fmul_32ns_32ns_32_4_max_dsp_1_U248   |fmul_32ns_32ns_32_4_max_dsp_1   |        0|   3|   143|   321|    0|
    |fmul_32ns_32ns_32_4_max_dsp_1_U249   |fmul_32ns_32ns_32_4_max_dsp_1   |        0|   3|   143|   321|    0|
    |fmul_32ns_32ns_32_4_max_dsp_1_U250   |fmul_32ns_32ns_32_4_max_dsp_1   |        0|   3|   143|   321|    0|
    |fmul_32ns_32ns_32_4_max_dsp_1_U251   |fmul_32ns_32ns_32_4_max_dsp_1   |        0|   3|   143|   321|    0|
    |fsub_32ns_32ns_32_5_full_dsp_1_U188  |fsub_32ns_32ns_32_5_full_dsp_1  |        0|   2|   205|   390|    0|
    |fsub_32ns_32ns_32_5_full_dsp_1_U190  |fsub_32ns_32ns_32_5_full_dsp_1  |        0|   2|   205|   390|    0|
    |fsub_32ns_32ns_32_5_full_dsp_1_U192  |fsub_32ns_32ns_32_5_full_dsp_1  |        0|   2|   205|   390|    0|
    |fsub_32ns_32ns_32_5_full_dsp_1_U194  |fsub_32ns_32ns_32_5_full_dsp_1  |        0|   2|   205|   390|    0|
    |fsub_32ns_32ns_32_5_full_dsp_1_U196  |fsub_32ns_32ns_32_5_full_dsp_1  |        0|   2|   205|   390|    0|
    |fsub_32ns_32ns_32_5_full_dsp_1_U198  |fsub_32ns_32ns_32_5_full_dsp_1  |        0|   2|   205|   390|    0|
    |fsub_32ns_32ns_32_5_full_dsp_1_U200  |fsub_32ns_32ns_32_5_full_dsp_1  |        0|   2|   205|   390|    0|
    |fsub_32ns_32ns_32_5_full_dsp_1_U202  |fsub_32ns_32ns_32_5_full_dsp_1  |        0|   2|   205|   390|    0|
    +-------------------------------------+--------------------------------+---------+----+------+------+-----+
    |Total                                |                                |        0| 160| 19946| 24948|    0|
    +-------------------------------------+--------------------------------+---------+----+------+------+-----+

    * DSP: 
    N/A

    * Memory: 
    +--------------------------+------------------------------------+---------+---+----+-----+------+-----+------+-------------+
    |          Memory          |               Module               | BRAM_18K| FF| LUT| URAM| Words| Bits| Banks| W*Bits*Banks|
    +--------------------------+------------------------------------+---------+---+----+-----+------+-----+------+-------------+
    |cos_coefficients_table_U  |cos_coefficients_table_ROM_AUTO_1R  |        8|  0|   0|    0|  1024|   32|     1|        32768|
    |sin_coefficients_table_U  |sin_coefficients_table_ROM_AUTO_1R  |        8|  0|   0|    0|  1024|   32|     1|        32768|
    +--------------------------+------------------------------------+---------+---+----+-----+------+-----+------+-------------+
    |Total                     |                                    |       16|  0|   0|    0|  2048|   64|     2|        65536|
    +--------------------------+------------------------------------+---------+---+----+-----+------+-----+------+-------------+

    * FIFO: 
    N/A

    * Expression: 
    +--------------------+----------+----+---+----+------------+------------+
    |    Variable Name   | Operation| DSP| FF| LUT| Bitwidth P0| Bitwidth P1|
    +--------------------+----------+----+---+----+------------+------------+
    |add_ln14_fu_270_p2  |         +|   0|  0|  12|          11|           2|
    +--------------------+----------+----+---+----+------------+------------+
    |Total               |          |   0|  0|  12|          11|           2|
    +--------------------+----------+----+---+----+------------+------------+

    * Multiplexer: 
    +---------------------------------+----+-----------+-----+-----------+
    |               Name              | LUT| Input Size| Bits| Total Bits|
    +---------------------------------+----+-----------+-----+-----------+
    |ap_NS_fsm                        |  42|          8|    1|          8|
    |cos_coefficients_table_address0  |  14|          3|   10|         30|
    |cos_coefficients_table_address1  |  14|          3|   10|         30|
    |cos_coefficients_table_address2  |  14|          3|   10|         30|
    |cos_coefficients_table_address3  |  14|          3|   10|         30|
    |cos_coefficients_table_address4  |  14|          3|   10|         30|
    |cos_coefficients_table_address5  |  14|          3|   10|         30|
    |cos_coefficients_table_address6  |  14|          3|   10|         30|
    |cos_coefficients_table_address7  |  14|          3|   10|         30|
    |cos_coefficients_table_ce0       |  14|          3|    1|          3|
    |cos_coefficients_table_ce1       |  14|          3|    1|          3|
    |cos_coefficients_table_ce2       |  14|          3|    1|          3|
    |cos_coefficients_table_ce3       |  14|          3|    1|          3|
    |cos_coefficients_table_ce4       |  14|          3|    1|          3|
    |cos_coefficients_table_ce5       |  14|          3|    1|          3|
    |cos_coefficients_table_ce6       |  14|          3|    1|          3|
    |cos_coefficients_table_ce7       |  14|          3|    1|          3|
    |grp_fu_396_ce                    |  14|          3|    1|          3|
    |grp_fu_396_p0                    |  14|          3|   32|         96|
    |grp_fu_396_p1                    |  14|          3|   32|         96|
    |grp_fu_400_ce                    |  14|          3|    1|          3|
    |grp_fu_400_p0                    |  14|          3|   32|         96|
    |grp_fu_400_p1                    |  14|          3|   32|         96|
    |grp_fu_404_ce                    |  14|          3|    1|          3|
    |grp_fu_404_p0                    |  14|          3|   32|         96|
    |grp_fu_404_p1                    |  14|          3|   32|         96|
    |grp_fu_408_ce                    |  14|          3|    1|          3|
    |grp_fu_408_p0                    |  14|          3|   32|         96|
    |grp_fu_408_p1                    |  14|          3|   32|         96|
    |grp_fu_412_ce                    |  14|          3|    1|          3|
    |grp_fu_412_p0                    |  14|          3|   32|         96|
    |grp_fu_412_p1                    |  14|          3|   32|         96|
    |grp_fu_416_ce                    |  14|          3|    1|          3|
    |grp_fu_416_p0                    |  14|          3|   32|         96|
    |grp_fu_416_p1                    |  14|          3|   32|         96|
    |grp_fu_420_ce                    |  14|          3|    1|          3|
    |grp_fu_420_p0                    |  14|          3|   32|         96|
    |grp_fu_420_p1                    |  14|          3|   32|         96|
    |grp_fu_424_ce                    |  14|          3|    1|          3|
    |grp_fu_424_p0                    |  14|          3|   32|         96|
    |grp_fu_424_p1                    |  14|          3|   32|         96|
    |grp_fu_428_ce                    |  14|          3|    1|          3|
    |grp_fu_428_p0                    |  14|          3|   32|         96|
    |grp_fu_428_p1                    |  14|          3|   32|         96|
    |grp_fu_432_ce                    |  14|          3|    1|          3|
    |grp_fu_432_p0                    |  14|          3|   32|         96|
    |grp_fu_432_p1                    |  14|          3|   32|         96|
    |grp_fu_436_ce                    |  14|          3|    1|          3|
    |grp_fu_436_p0                    |  14|          3|   32|         96|
    |grp_fu_436_p1                    |  14|          3|   32|         96|
    |grp_fu_440_ce                    |  14|          3|    1|          3|
    |grp_fu_440_p0                    |  14|          3|   32|         96|
    |grp_fu_440_p1                    |  14|          3|   32|         96|
    |grp_fu_444_ce                    |  14|          3|    1|          3|
    |grp_fu_444_p0                    |  14|          3|   32|         96|
    |grp_fu_444_p1                    |  14|          3|   32|         96|
    |grp_fu_448_ce                    |  14|          3|    1|          3|
    |grp_fu_448_p0                    |  14|          3|   32|         96|
    |grp_fu_448_p1                    |  14|          3|   32|         96|
    |grp_fu_452_ce                    |  14|          3|    1|          3|
    |grp_fu_452_p0                    |  14|          3|   32|         96|
    |grp_fu_452_p1                    |  14|          3|   32|         96|
    |grp_fu_456_ce                    |  14|          3|    1|          3|
    |grp_fu_456_p0                    |  14|          3|   32|         96|
    |grp_fu_456_p1                    |  14|          3|   32|         96|
    |grp_fu_460_ce                    |  14|          3|    1|          3|
    |grp_fu_460_p0                    |  14|          3|   32|         96|
    |grp_fu_460_p1                    |  14|          3|   32|         96|
    |grp_fu_464_ce                    |  14|          3|    1|          3|
    |grp_fu_464_p0                    |  14|          3|   32|         96|
    |grp_fu_464_p1                    |  14|          3|   32|         96|
    |grp_fu_468_ce                    |  14|          3|    1|          3|
    |grp_fu_468_p0                    |  14|          3|   32|         96|
    |grp_fu_468_p1                    |  14|          3|   32|         96|
    |grp_fu_472_ce                    |  14|          3|    1|          3|
    |grp_fu_472_p0                    |  14|          3|   32|         96|
    |grp_fu_472_p1                    |  14|          3|   32|         96|
    |grp_fu_476_ce                    |  14|          3|    1|          3|
    |grp_fu_476_p0                    |  14|          3|   32|         96|
    |grp_fu_476_p1                    |  14|          3|   32|         96|
    |grp_fu_480_ce                    |  14|          3|    1|          3|
    |grp_fu_480_p0                    |  14|          3|   32|         96|
    |grp_fu_480_p1                    |  14|          3|   32|         96|
    |grp_fu_484_ce                    |  14|          3|    1|          3|
    |grp_fu_484_p0                    |  14|          3|   32|         96|
    |grp_fu_484_p1                    |  14|          3|   32|         96|
    |grp_fu_488_ce                    |  14|          3|    1|          3|
    |grp_fu_488_p0                    |  14|          3|   32|         96|
    |grp_fu_488_p1                    |  14|          3|   32|         96|
    |grp_fu_492_ce                    |  14|          3|    1|          3|
    |grp_fu_492_p0                    |  14|          3|   32|         96|
    |grp_fu_492_p1                    |  14|          3|   32|         96|
    |grp_fu_496_ce                    |  14|          3|    1|          3|
    |grp_fu_496_p0                    |  14|          3|   32|         96|
    |grp_fu_496_p1                    |  14|          3|   32|         96|
    |grp_fu_500_ce                    |  14|          3|    1|          3|
    |grp_fu_500_p0                    |  14|          3|   32|         96|
    |grp_fu_500_p1                    |  14|          3|   32|         96|
    |grp_fu_504_ce                    |  14|          3|    1|          3|
    |grp_fu_504_p0                    |  14|          3|   32|         96|
    |grp_fu_504_p1                    |  14|          3|   32|         96|
    |grp_fu_508_ce                    |  14|          3|    1|          3|
    |grp_fu_508_p0                    |  14|          3|   32|         96|
    |grp_fu_508_p1                    |  14|          3|   32|         96|
    |grp_fu_512_ce                    |  14|          3|    1|          3|
    |grp_fu_512_p0                    |  14|          3|   32|         96|
    |grp_fu_512_p1                    |  14|          3|   32|         96|
    |grp_fu_516_ce                    |  14|          3|    1|          3|
    |grp_fu_516_p0                    |  14|          3|   32|         96|
    |grp_fu_516_p1                    |  14|          3|   32|         96|
    |grp_fu_520_ce                    |  14|          3|    1|          3|
    |grp_fu_520_p0                    |  14|          3|   32|         96|
    |grp_fu_520_p1                    |  14|          3|   32|         96|
    |grp_fu_524_ce                    |  14|          3|    1|          3|
    |grp_fu_524_p0                    |  14|          3|   32|         96|
    |grp_fu_524_p1                    |  14|          3|   32|         96|
    |grp_fu_528_ce                    |  14|          3|    1|          3|
    |grp_fu_528_p0                    |  14|          3|   32|         96|
    |grp_fu_528_p1                    |  14|          3|   32|         96|
    |grp_fu_532_ce                    |  14|          3|    1|          3|
    |grp_fu_532_p0                    |  14|          3|   32|         96|
    |grp_fu_532_p1                    |  14|          3|   32|         96|
    |grp_fu_536_ce                    |  14|          3|    1|          3|
    |grp_fu_536_p0                    |  14|          3|   32|         96|
    |grp_fu_536_p1                    |  14|          3|   32|         96|
    |grp_fu_540_ce                    |  14|          3|    1|          3|
    |grp_fu_540_p0                    |  14|          3|   32|         96|
    |grp_fu_540_p1                    |  14|          3|   32|         96|
    |grp_fu_544_ce                    |  14|          3|    1|          3|
    |grp_fu_544_p0                    |  14|          3|   32|         96|
    |grp_fu_544_p1                    |  14|          3|   32|         96|
    |grp_fu_548_ce                    |  14|          3|    1|          3|
    |grp_fu_548_p0                    |  14|          3|   32|         96|
    |grp_fu_548_p1                    |  14|          3|   32|         96|
    |grp_fu_552_ce                    |  14|          3|    1|          3|
    |grp_fu_552_p0                    |  14|          3|   32|         96|
    |grp_fu_552_p1                    |  14|          3|   32|         96|
    |grp_fu_556_ce                    |  14|          3|    1|          3|
    |grp_fu_556_p0                    |  14|          3|   32|         96|
    |grp_fu_556_p1                    |  14|          3|   32|         96|
    |grp_fu_560_ce                    |  14|          3|    1|          3|
    |grp_fu_560_p0                    |  14|          3|   32|         96|
    |grp_fu_560_p1                    |  14|          3|   32|         96|
    |grp_fu_564_ce                    |  14|          3|    1|          3|
    |grp_fu_564_p0                    |  14|          3|   32|         96|
    |grp_fu_564_p1                    |  14|          3|   32|         96|
    |grp_fu_568_ce                    |  14|          3|    1|          3|
    |grp_fu_568_p0                    |  14|          3|   32|         96|
    |grp_fu_568_p1                    |  14|          3|   32|         96|
    |grp_fu_572_ce                    |  14|          3|    1|          3|
    |grp_fu_572_p0                    |  14|          3|   32|         96|
    |grp_fu_572_p1                    |  14|          3|   32|         96|
    |grp_fu_576_ce                    |  14|          3|    1|          3|
    |grp_fu_576_p0                    |  14|          3|   32|         96|
    |grp_fu_576_p1                    |  14|          3|   32|         96|
    |grp_fu_580_ce                    |  14|          3|    1|          3|
    |grp_fu_580_p0                    |  14|          3|   32|         96|
    |grp_fu_580_p1                    |  14|          3|   32|         96|
    |grp_fu_584_ce                    |  14|          3|    1|          3|
    |grp_fu_584_p0                    |  14|          3|   32|         96|
    |grp_fu_584_p1                    |  14|          3|   32|         96|
    |grp_fu_588_ce                    |  14|          3|    1|          3|
    |grp_fu_588_p0                    |  14|          3|   32|         96|
    |grp_fu_588_p1                    |  14|          3|   32|         96|
    |grp_fu_592_ce                    |  14|          3|    1|          3|
    |grp_fu_592_p0                    |  14|          3|   32|         96|
    |grp_fu_592_p1                    |  14|          3|   32|         96|
    |grp_fu_596_ce                    |  14|          3|    1|          3|
    |grp_fu_596_p0                    |  14|          3|   32|         96|
    |grp_fu_596_p1                    |  14|          3|   32|         96|
    |grp_fu_600_ce                    |  14|          3|    1|          3|
    |grp_fu_600_p0                    |  14|          3|   32|         96|
    |grp_fu_600_p1                    |  14|          3|   32|         96|
    |grp_fu_604_ce                    |  14|          3|    1|          3|
    |grp_fu_604_p0                    |  14|          3|   32|         96|
    |grp_fu_604_p1                    |  14|          3|   32|         96|
    |grp_fu_608_ce                    |  14|          3|    1|          3|
    |grp_fu_608_p0                    |  14|          3|   32|         96|
    |grp_fu_608_p1                    |  14|          3|   32|         96|
    |grp_fu_612_ce                    |  14|          3|    1|          3|
    |grp_fu_612_p0                    |  14|          3|   32|         96|
    |grp_fu_612_p1                    |  14|          3|   32|         96|
    |grp_fu_616_ce                    |  14|          3|    1|          3|
    |grp_fu_616_p0                    |  14|          3|   32|         96|
    |grp_fu_616_p1                    |  14|          3|   32|         96|
    |grp_fu_620_ce                    |  14|          3|    1|          3|
    |grp_fu_620_p0                    |  14|          3|   32|         96|
    |grp_fu_620_p1                    |  14|          3|   32|         96|
    |grp_fu_624_ce                    |  14|          3|    1|          3|
    |grp_fu_624_p0                    |  14|          3|   32|         96|
    |grp_fu_624_p1                    |  14|          3|   32|         96|
    |grp_fu_628_ce                    |  14|          3|    1|          3|
    |grp_fu_628_p0                    |  14|          3|   32|         96|
    |grp_fu_628_p1                    |  14|          3|   32|         96|
    |grp_fu_632_ce                    |  14|          3|    1|          3|
    |grp_fu_632_p0                    |  14|          3|   32|         96|
    |grp_fu_632_p1                    |  14|          3|   32|         96|
    |grp_fu_636_ce                    |  14|          3|    1|          3|
    |grp_fu_636_p0                    |  14|          3|   32|         96|
    |grp_fu_636_p1                    |  14|          3|   32|         96|
    |grp_fu_640_ce                    |  14|          3|    1|          3|
    |grp_fu_640_p0                    |  14|          3|   32|         96|
    |grp_fu_640_p1                    |  14|          3|   32|         96|
    |grp_fu_644_ce                    |  14|          3|    1|          3|
    |grp_fu_644_p0                    |  14|          3|   32|         96|
    |grp_fu_644_p1                    |  14|          3|   32|         96|
    |grp_fu_648_ce                    |  14|          3|    1|          3|
    |grp_fu_648_p0                    |  14|          3|   32|         96|
    |grp_fu_648_p1                    |  14|          3|   32|         96|
    |imag_op_0_address0               |  14|          3|    7|         21|
    |imag_op_0_address1               |  14|          3|    7|         21|
    |imag_op_0_ce0                    |  14|          3|    1|          3|
    |imag_op_0_ce1                    |  14|          3|    1|          3|
    |imag_op_0_d0                     |  14|          3|   32|         96|
    |imag_op_0_we0                    |  14|          3|    1|          3|
    |imag_op_1_address0               |  14|          3|    7|         21|
    |imag_op_1_address1               |  14|          3|    7|         21|
    |imag_op_1_ce0                    |  14|          3|    1|          3|
    |imag_op_1_ce1                    |  14|          3|    1|          3|
    |imag_op_1_d0                     |  14|          3|   32|         96|
    |imag_op_1_we0                    |  14|          3|    1|          3|
    |imag_op_2_address0               |  14|          3|    7|         21|
    |imag_op_2_address1               |  14|          3|    7|         21|
    |imag_op_2_ce0                    |  14|          3|    1|          3|
    |imag_op_2_ce1                    |  14|          3|    1|          3|
    |imag_op_2_d0                     |  14|          3|   32|         96|
    |imag_op_2_we0                    |  14|          3|    1|          3|
    |imag_op_3_address0               |  14|          3|    7|         21|
    |imag_op_3_address1               |  14|          3|    7|         21|
    |imag_op_3_ce0                    |  14|          3|    1|          3|
    |imag_op_3_ce1                    |  14|          3|    1|          3|
    |imag_op_3_d0                     |  14|          3|   32|         96|
    |imag_op_3_we0                    |  14|          3|    1|          3|
    |imag_op_4_address0               |  14|          3|    7|         21|
    |imag_op_4_address1               |  14|          3|    7|         21|
    |imag_op_4_ce0                    |  14|          3|    1|          3|
    |imag_op_4_ce1                    |  14|          3|    1|          3|
    |imag_op_4_d0                     |  14|          3|   32|         96|
    |imag_op_4_we0                    |  14|          3|    1|          3|
    |imag_op_5_address0               |  14|          3|    7|         21|
    |imag_op_5_address1               |  14|          3|    7|         21|
    |imag_op_5_ce0                    |  14|          3|    1|          3|
    |imag_op_5_ce1                    |  14|          3|    1|          3|
    |imag_op_5_d0                     |  14|          3|   32|         96|
    |imag_op_5_we0                    |  14|          3|    1|          3|
    |imag_op_6_address0               |  14|          3|    7|         21|
    |imag_op_6_address1               |  14|          3|    7|         21|
    |imag_op_6_ce0                    |  14|          3|    1|          3|
    |imag_op_6_ce1                    |  14|          3|    1|          3|
    |imag_op_6_d0                     |  14|          3|   32|         96|
    |imag_op_6_we0                    |  14|          3|    1|          3|
    |imag_op_7_address0               |  14|          3|    7|         21|
    |imag_op_7_address1               |  14|          3|    7|         21|
    |imag_op_7_ce0                    |  14|          3|    1|          3|
    |imag_op_7_ce1                    |  14|          3|    1|          3|
    |imag_op_7_d0                     |  14|          3|   32|         96|
    |imag_op_7_we0                    |  14|          3|    1|          3|
    |j_fu_92                          |   9|          2|   11|         22|
    |real_op_0_address0               |  14|          3|    7|         21|
    |real_op_0_address1               |  14|          3|    7|         21|
    |real_op_0_ce0                    |  14|          3|    1|          3|
    |real_op_0_ce1                    |  14|          3|    1|          3|
    |real_op_0_d0                     |  14|          3|   32|         96|
    |real_op_0_we0                    |  14|          3|    1|          3|
    |real_op_1_address0               |  14|          3|    7|         21|
    |real_op_1_address1               |  14|          3|    7|         21|
    |real_op_1_ce0                    |  14|          3|    1|          3|
    |real_op_1_ce1                    |  14|          3|    1|          3|
    |real_op_1_d0                     |  14|          3|   32|         96|
    |real_op_1_we0                    |  14|          3|    1|          3|
    |real_op_2_address0               |  14|          3|    7|         21|
    |real_op_2_address1               |  14|          3|    7|         21|
    |real_op_2_ce0                    |  14|          3|    1|          3|
    |real_op_2_ce1                    |  14|          3|    1|          3|
    |real_op_2_d0                     |  14|          3|   32|         96|
    |real_op_2_we0                    |  14|          3|    1|          3|
    |real_op_3_address0               |  14|          3|    7|         21|
    |real_op_3_address1               |  14|          3|    7|         21|
    |real_op_3_ce0                    |  14|          3|    1|          3|
    |real_op_3_ce1                    |  14|          3|    1|          3|
    |real_op_3_d0                     |  14|          3|   32|         96|
    |real_op_3_we0                    |  14|          3|    1|          3|
    |real_op_4_address0               |  14|          3|    7|         21|
    |real_op_4_address1               |  14|          3|    7|         21|
    |real_op_4_ce0                    |  14|          3|    1|          3|
    |real_op_4_ce1                    |  14|          3|    1|          3|
    |real_op_4_d0                     |  14|          3|   32|         96|
    |real_op_4_we0                    |  14|          3|    1|          3|
    |real_op_5_address0               |  14|          3|    7|         21|
    |real_op_5_address1               |  14|          3|    7|         21|
    |real_op_5_ce0                    |  14|          3|    1|          3|
    |real_op_5_ce1                    |  14|          3|    1|          3|
    |real_op_5_d0                     |  14|          3|   32|         96|
    |real_op_5_we0                    |  14|          3|    1|          3|
    |real_op_6_address0               |  14|          3|    7|         21|
    |real_op_6_address1               |  14|          3|    7|         21|
    |real_op_6_ce0                    |  14|          3|    1|          3|
    |real_op_6_ce1                    |  14|          3|    1|          3|
    |real_op_6_d0                     |  14|          3|   32|         96|
    |real_op_6_we0                    |  14|          3|    1|          3|
    |real_op_7_address0               |  14|          3|    7|         21|
    |real_op_7_address1               |  14|          3|    7|         21|
    |real_op_7_ce0                    |  14|          3|    1|          3|
    |real_op_7_ce1                    |  14|          3|    1|          3|
    |real_op_7_d0                     |  14|          3|   32|         96|
    |real_op_7_we0                    |  14|          3|    1|          3|
    |sin_coefficients_table_address0  |  14|          3|   10|         30|
    |sin_coefficients_table_address1  |  14|          3|   10|         30|
    |sin_coefficients_table_address2  |  14|          3|   10|         30|
    |sin_coefficients_table_address3  |  14|          3|   10|         30|
    |sin_coefficients_table_address4  |  14|          3|   10|         30|
    |sin_coefficients_table_address5  |  14|          3|   10|         30|
    |sin_coefficients_table_address6  |  14|          3|   10|         30|
    |sin_coefficients_table_address7  |  14|          3|   10|         30|
    |sin_coefficients_table_ce0       |  14|          3|    1|          3|
    |sin_coefficients_table_ce1       |  14|          3|    1|          3|
    |sin_coefficients_table_ce2       |  14|          3|    1|          3|
    |sin_coefficients_table_ce3       |  14|          3|    1|          3|
    |sin_coefficients_table_ce4       |  14|          3|    1|          3|
    |sin_coefficients_table_ce5       |  14|          3|    1|          3|
    |sin_coefficients_table_ce6       |  14|          3|    1|          3|
    |sin_coefficients_table_ce7       |  14|          3|    1|          3|
    +---------------------------------+----+-----------+-----+-----------+
    |Total                            |4531|        970| 5132|      15390|
    +---------------------------------+----+-----------+-----+-----------+

    * Register: 
    +--------------------------------------------------+----+----+-----+-----------+
    |                       Name                       | FF | LUT| Bits| Const Bits|
    +--------------------------------------------------+----+----+-----+-----------+
    |ap_CS_fsm                                         |   7|   0|    7|          0|
    |grp_dft_Pipeline_INNER_LOOP1_fu_191_ap_start_reg  |   1|   0|    1|          0|
    |grp_dft_Pipeline_INNER_LOOP_fu_148_ap_start_reg   |   1|   0|    1|          0|
    |imag_sample_0_load_reg_346                        |  32|   0|   32|          0|
    |imag_sample_1_load_reg_376                        |  32|   0|   32|          0|
    |is_1_reg_386                                      |  32|   0|   32|          0|
    |is_reg_356                                        |  32|   0|   32|          0|
    |j_fu_92                                           |  11|   0|   11|          0|
    |lshr_ln_reg_320                                   |   9|   0|    9|          0|
    |or_ln29_7_reg_391                                 |   9|   0|   10|          1|
    |real_sample_0_load_reg_341                        |  32|   0|   32|          0|
    |real_sample_1_load_reg_371                        |  32|   0|   32|          0|
    |rs_1_reg_381                                      |  32|   0|   32|          0|
    |rs_reg_351                                        |  32|   0|   32|          0|
    |trunc_ln14_reg_315                                |  10|   0|   10|          0|
    |zext_ln14_reg_325                                 |   9|   0|   64|         55|
    +--------------------------------------------------+----+----+-----+-----------+
    |Total                                             | 313|   0|  369|         56|
    +--------------------------------------------------+----+----+-----+-----------+



================================================================
== Interface
================================================================
* Summary: 
+------------------------+-----+-----+------------+---------------+--------------+
|        RTL Ports       | Dir | Bits|  Protocol  | Source Object |    C Type    |
+------------------------+-----+-----+------------+---------------+--------------+
|ap_clk                  |   in|    1|  ap_ctrl_hs|            dft|  return value|
|ap_rst                  |   in|    1|  ap_ctrl_hs|            dft|  return value|
|ap_start                |   in|    1|  ap_ctrl_hs|            dft|  return value|
|ap_done                 |  out|    1|  ap_ctrl_hs|            dft|  return value|
|ap_idle                 |  out|    1|  ap_ctrl_hs|            dft|  return value|
|ap_ready                |  out|    1|  ap_ctrl_hs|            dft|  return value|
|real_sample_0_address0  |  out|    9|   ap_memory|  real_sample_0|         array|
|real_sample_0_ce0       |  out|    1|   ap_memory|  real_sample_0|         array|
|real_sample_0_q0        |   in|   32|   ap_memory|  real_sample_0|         array|
|real_sample_1_address0  |  out|    9|   ap_memory|  real_sample_1|         array|
|real_sample_1_ce0       |  out|    1|   ap_memory|  real_sample_1|         array|
|real_sample_1_q0        |   in|   32|   ap_memory|  real_sample_1|         array|
|imag_sample_0_address0  |  out|    9|   ap_memory|  imag_sample_0|         array|
|imag_sample_0_ce0       |  out|    1|   ap_memory|  imag_sample_0|         array|
|imag_sample_0_q0        |   in|   32|   ap_memory|  imag_sample_0|         array|
|imag_sample_1_address0  |  out|    9|   ap_memory|  imag_sample_1|         array|
|imag_sample_1_ce0       |  out|    1|   ap_memory|  imag_sample_1|         array|
|imag_sample_1_q0        |   in|   32|   ap_memory|  imag_sample_1|         array|
|real_op_0_address0      |  out|    7|   ap_memory|      real_op_0|         array|
|real_op_0_ce0           |  out|    1|   ap_memory|      real_op_0|         array|
|real_op_0_we0           |  out|    1|   ap_memory|      real_op_0|         array|
|real_op_0_d0            |  out|   32|   ap_memory|      real_op_0|         array|
|real_op_0_address1      |  out|    7|   ap_memory|      real_op_0|         array|
|real_op_0_ce1           |  out|    1|   ap_memory|      real_op_0|         array|
|real_op_0_q1            |   in|   32|   ap_memory|      real_op_0|         array|
|real_op_1_address0      |  out|    7|   ap_memory|      real_op_1|         array|
|real_op_1_ce0           |  out|    1|   ap_memory|      real_op_1|         array|
|real_op_1_we0           |  out|    1|   ap_memory|      real_op_1|         array|
|real_op_1_d0            |  out|   32|   ap_memory|      real_op_1|         array|
|real_op_1_address1      |  out|    7|   ap_memory|      real_op_1|         array|
|real_op_1_ce1           |  out|    1|   ap_memory|      real_op_1|         array|
|real_op_1_q1            |   in|   32|   ap_memory|      real_op_1|         array|
|real_op_2_address0      |  out|    7|   ap_memory|      real_op_2|         array|
|real_op_2_ce0           |  out|    1|   ap_memory|      real_op_2|         array|
|real_op_2_we0           |  out|    1|   ap_memory|      real_op_2|         array|
|real_op_2_d0            |  out|   32|   ap_memory|      real_op_2|         array|
|real_op_2_address1      |  out|    7|   ap_memory|      real_op_2|         array|
|real_op_2_ce1           |  out|    1|   ap_memory|      real_op_2|         array|
|real_op_2_q1            |   in|   32|   ap_memory|      real_op_2|         array|
|real_op_3_address0      |  out|    7|   ap_memory|      real_op_3|         array|
|real_op_3_ce0           |  out|    1|   ap_memory|      real_op_3|         array|
|real_op_3_we0           |  out|    1|   ap_memory|      real_op_3|         array|
|real_op_3_d0            |  out|   32|   ap_memory|      real_op_3|         array|
|real_op_3_address1      |  out|    7|   ap_memory|      real_op_3|         array|
|real_op_3_ce1           |  out|    1|   ap_memory|      real_op_3|         array|
|real_op_3_q1            |   in|   32|   ap_memory|      real_op_3|         array|
|real_op_4_address0      |  out|    7|   ap_memory|      real_op_4|         array|
|real_op_4_ce0           |  out|    1|   ap_memory|      real_op_4|         array|
|real_op_4_we0           |  out|    1|   ap_memory|      real_op_4|         array|
|real_op_4_d0            |  out|   32|   ap_memory|      real_op_4|         array|
|real_op_4_address1      |  out|    7|   ap_memory|      real_op_4|         array|
|real_op_4_ce1           |  out|    1|   ap_memory|      real_op_4|         array|
|real_op_4_q1            |   in|   32|   ap_memory|      real_op_4|         array|
|real_op_5_address0      |  out|    7|   ap_memory|      real_op_5|         array|
|real_op_5_ce0           |  out|    1|   ap_memory|      real_op_5|         array|
|real_op_5_we0           |  out|    1|   ap_memory|      real_op_5|         array|
|real_op_5_d0            |  out|   32|   ap_memory|      real_op_5|         array|
|real_op_5_address1      |  out|    7|   ap_memory|      real_op_5|         array|
|real_op_5_ce1           |  out|    1|   ap_memory|      real_op_5|         array|
|real_op_5_q1            |   in|   32|   ap_memory|      real_op_5|         array|
|real_op_6_address0      |  out|    7|   ap_memory|      real_op_6|         array|
|real_op_6_ce0           |  out|    1|   ap_memory|      real_op_6|         array|
|real_op_6_we0           |  out|    1|   ap_memory|      real_op_6|         array|
|real_op_6_d0            |  out|   32|   ap_memory|      real_op_6|         array|
|real_op_6_address1      |  out|    7|   ap_memory|      real_op_6|         array|
|real_op_6_ce1           |  out|    1|   ap_memory|      real_op_6|         array|
|real_op_6_q1            |   in|   32|   ap_memory|      real_op_6|         array|
|real_op_7_address0      |  out|    7|   ap_memory|      real_op_7|         array|
|real_op_7_ce0           |  out|    1|   ap_memory|      real_op_7|         array|
|real_op_7_we0           |  out|    1|   ap_memory|      real_op_7|         array|
|real_op_7_d0            |  out|   32|   ap_memory|      real_op_7|         array|
|real_op_7_address1      |  out|    7|   ap_memory|      real_op_7|         array|
|real_op_7_ce1           |  out|    1|   ap_memory|      real_op_7|         array|
|real_op_7_q1            |   in|   32|   ap_memory|      real_op_7|         array|
|imag_op_0_address0      |  out|    7|   ap_memory|      imag_op_0|         array|
|imag_op_0_ce0           |  out|    1|   ap_memory|      imag_op_0|         array|
|imag_op_0_we0           |  out|    1|   ap_memory|      imag_op_0|         array|
|imag_op_0_d0            |  out|   32|   ap_memory|      imag_op_0|         array|
|imag_op_0_address1      |  out|    7|   ap_memory|      imag_op_0|         array|
|imag_op_0_ce1           |  out|    1|   ap_memory|      imag_op_0|         array|
|imag_op_0_q1            |   in|   32|   ap_memory|      imag_op_0|         array|
|imag_op_1_address0      |  out|    7|   ap_memory|      imag_op_1|         array|
|imag_op_1_ce0           |  out|    1|   ap_memory|      imag_op_1|         array|
|imag_op_1_we0           |  out|    1|   ap_memory|      imag_op_1|         array|
|imag_op_1_d0            |  out|   32|   ap_memory|      imag_op_1|         array|
|imag_op_1_address1      |  out|    7|   ap_memory|      imag_op_1|         array|
|imag_op_1_ce1           |  out|    1|   ap_memory|      imag_op_1|         array|
|imag_op_1_q1            |   in|   32|   ap_memory|      imag_op_1|         array|
|imag_op_2_address0      |  out|    7|   ap_memory|      imag_op_2|         array|
|imag_op_2_ce0           |  out|    1|   ap_memory|      imag_op_2|         array|
|imag_op_2_we0           |  out|    1|   ap_memory|      imag_op_2|         array|
|imag_op_2_d0            |  out|   32|   ap_memory|      imag_op_2|         array|
|imag_op_2_address1      |  out|    7|   ap_memory|      imag_op_2|         array|
|imag_op_2_ce1           |  out|    1|   ap_memory|      imag_op_2|         array|
|imag_op_2_q1            |   in|   32|   ap_memory|      imag_op_2|         array|
|imag_op_3_address0      |  out|    7|   ap_memory|      imag_op_3|         array|
|imag_op_3_ce0           |  out|    1|   ap_memory|      imag_op_3|         array|
|imag_op_3_we0           |  out|    1|   ap_memory|      imag_op_3|         array|
|imag_op_3_d0            |  out|   32|   ap_memory|      imag_op_3|         array|
|imag_op_3_address1      |  out|    7|   ap_memory|      imag_op_3|         array|
|imag_op_3_ce1           |  out|    1|   ap_memory|      imag_op_3|         array|
|imag_op_3_q1            |   in|   32|   ap_memory|      imag_op_3|         array|
|imag_op_4_address0      |  out|    7|   ap_memory|      imag_op_4|         array|
|imag_op_4_ce0           |  out|    1|   ap_memory|      imag_op_4|         array|
|imag_op_4_we0           |  out|    1|   ap_memory|      imag_op_4|         array|
|imag_op_4_d0            |  out|   32|   ap_memory|      imag_op_4|         array|
|imag_op_4_address1      |  out|    7|   ap_memory|      imag_op_4|         array|
|imag_op_4_ce1           |  out|    1|   ap_memory|      imag_op_4|         array|
|imag_op_4_q1            |   in|   32|   ap_memory|      imag_op_4|         array|
|imag_op_5_address0      |  out|    7|   ap_memory|      imag_op_5|         array|
|imag_op_5_ce0           |  out|    1|   ap_memory|      imag_op_5|         array|
|imag_op_5_we0           |  out|    1|   ap_memory|      imag_op_5|         array|
|imag_op_5_d0            |  out|   32|   ap_memory|      imag_op_5|         array|
|imag_op_5_address1      |  out|    7|   ap_memory|      imag_op_5|         array|
|imag_op_5_ce1           |  out|    1|   ap_memory|      imag_op_5|         array|
|imag_op_5_q1            |   in|   32|   ap_memory|      imag_op_5|         array|
|imag_op_6_address0      |  out|    7|   ap_memory|      imag_op_6|         array|
|imag_op_6_ce0           |  out|    1|   ap_memory|      imag_op_6|         array|
|imag_op_6_we0           |  out|    1|   ap_memory|      imag_op_6|         array|
|imag_op_6_d0            |  out|   32|   ap_memory|      imag_op_6|         array|
|imag_op_6_address1      |  out|    7|   ap_memory|      imag_op_6|         array|
|imag_op_6_ce1           |  out|    1|   ap_memory|      imag_op_6|         array|
|imag_op_6_q1            |   in|   32|   ap_memory|      imag_op_6|         array|
|imag_op_7_address0      |  out|    7|   ap_memory|      imag_op_7|         array|
|imag_op_7_ce0           |  out|    1|   ap_memory|      imag_op_7|         array|
|imag_op_7_we0           |  out|    1|   ap_memory|      imag_op_7|         array|
|imag_op_7_d0            |  out|   32|   ap_memory|      imag_op_7|         array|
|imag_op_7_address1      |  out|    7|   ap_memory|      imag_op_7|         array|
|imag_op_7_ce1           |  out|    1|   ap_memory|      imag_op_7|         array|
|imag_op_7_q1            |   in|   32|   ap_memory|      imag_op_7|         array|
+------------------------+-----+-----+------------+---------------+--------------+

